10-24 22:36:59.586  4044  4044 D CLog    : [BluetoothDevicesFragment.java:444::restoreFocus]: find last focus item = WUDONG(6C:20)
10-24 22:36:59.588  4044  4044 D CLog    : [MenuInfoFragment.java:195::onChildFocusChanged]: onChildFocusChanged: mLastFocusMenuId=WUDONG(6C:20)
10-24 22:36:59.590  4044  4044 W CLog    : [BluetoothDevicesFragment.java:460::restoreFocus]: finalFocusItem = WUDONG(6C:20)
10-24 22:36:59.590  4044  4044 E CLog    : [BluetoothDevicesFragment.java:618::reloadDevices]: refresh time : 110ms
10-24 22:36:59.593  7101  7123 D bt_btif_config: btif_get_device_type: Device [5c:ea:1d:58:ee:52] type 1
10-24 22:36:59.594  7101  7123 W BluetoothRemoteDevices: Skip name update for 5C:EA:1D:58:EE:52
10-24 22:36:59.594  7101  7123 W BluetoothRemoteDevices: Skip class update for 5C:EA:1D:58:EE:52
10-24 22:36:59.626  2717  2907 E hwcomposer: HWComposerDisplayHalMiOsd::hwcMiDisplay: MI_OSD_LayerSetAttr E_MI_OSD_ATTR_TYPE_AUTO_DETECT_BUFFER failed, handle: 0, Error[0x7]: MI_ERR_INVALID_HANDLE !!!, line=[1121].
10-24 22:36:59.643  2717  2907 I chatty  : uid=1000(system) graphic_mi_work identical 1 line
10-24 22:36:59.660  2717  2907 E hwcomposer: HWComposerDisplayHalMiOsd::hwcMiDisplay: MI_OSD_LayerSetAttr E_MI_OSD_ATTR_TYPE_AUTO_DETECT_BUFFER failed, handle: 0, Error[0x7]: MI_ERR_INVALID_HANDLE !!!, line=[1121].
10-24 22:36:59.666  4044  4044 D ReflectMethodUtil: invokeMethodWithoutParam: target=F0:79:E8:2E:8F:12,methodName=getAliasName,staticMethod=false,needReturnValue=true
10-24 22:36:59.672  4044  4044 W CLog    : [BluetoothDevicesFragment.java:646::onDeviceAdded]: device: F0:79:E8:2E:8F:12
10-24 22:36:59.672  4044  4044 D BluetoothEventManager: DeviceFoundHandler created new CachedBluetoothDevice: F0:79:E8:2E:8F:12
10-24 22:36:59.672  4044  4044 D CLog    : [BluetoothDevicesFragment.java:97::handleMessage]: msg.what = 2
10-24 22:36:59.672  4044  4044 D CLog    : [BluetoothDevicesFragment.java:97::handleMessage]: msg.what = 5
10-24 22:36:59.675  3383  3841 D BluetoothEventManager: DeviceFoundHandler created new CachedBluetoothDevice: F0:79:E8:2E:8F:12
10-24 22:36:59.677  2717  2907 E hwcomposer: HWComposerDisplayHalMiOsd::hwcMiDisplay: MI_OSD_LayerSetAttr E_MI_OSD_ATTR_TYPE_AUTO_DETECT_BUFFER failed, handle: 0, Error[0x7]: MI_ERR_INVALID_HANDLE !!!, line=[1121].
10-24 22:36:59.743  2717  2907 I chatty  : uid=1000(system) graphic_mi_work identical 4 lines
10-24 22:36:59.760  2717  2907 E hwcomposer: HWComposerDisplayHalMiOsd::hwcMiDisplay: MI_OSD_LayerSetAttr E_MI_OSD_ATTR_TYPE_AUTO_DETECT_BUFFER failed, handle: 0, Error[0x7]: MI_ERR_INVALID_HANDLE !!!, line=[1121].
10-24 22:36:59.773  4044  4044 D CLog    : [BluetoothDevicesFragment.java:97::handleMessage]: msg.what = 5
10-24 22:36:59.774  4044  4044 W CLog    : [BluetoothDevicesFragment.java:479::loadMenuInfos]: isBluetoothEnable = true
10-24 22:36:59.775  4044  4044 I CLog    : [BluetoothDevicesFragment.java:584::deviceToMenuInfo]: reuse BluetoothMenuInfo for BDP-S6700(EE:52) from cache, MenuItem = com.cvte.settings.fragment.BluetoothDevicesFragment$TextButtonBluetoothDevice@af8e560
10-24 22:36:59.776  2717  2907 E hwcomposer: HWComposerDisplayHalMiOsd::hwcMiDisplay: MI_OSD_LayerSetAttr E_MI_OSD_ATTR_TYPE_AUTO_DETECT_BUFFER failed, handle: 0, Error[0x7]: MI_ERR_INVALID_HANDLE !!!, line=[1121].
10-24 22:36:59.777  4044  4044 I CLog    : [BluetoothDevicesFragment.java:584::deviceToMenuInfo]: reuse BluetoothMenuInfo for WUDONG(6C:20) from cache, MenuItem = com.cvte.settings.fragment.BluetoothDevicesFragment$TextButtonBluetoothDevice@56733c7
10-24 22:36:59.779  4044  4044 I CLog    : [BluetoothDevicesFragment.java:584::deviceToMenuInfo]: reuse BluetoothMenuInfo for 3C:6A:A7:C4:35:14 from cache, MenuItem = com.cvte.settings.fragment.BluetoothDevicesFragment$TextButtonBluetoothDevice@b2ce792
10-24 22:36:59.781  4044  4044 I CLog    : [BluetoothDevicesFragment.java:584::deviceToMenuInfo]: reuse BluetoothMenuInfo for IT00035378(5D:57) from cache, MenuItem = com.cvte.settings.fragment.BluetoothDevicesFragment$TextButtonBluetoothDevice@cdc3ed5
10-24 22:36:59.782  4044  4044 I CLog    : [BluetoothDevicesFragment.java:584::deviceToMenuInfo]: reuse BluetoothMenuInfo for [TV] Samsung LTREF 49 TV(EE:BF) from cache, MenuItem = com.cvte.settings.fragment.BluetoothDevicesFragment$TextButtonBluetoothDevice@ae20078
10-24 22:36:59.784  4044  4044 I CLog    : [BluetoothDevicesFragment.java:584::deviceToMenuInfo]: reuse BluetoothMenuInfo for Mi 11 Ultra(54:D2) from cache, MenuItem = com.cvte.settings.fragment.BluetoothDevicesFragment$TextButtonBluetoothDevice@518c78e
10-24 22:36:59.786  4044  4044 I CLog    : [BluetoothDevicesFragment.java:584::deviceToMenuInfo]: reuse BluetoothMenuInfo for D4:9E:3B:C5:52:87 from cache, MenuItem = com.cvte.settings.fragment.BluetoothDevicesFragment$TextButtonBluetoothDevice@b7fbf62
10-24 22:36:59.788  4044  4044 I CLog    : [BluetoothDevicesFragment.java:584::deviceToMenuInfo]: reuse BluetoothMenuInfo for [TV] Samsung LTREF 49 TV(F7:3B) from cache, MenuItem = com.cvte.settings.fragment.BluetoothDevicesFragment$TextButtonBluetoothDevice@91e738d
10-24 22:36:59.790  4044  4044 I CLog    : [BluetoothDevicesFragment.java:584::deviceToMenuInfo]: reuse BluetoothMenuInfo for IT00009071(8D:1F) from cache, MenuItem = com.cvte.settings.fragment.BluetoothDevicesFragment$TextButtonBluetoothDevice@a1d1a19
10-24 22:36:59.792  4044  4044 D CLog    : [MenuInfoFragment.java:195::onChildFocusChanged]: onChildFocusChanged: mLastFocusMenuId=SwitchBluetoothEnable
10-24 22:36:59.793  2717  2907 E hwcomposer: HWComposerDisplayHalMiOsd::hwcMiDisplay: MI_OSD_LayerSetAttr E_MI_OSD_ATTR_TYPE_AUTO_DETECT_BUFFER failed, handle: 0, Error[0x7]: MI_ERR_INVALID_HANDLE !!!, line=[1121].
10-24 22:36:59.793  4044  4044 I CLog    : [BluetoothDevicesFragment.java:584::deviceToMenuInfo]: reuse BluetoothMenuInfo for A4:45:19:21:46:41 from cache, MenuItem = com.cvte.settings.fragment.BluetoothDevicesFragment$TextButtonBluetoothDevice@785c106
10-24 22:36:59.795  4044  4044 I CLog    : [BluetoothDevicesFragment.java:584::deviceToMenuInfo]: reuse BluetoothMenuInfo for 90:F0:52:71:C8:04 from cache, MenuItem = com.cvte.settings.fragment.BluetoothDevicesFragment$TextButtonBluetoothDevice@1a1ddf4
10-24 22:36:59.796  4044  4044 I CLog    : [BluetoothDevicesFragment.java:584::deviceToMenuInfo]: reuse BluetoothMenuInfo for F0:79:E8:2E:8F:12 from cache, MenuItem = com.cvte.settings.fragment.BluetoothDevicesFragment$TextButtonBluetoothDevice@4adeade
10-24 22:36:59.799  4044  4044 D CLog    : [BluetoothDevicesFragment.java:211::isDiscoverying]: isDiscovering() true
10-24 22:36:59.802  4044  4044 W CLog    : [BluetoothRcUtil.java:11::isKnownRemoteControl]: device is BDP-S6700
10-24 22:36:59.802  4044  4044 W CLog    : [PropertiesUtil.java:183::op_bluetooth_remote_controls]: RemoteB017,BT_Smart_RC001
10-24 22:36:59.805  4044  4044 D ReflectMethodUtil: invokeMethodWithoutParam: target=80424,methodName=doesClassMatch,staticMethod=false,needReturnValue=true
10-24 22:36:59.805  4044  4044 D ReflectMethodUtil: invokeMethodWithoutParam: target=80424,methodName=doesClassMatch,staticMethod=false,needReturnValue=true
10-24 22:36:59.807  4044  4044 D CLog    : [BluetoothDevicesFragment.java:742::onViewCreated]: BDP-S6700(EE:52) battery is gone
10-24 22:36:59.809  4044  4044 W CLog    : [BluetoothRcUtil.java:11::isKnownRemoteControl]: device is WUDONG
10-24 22:36:59.809  4044  4044 W CLog    : [PropertiesUtil.java:183::op_bluetooth_remote_controls]: RemoteB017,BT_Smart_RC001
10-24 22:36:59.810  2717  2907 E hwcomposer: HWComposerDisplayHalMiOsd::hwcMiDisplay: MI_OSD_LayerSetAttr E_MI_OSD_ATTR_TYPE_AUTO_DETECT_BUFFER failed, handle: 0, Error[0x7]: MI_ERR_INVALID_HANDLE !!!, line=[1121].
10-24 22:36:59.812  4044  4044 D CLog    : [BluetoothDevicesFragment.java:742::onViewCreated]: WUDONG(6C:20) battery is gone
10-24 22:36:59.814  4044  4044 W CLog    : [BluetoothRcUtil.java:11::isKnownRemoteControl]: device is null
10-24 22:36:59.814  4044  4044 W CLog    : [PropertiesUtil.java:183::op_bluetooth_remote_controls]: RemoteB017,BT_Smart_RC001
10-24 22:36:59.816  4044  4044 D CLog    : [BluetoothDevicesFragment.java:742::onViewCreated]: 3C:6A:A7:C4:35:14 battery is gone
10-24 22:36:59.818  4044  4044 W CLog    : [BluetoothRcUtil.java:11::isKnownRemoteControl]: device is IT00035378
10-24 22:36:59.818  4044  4044 W CLog    : [PropertiesUtil.java:183::op_bluetooth_remote_controls]: RemoteB017,BT_Smart_RC001
10-24 22:36:59.821  4044  4044 D CLog    : [BluetoothDevicesFragment.java:742::onViewCreated]: IT00035378(5D:57) battery is gone
10-24 22:36:59.823  4044  4044 W CLog    : [BluetoothRcUtil.java:11::isKnownRemoteControl]: device is [TV] Samsung LTREF 49 TV
10-24 22:36:59.823  4044  4044 W CLog    : [PropertiesUtil.java:183::op_bluetooth_remote_controls]: RemoteB017,BT_Smart_RC001
10-24 22:36:59.825  4044  4044 D ReflectMethodUtil: invokeMethodWithoutParam: target=c043c,methodName=doesClassMatch,staticMethod=false,needReturnValue=true
10-24 22:36:59.826  4044  4044 D CLog    : [BluetoothDevicesFragment.java:742::onViewCreated]: [TV] Samsung LTREF 49 TV(EE:BF) battery is gone
10-24 22:36:59.828  4044  4044 W CLog    : [BluetoothRcUtil.java:11::isKnownRemoteControl]: device is Mi 11 Ultra
10-24 22:36:59.829  4044  4044 W CLog    : [PropertiesUtil.java:183::op_bluetooth_remote_controls]: RemoteB017,BT_Smart_RC001
10-24 22:36:59.831  4044  4044 D CLog    : [BluetoothDevicesFragment.java:742::onViewCreated]: Mi 11 Ultra(54:D2) battery is gone
10-24 22:36:59.833  4044  4044 W CLog    : [BluetoothRcUtil.java:11::isKnownRemoteControl]: device is null
10-24 22:36:59.833  4044  4044 W CLog    : [PropertiesUtil.java:183::op_bluetooth_remote_controls]: RemoteB017,BT_Smart_RC001
10-24 22:36:59.834  4044  4044 D ReflectMethodUtil: invokeMethodWithoutParam: target=2c043c,methodName=doesClassMatch,staticMethod=false,needReturnValue=true
10-24 22:36:59.835  4044  4044 D CLog    : [BluetoothDevicesFragment.java:742::onViewCreated]: D4:9E:3B:C5:52:87 battery is gone
10-24 22:36:59.837  4044  4044 W CLog    : [BluetoothRcUtil.java:11::isKnownRemoteControl]: device is [TV] Samsung LTREF 49 TV
10-24 22:36:59.838  4044  4044 W CLog    : [PropertiesUtil.java:183::op_bluetooth_remote_controls]: RemoteB017,BT_Smart_RC001
10-24 22:36:59.839  4044  4044 D ReflectMethodUtil: invokeMethodWithoutParam: target=c043c,methodName=doesClassMatch,staticMethod=false,needReturnValue=true
10-24 22:36:59.841  4044  4044 D CLog    : [BluetoothDevicesFragment.java:742::onViewCreated]: [TV] Samsung LTREF 49 TV(F7:3B) battery is gone
10-24 22:36:59.843  4044  4044 W CLog    : [BluetoothRcUtil.java:11::isKnownRemoteControl]: device is IT00009071
10-24 22:36:59.843  4044  4044 W CLog    : [PropertiesUtil.java:183::op_bluetooth_remote_controls]: RemoteB017,BT_Smart_RC001
10-24 22:36:59.845  4044  4044 D CLog    : [BluetoothDevicesFragment.java:742::onViewCreated]: IT00009071(8D:1F) battery is gone
10-24 22:36:59.847  4044  4044 W CLog    : [BluetoothRcUtil.java:11::isKnownRemoteControl]: device is null
10-24 22:36:59.848  4044  4044 W CLog    : [PropertiesUtil.java:183::op_bluetooth_remote_controls]: RemoteB017,BT_Smart_RC001
10-24 22:36:59.849  4044  4044 D CLog    : [BluetoothDevicesFragment.java:742::onViewCreated]: A4:45:19:21:46:41 battery is gone
10-24 22:36:59.851  4044  4044 W CLog    : [BluetoothRcUtil.java:11::isKnownRemoteControl]: device is null
10-24 22:36:59.851  4044  4044 W CLog    : [PropertiesUtil.java:183::op_bluetooth_remote_controls]: RemoteB017,BT_Smart_RC001
10-24 22:36:59.853  4044  4044 D CLog    : [BluetoothDevicesFragment.java:742::onViewCreated]: 90:F0:52:71:C8:04 battery is gone
10-24 22:36:59.855  4044  4044 W CLog    : [BluetoothRcUtil.java:11::isKnownRemoteControl]: device is null
10-24 22:36:59.855  4044  4044 W CLog    : [PropertiesUtil.java:183::op_bluetooth_remote_controls]: RemoteB017,BT_Smart_RC001
10-24 22:36:59.857  4044  4044 D CLog    : [BluetoothDevicesFragment.java:742::onViewCreated]: F0:79:E8:2E:8F:12 battery is gone
10-24 22:36:59.871  4044  4044 D CLog    : [BluetoothDevicesFragment.java:455::restoreFocus]: lastEnableItem = SwitchBluetoothEnable
10-24 22:36:59.871  4044  4044 D CLog    : [BluetoothDevicesFragment.java:455::restoreFocus]: lastEnableItem = TextButtonBluetoothSearchDevice
10-24 22:36:59.873  4044  4044 D CLog    : [BluetoothDevicesFragment.java:455::restoreFocus]: lastEnableItem = BDP-S6700(EE:52)
10-24 22:36:59.876  4044  4044 D CLog    : [BluetoothDevicesFragment.java:444::restoreFocus]: find last focus item = WUDONG(6C:20)
10-24 22:36:59.877  4044  4044 D CLog    : [MenuInfoFragment.java:195::onChildFocusChanged]: onChildFocusChanged: mLastFocusMenuId=WUDONG(6C:20)
10-24 22:36:59.879  4044  4044 W CLog    : [BluetoothDevicesFragment.java:460::restoreFocus]: finalFocusItem = WUDONG(6C:20)
10-24 22:36:59.879  4044  4044 E CLog    : [BluetoothDevicesFragment.java:618::reloadDevices]: refresh time : 106ms
10-24 22:36:59.909  2717  2907 E hwcomposer: HWComposerDisplayHalMiOsd::hwcMiDisplay: MI_OSD_LayerSetAttr E_MI_OSD_ATTR_TYPE_AUTO_DETECT_BUFFER failed, handle: 0, Error[0x7]: MI_ERR_INVALID_HANDLE !!!, line=[1121].
10-24 22:37:00.002  3188  3188 I AlarmManager: Change Wakeup Alarm type to non Wakeup type, current type=[3] packageName = android @687685 and next wakeup alarm is @Sun Oct 24 22:26:32 GMT+05:30 2021
10-24 22:37:00.002  3188  3188 I AlarmManager: Setting Wakeup Alarm type[3] for android @687685 and next wakeup alarm is @Sun Oct 24 22:26:32 GMT+05:30 2021
10-24 22:36:59.976  2717  2907 I chatty  : uid=1000(system) graphic_mi_work identical 4 lines
10-24 22:36:59.993  2717  2907 E hwcomposer: HWComposerDisplayHalMiOsd::hwcMiDisplay: MI_OSD_LayerSetAttr E_MI_OSD_ATTR_TYPE_AUTO_DETECT_BUFFER failed, handle: 0, Error[0x7]: MI_ERR_INVALID_HANDLE !!!, line=[1121].
10-24 22:37:00.003  2806  2806 D MTK_KL  : 3,6244,627687425,-;wakeup_source_activate by [timerfd] be return~
10-24 22:37:00.003  2806  2806 D MTK_KL  : 3,6245,627687447,-;wakeup_source_activate by [timerfd] be return~
10-24 22:37:00.010  2717  2907 E hwcomposer: HWComposerDisplayHalMiOsd::hwcMiDisplay: MI_OSD_LayerSetAttr E_MI_OSD_ATTR_TYPE_AUTO_DETECT_BUFFER failed, handle: 0, Error[0x7]: MI_ERR_INVALID_HANDLE !!!, line=[1121].
10-24 22:37:00.126  2717  2907 I chatty  : uid=1000(system) graphic_mi_work identical 7 lines
10-24 22:37:00.143  2717  2907 E hwcomposer: HWComposerDisplayHalMiOsd::hwcMiDisplay: MI_OSD_LayerSetAttr E_MI_OSD_ATTR_TYPE_AUTO_DETECT_BUFFER failed, handle: 0, Error[0x7]: MI_ERR_INVALID_HANDLE !!!, line=[1121].
10-24 22:37:00.154  4044  4044 D ReflectMethodUtil: invokeMethodWithoutParam: target=0C:96:E6:5E:6C:02,methodName=getAliasName,staticMethod=false,needReturnValue=true
10-24 22:37:00.160  2717  2907 E hwcomposer: HWComposerDisplayHalMiOsd::hwcMiDisplay: MI_OSD_LayerSetAttr E_MI_OSD_ATTR_TYPE_AUTO_DETECT_BUFFER failed, handle: 0, Error[0x7]: MI_ERR_INVALID_HANDLE !!!, line=[1121].
10-24 22:37:00.162  4044  4044 W CLog    : [BluetoothDevicesFragment.java:646::onDeviceAdded]: device: (6C:02)
10-24 22:37:00.162  4044  4044 D BluetoothEventManager: DeviceFoundHandler created new CachedBluetoothDevice: 0C:96:E6:5E:6C:02
10-24 22:37:00.162  4044  4044 D CLog    : [BluetoothDevicesFragment.java:97::handleMessage]: msg.what = 2
10-24 22:37:00.163  4044  4044 D CLog    : [BluetoothDevicesFragment.java:97::handleMessage]: msg.what = 5
10-24 22:37:00.164  4044  4044 W CLog    : [BluetoothDevicesFragment.java:479::loadMenuInfos]: isBluetoothEnable = true
10-24 22:37:00.165  4044  4044 I CLog    : [BluetoothDevicesFragment.java:584::deviceToMenuInfo]: reuse BluetoothMenuInfo for BDP-S6700(EE:52) from cache, MenuItem = com.cvte.settings.fragment.BluetoothDevicesFragment$TextButtonBluetoothDevice@4adeade
10-24 22:37:00.165  3383  3841 D BluetoothEventManager: DeviceFoundHandler created new CachedBluetoothDevice: 0C:96:E6:5E:6C:02
10-24 22:37:00.167  4044  4044 I CLog    : [BluetoothDevicesFragment.java:584::deviceToMenuInfo]: reuse BluetoothMenuInfo for WUDONG(6C:20) from cache, MenuItem = com.cvte.settings.fragment.BluetoothDevicesFragment$TextButtonBluetoothDevice@1a1ddf4
10-24 22:37:00.169  4044  4044 I CLog    : [BluetoothDevicesFragment.java:584::deviceToMenuInfo]: reuse BluetoothMenuInfo for 3C:6A:A7:C4:35:14 from cache, MenuItem = com.cvte.settings.fragment.BluetoothDevicesFragment$TextButtonBluetoothDevice@785c106
10-24 22:37:00.172  4044  4044 I CLog    : [BluetoothDevicesFragment.java:584::deviceToMenuInfo]: reuse BluetoothMenuInfo for IT00035378(5D:57) from cache, MenuItem = com.cvte.settings.fragment.BluetoothDevicesFragment$TextButtonBluetoothDevice@a1d1a19
10-24 22:37:00.174  4044  4044 I CLog    : [BluetoothDevicesFragment.java:584::deviceToMenuInfo]: reuse BluetoothMenuInfo for [TV] Samsung LTREF 49 TV(EE:BF) from cache, MenuItem = com.cvte.settings.fragment.BluetoothDevicesFragment$TextButtonBluetoothDevice@91e738d
10-24 22:37:00.176  4044  4044 I CLog    : [BluetoothDevicesFragment.java:584::deviceToMenuInfo]: reuse BluetoothMenuInfo for Mi 11 Ultra(54:D2) from cache, MenuItem = com.cvte.settings.fragment.BluetoothDevicesFragment$TextButtonBluetoothDevice@b7fbf62
10-24 22:37:00.177  2717  2907 E hwcomposer: HWComposerDisplayHalMiOsd::hwcMiDisplay: MI_OSD_LayerSetAttr E_MI_OSD_ATTR_TYPE_AUTO_DETECT_BUFFER failed, handle: 0, Error[0x7]: MI_ERR_INVALID_HANDLE !!!, line=[1121].
10-24 22:37:00.177  4044  4044 I CLog    : [BluetoothDevicesFragment.java:584::deviceToMenuInfo]: reuse BluetoothMenuInfo for D4:9E:3B:C5:52:87 from cache, MenuItem = com.cvte.settings.fragment.BluetoothDevicesFragment$TextButtonBluetoothDevice@518c78e
10-24 22:37:00.179  4044  4044 I CLog    : [BluetoothDevicesFragment.java:584::deviceToMenuInfo]: reuse BluetoothMenuInfo for [TV] Samsung LTREF 49 TV(F7:3B) from cache, MenuItem = com.cvte.settings.fragment.BluetoothDevicesFragment$TextButtonBluetoothDevice@ae20078
10-24 22:37:00.182  4044  4044 I CLog    : [BluetoothDevicesFragment.java:584::deviceToMenuInfo]: reuse BluetoothMenuInfo for IT00009071(8D:1F) from cache, MenuItem = com.cvte.settings.fragment.BluetoothDevicesFragment$TextButtonBluetoothDevice@cdc3ed5
10-24 22:37:00.183  4044  4044 I CLog    : [BluetoothDevicesFragment.java:584::deviceToMenuInfo]: reuse BluetoothMenuInfo for A4:45:19:21:46:41 from cache, MenuItem = com.cvte.settings.fragment.BluetoothDevicesFragment$TextButtonBluetoothDevice@b2ce792
10-24 22:37:00.185  4044  4044 D CLog    : [MenuInfoFragment.java:195::onChildFocusChanged]: onChildFocusChanged: mLastFocusMenuId=SwitchBluetoothEnable
10-24 22:37:00.186  4044  4044 I CLog    : [BluetoothDevicesFragment.java:584::deviceToMenuInfo]: reuse BluetoothMenuInfo for 90:F0:52:71:C8:04 from cache, MenuItem = com.cvte.settings.fragment.BluetoothDevicesFragment$TextButtonBluetoothDevice@56733c7
10-24 22:37:00.187  4044  4044 I CLog    : [BluetoothDevicesFragment.java:584::deviceToMenuInfo]: reuse BluetoothMenuInfo for F0:79:E8:2E:8F:12 from cache, MenuItem = com.cvte.settings.fragment.BluetoothDevicesFragment$TextButtonBluetoothDevice@af8e560
10-24 22:37:00.189  4044  4044 I CLog    : [BluetoothDevicesFragment.java:584::deviceToMenuInfo]: reuse BluetoothMenuInfo for (6C:02) from cache, MenuItem = com.cvte.settings.fragment.BluetoothDevicesFragment$TextButtonBluetoothDevice@4c7fddb
10-24 22:37:00.192  4044  4044 D CLog    : [BluetoothDevicesFragment.java:211::isDiscoverying]: isDiscovering() true
10-24 22:37:00.195  4044  4044 W CLog    : [BluetoothRcUtil.java:11::isKnownRemoteControl]: device is BDP-S6700
10-24 22:37:00.195  4044  4044 W CLog    : [PropertiesUtil.java:183::op_bluetooth_remote_controls]: RemoteB017,BT_Smart_RC001
10-24 22:37:00.196  4044  4044 D ReflectMethodUtil: invokeMethodWithoutParam: target=80424,methodName=doesClassMatch,staticMethod=false,needReturnValue=true
10-24 22:37:00.196  4044  4044 D ReflectMethodUtil: invokeMethodWithoutParam: target=80424,methodName=doesClassMatch,staticMethod=false,needReturnValue=true
10-24 22:37:00.198  4044  4044 D CLog    : [BluetoothDevicesFragment.java:742::onViewCreated]: BDP-S6700(EE:52) battery is gone
10-24 22:37:00.200  4044  4044 W CLog    : [BluetoothRcUtil.java:11::isKnownRemoteControl]: device is WUDONG
10-24 22:37:00.200  4044  4044 W CLog    : [PropertiesUtil.java:183::op_bluetooth_remote_controls]: RemoteB017,BT_Smart_RC001
10-24 22:37:00.203  4044  4044 D CLog    : [BluetoothDevicesFragment.java:742::onViewCreated]: WUDONG(6C:20) battery is gone
10-24 22:37:00.205  4044  4044 W CLog    : [BluetoothRcUtil.java:11::isKnownRemoteControl]: device is null
10-24 22:37:00.205  4044  4044 W CLog    : [PropertiesUtil.java:183::op_bluetooth_remote_controls]: RemoteB017,BT_Smart_RC001
10-24 22:37:00.207  4044  4044 D CLog    : [BluetoothDevicesFragment.java:742::onViewCreated]: 3C:6A:A7:C4:35:14 battery is gone
10-24 22:37:00.209  4044  4044 W CLog    : [BluetoothRcUtil.java:11::isKnownRemoteControl]: device is IT00035378
10-24 22:37:00.209  4044  4044 W CLog    : [PropertiesUtil.java:183::op_bluetooth_remote_controls]: RemoteB017,BT_Smart_RC001
10-24 22:37:00.212  4044  4044 D CLog    : [BluetoothDevicesFragment.java:742::onViewCreated]: IT00035378(5D:57) battery is gone
10-24 22:37:00.214  4044  4044 W CLog    : [BluetoothRcUtil.java:11::isKnownRemoteControl]: device is [TV] Samsung LTREF 49 TV
10-24 22:37:00.214  4044  4044 W CLog    : [PropertiesUtil.java:183::op_bluetooth_remote_controls]: RemoteB017,BT_Smart_RC001
10-24 22:37:00.215  4044  4044 D ReflectMethodUtil: invokeMethodWithoutParam: target=c043c,methodName=doesClassMatch,staticMethod=false,needReturnValue=true
10-24 22:37:00.217  4044  4044 D CLog    : [BluetoothDevicesFragment.java:742::onViewCreated]: [TV] Samsung LTREF 49 TV(EE:BF) battery is gone
10-24 22:37:00.219  4044  4044 W CLog    : [BluetoothRcUtil.java:11::isKnownRemoteControl]: device is Mi 11 Ultra
10-24 22:37:00.219  4044  4044 W CLog    : [PropertiesUtil.java:183::op_bluetooth_remote_controls]: RemoteB017,BT_Smart_RC001
10-24 22:37:00.222  4044  4044 D CLog    : [BluetoothDevicesFragment.java:742::onViewCreated]: Mi 11 Ultra(54:D2) battery is gone
10-24 22:37:00.223  4044  4044 W CLog    : [BluetoothRcUtil.java:11::isKnownRemoteControl]: device is null
10-24 22:37:00.223  4044  4044 W CLog    : [PropertiesUtil.java:183::op_bluetooth_remote_controls]: RemoteB017,BT_Smart_RC001
10-24 22:37:00.225  4044  4044 D ReflectMethodUtil: invokeMethodWithoutParam: target=2c043c,methodName=doesClassMatch,staticMethod=false,needReturnValue=true
10-24 22:37:00.226  4044  4044 D CLog    : [BluetoothDevicesFragment.java:742::onViewCreated]: D4:9E:3B:C5:52:87 battery is gone
10-24 22:37:00.228  4044  4044 W CLog    : [BluetoothRcUtil.java:11::isKnownRemoteControl]: device is [TV] Samsung LTREF 49 TV
10-24 22:37:00.228  4044  4044 W CLog    : [PropertiesUtil.java:183::op_bluetooth_remote_controls]: RemoteB017,BT_Smart_RC001
10-24 22:37:00.230  4044  4044 D ReflectMethodUtil: invokeMethodWithoutParam: target=c043c,methodName=doesClassMatch,staticMethod=false,needReturnValue=true
10-24 22:37:00.231  4044  4044 D CLog    : [BluetoothDevicesFragment.java:742::onViewCreated]: [TV] Samsung LTREF 49 TV(F7:3B) battery is gone
10-24 22:37:00.234  4044  4044 W CLog    : [BluetoothRcUtil.java:11::isKnownRemoteControl]: device is IT00009071
10-24 22:37:00.234  4044  4044 W CLog    : [PropertiesUtil.java:183::op_bluetooth_remote_controls]: RemoteB017,BT_Smart_RC001
10-24 22:37:00.236  4044  4044 D CLog    : [BluetoothDevicesFragment.java:742::onViewCreated]: IT00009071(8D:1F) battery is gone
10-24 22:37:00.238  4044  4044 W CLog    : [BluetoothRcUtil.java:11::isKnownRemoteControl]: device is null
10-24 22:37:00.238  4044  4044 W CLog    : [PropertiesUtil.java:183::op_bluetooth_remote_controls]: RemoteB017,BT_Smart_RC001
10-24 22:37:00.241  4044  4044 D CLog    : [BluetoothDevicesFragment.java:742::onViewCreated]: A4:45:19:21:46:41 battery is gone
10-24 22:37:00.242  4044  4044 W CLog    : [BluetoothRcUtil.java:11::isKnownRemoteControl]: device is null
10-24 22:37:00.243  4044  4044 W CLog    : [PropertiesUtil.java:183::op_bluetooth_remote_controls]: RemoteB017,BT_Smart_RC001
10-24 22:37:00.245  4044  4044 D CLog    : [BluetoothDevicesFragment.java:742::onViewCreated]: 90:F0:52:71:C8:04 battery is gone
10-24 22:37:00.246  4044  4044 W CLog    : [BluetoothRcUtil.java:11::isKnownRemoteControl]: device is null
10-24 22:37:00.247  4044  4044 W CLog    : [PropertiesUtil.java:183::op_bluetooth_remote_controls]: RemoteB017,BT_Smart_RC001
10-24 22:37:00.249  4044  4044 D CLog    : [BluetoothDevicesFragment.java:742::onViewCreated]: F0:79:E8:2E:8F:12 battery is gone
10-24 22:37:00.251  4044  4044 W CLog    : [BluetoothRcUtil.java:11::isKnownRemoteControl]: device is 
10-24 22:37:00.251  4044  4044 W CLog    : [PropertiesUtil.java:183::op_bluetooth_remote_controls]: RemoteB017,BT_Smart_RC001
10-24 22:37:00.255  4044  4044 D ReflectMethodUtil: invokeMethodWithoutParam: target=80424,methodName=doesClassMatch,staticMethod=false,needReturnValue=true
10-24 22:37:00.255  4044  4044 D ReflectMethodUtil: invokeMethodWithoutParam: target=80424,methodName=doesClassMatch,staticMethod=false,needReturnValue=true
10-24 22:37:00.257  4044  4044 D CLog    : [BluetoothDevicesFragment.java:742::onViewCreated]: (6C:02) battery is gone
10-24 22:37:00.271  4044  4044 D CLog    : [BluetoothDevicesFragment.java:455::restoreFocus]: lastEnableItem = SwitchBluetoothEnable
10-24 22:37:00.272  4044  4044 D CLog    : [BluetoothDevicesFragment.java:455::restoreFocus]: lastEnableItem = TextButtonBluetoothSearchDevice
10-24 22:37:00.274  4044  4044 D CLog    : [BluetoothDevicesFragment.java:455::restoreFocus]: lastEnableItem = BDP-S6700(EE:52)
10-24 22:37:00.276  4044  4044 D CLog    : [BluetoothDevicesFragment.java:444::restoreFocus]: find last focus item = WUDONG(6C:20)
10-24 22:37:00.278  4044  4044 D CLog    : [MenuInfoFragment.java:195::onChildFocusChanged]: onChildFocusChanged: mLastFocusMenuId=WUDONG(6C:20)
10-24 22:37:00.279  4044  4044 W CLog    : [BluetoothDevicesFragment.java:460::restoreFocus]: finalFocusItem = WUDONG(6C:20)
10-24 22:37:00.279  4044  4044 E CLog    : [BluetoothDevicesFragment.java:618::reloadDevices]: refresh time : 116ms
10-24 22:37:00.309  2717  2907 E hwcomposer: HWComposerDisplayHalMiOsd::hwcMiDisplay: MI_OSD_LayerSetAttr E_MI_OSD_ATTR_TYPE_AUTO_DETECT_BUFFER failed, handle: 0, Error[0x7]: MI_ERR_INVALID_HANDLE !!!, line=[1121].
10-24 22:37:00.843  2717  2907 I chatty  : uid=1000(system) graphic_mi_work identical 32 lines
10-24 22:37:00.860  2717  2907 E hwcomposer: HWComposerDisplayHalMiOsd::hwcMiDisplay: MI_OSD_LayerSetAttr E_MI_OSD_ATTR_TYPE_AUTO_DETECT_BUFFER failed, handle: 0, Error[0x7]: MI_ERR_INVALID_HANDLE !!!, line=[1121].
10-24 22:37:00.872  3625  3692 D TV_MtkTvConfig: Enter getConfigValue, inputGroup=-1, cfgId=g_pip_pop__pip_pop_tv_focus_win
10-24 22:37:00.873  2806  2806 D MTK_KL  : 4,6246,628559122,c;[GLUE][IR]u8KeyCode: 0x006c , u8KeyState: 0x0
10-24 22:37:00.873  3625  3692 D TV_MtkTvConfig: Leave getConfigValue
10-24 22:37:00.873  3625  3692 D TV_MtkTvAVModeBase: isFreeze
10-24 22:37:00.873  3625  3692 D MtkTvAvMode_jni: native_isFreeze
10-24 22:37:00.873  3625  3692 D MtkTvAvMode_jni: native_isFreeze, b_freeze = 0 
10-24 22:37:00.875  3188  3306 D WindowManager: enter interceptKeyBeforeDispatching 1
10-24 22:37:00.875  3188  3306 I WindowManager: cvteInterceptKeyBeforeDispatching Go in event =20
10-24 22:37:00.875  3188  3306 D WindowManager: enter cvteInterceptKeyBeforeDispatching onGlobalKeyEvent
10-24 22:37:00.875  3625  3692 D Evan    : onGlobalKeyEvent keycode=20
10-24 22:37:00.876  3625  3692 I tvapi   : [null::eventTvScanAtvIsScanning:22]: eventTvScanAtvIsScanning bScanning=false
10-24 22:37:00.876  2717  2907 E hwcomposer: HWComposerDisplayHalMiOsd::hwcMiDisplay: MI_OSD_LayerSetAttr E_MI_OSD_ATTR_TYPE_AUTO_DETECT_BUFFER failed, handle: 0, Error[0x7]: MI_ERR_INVALID_HANDLE !!!, line=[1121].
10-24 22:37:00.877  3625  3692 I tvapi   : [null::eventTvScanDtmbIsScanning:22]: eventTvScanDtmbIsScanning bScanning=false
10-24 22:37:00.877  3625  3692 D hotkey  : [null::isFragmentShowing:9]: isFragmentShowing fragments=null 
10-24 22:37:00.877  3625  3692 D hotkey  : [null::handleMapKeyEvent:17]: KeyEvent { action=ACTION_DOWN, keyCode=KEYCODE_DPAD_DOWN, scanCode=108, metaState=0, flags=0x8, repeatCount=0, eventTime=628556, downTime=628556, deviceId=2, source=0x301 }
10-24 22:37:00.878  3625  3692 I tvapi   : [null::st:9]: keyevent SIGNAL_LOST resetTimer
10-24 22:37:00.878  3625  3692 D MtkTvInputSource_jni: native_getCurrentInputSourceName
10-24 22:37:00.878  3625  3692 D MtkTvInputSource_jni: native_getCurrentInputSourceName
10-24 22:37:00.879  2806  2806 D MTK_KL  : 4,6247,628563026,-;led_store 2
10-24 22:37:00.879  3625  3692 I tvapi   : [null::getCurrentSourceTypeName:60]: getCurrentSourceTypeName: currentSourceTypeName: ATV
10-24 22:37:00.879  3625  3692 D MtkTvInputSource_jni: native_getCurrentInputSourceName
10-24 22:37:00.880  3625  3692 I tvapi   : [null::getCurrentSourceTypeName:60]: getCurrentSourceTypeName: currentSourceTypeName: ATV
10-24 22:37:00.880  3625  3692 D MtkTvInputSource_jni: native_getCurrentInputSourceName
10-24 22:37:00.881  3625  3692 I tvapi   : [null::getCurrentSourceTypeName:60]: getCurrentSourceTypeName: currentSourceTypeName: ATV
10-24 22:37:00.881  3625  3692 D MtkTvInputSource_jni: native_getCurrentInputSourceName
10-24 22:37:00.882  3625  3692 I tvapi   : [null::getCurrentSourceTypeName:60]: getCurrentSourceTypeName: currentSourceTypeName: ATV
10-24 22:37:00.883  3589  3832 D CLog    : [null:26::a]: time = -1
10-24 22:37:00.883  3589  3832 D CLog    : [null:0::onTvNotify]: notifySystemSignalLostPowerOffTimeRemaining
10-24 22:37:00.883  3589  3832 D CLog    : [null:4::onTvNotify]: notifySystemSignalLostPowerOffTimeRemaining
10-24 22:37:00.885  3589  3832 D Evan    : handleKeyEvent:20
10-24 22:37:00.887  3188  3306 D WindowManager: onGlobalKeyEvent ret = false
10-24 22:37:00.887  3188  3306 D WindowManager: enter interceptKeyBeforeDispatching 3
10-24 22:37:00.890  4044  4044 D CLog    : [MenuInfoFragment.java:195::onChildFocusChanged]: onChildFocusChanged: mLastFocusMenuId=3C:6A:A7:C4:35:14
10-24 22:37:00.893  2717  2907 E hwcomposer: HWComposerDisplayHalMiOsd::hwcMiDisplay: MI_OSD_LayerSetAttr E_MI_OSD_ATTR_TYPE_AUTO_DETECT_BUFFER failed, handle: 0, Error[0x7]: MI_ERR_INVALID_HANDLE !!!, line=[1121].
10-24 22:37:00.993  2717  2907 I chatty  : uid=1000(system) graphic_mi_work identical 6 lines
10-24 22:37:01.010  2717  2907 E hwcomposer: HWComposerDisplayHalMiOsd::hwcMiDisplay: MI_OSD_LayerSetAttr E_MI_OSD_ATTR_TYPE_AUTO_DETECT_BUFFER failed, handle: 0, Error[0x7]: MI_ERR_INVALID_HANDLE !!!, line=[1121].
10-24 22:37:01.017  7101  7123 D bt_btif_config: btif_get_device_type: Device [3c:6a:a7:c4:35:14] type 1
10-24 22:37:01.018  7101  7123 W BluetoothRemoteDevices: Skip class update for 3C:6A:A7:C4:35:14
10-24 22:37:01.026  2717  2907 E hwcomposer: HWComposerDisplayHalMiOsd::hwcMiDisplay: MI_OSD_LayerSetAttr E_MI_OSD_ATTR_TYPE_AUTO_DETECT_BUFFER failed, handle: 0, Error[0x7]: MI_ERR_INVALID_HANDLE !!!, line=[1121].
10-24 22:37:01.027  3625  3692 D TV_MtkTvConfig: Enter getConfigValue, inputGroup=-1, cfgId=g_pip_pop__pip_pop_tv_focus_win
10-24 22:37:01.028  2806  2806 D MTK_KL  : 4,6248,628714488,c;[GLUE][IR]u8KeyCode: 0x006c , u8KeyState: 0x2
10-24 22:37:01.028  3625  3692 D TV_MtkTvConfig: Leave getConfigValue
10-24 22:37:01.028  3625  3692 D TV_MtkTvAVModeBase: isFreeze
10-24 22:37:01.028  3625  3692 D MtkTvAvMode_jni: native_isFreeze
10-24 22:37:01.028  3625  3692 D MtkTvAvMode_jni: native_isFreeze, b_freeze = 0 
10-24 22:37:01.030  3188  3306 D WindowManager: enter interceptKeyBeforeDispatching 1
10-24 22:37:01.030  3188  3306 I WindowManager: cvteInterceptKeyBeforeDispatching Go in event =20
10-24 22:37:01.030  3188  3306 D WindowManager: enter cvteInterceptKeyBeforeDispatching onGlobalKeyEvent
10-24 22:37:01.030  3625  3692 D Evan    : onGlobalKeyEvent keycode=20
10-24 22:37:01.031  3625  3692 I tvapi   : [null::eventTvScanAtvIsScanning:22]: eventTvScanAtvIsScanning bScanning=false
10-24 22:37:01.031  3625  3692 I tvapi   : [null::eventTvScanDtmbIsScanning:22]: eventTvScanDtmbIsScanning bScanning=false
10-24 22:37:01.032  3625  3692 D hotkey  : [null::isFragmentShowing:9]: isFragmentShowing fragments=null 
10-24 22:37:01.032  3625  3692 D hotkey  : [null::handleMapKeyEvent:17]: KeyEvent { action=ACTION_UP, keyCode=KEYCODE_DPAD_DOWN, scanCode=108, metaState=0, flags=0x8, repeatCount=0, eventTime=628712, downTime=628556, deviceId=2, source=0x301 }
10-24 22:37:01.032  3625  3692 I tvapi   : [null::st:9]: keyevent SIGNAL_LOST resetTimer
10-24 22:37:01.032  3625  3692 D MtkTvInputSource_jni: native_getCurrentInputSourceName
10-24 22:37:01.033  3625  3692 D MtkTvInputSource_jni: native_getCurrentInputSourceName
10-24 22:37:01.034  3625  3692 I tvapi   : [null::getCurrentSourceTypeName:60]: getCurrentSourceTypeName: currentSourceTypeName: ATV
10-24 22:37:01.034  3625  3692 D MtkTvInputSource_jni: native_getCurrentInputSourceName
10-24 22:37:01.035  3625  3692 I tvapi   : [null::getCurrentSourceTypeName:60]: getCurrentSourceTypeName: currentSourceTypeName: ATV
10-24 22:37:01.035  3625  3692 D MtkTvInputSource_jni: native_getCurrentInputSourceName
10-24 22:37:01.036  3625  3692 I tvapi   : [null::getCurrentSourceTypeName:60]: getCurrentSourceTypeName: currentSourceTypeName: ATV
10-24 22:37:01.036  3625  3692 D MtkTvInputSource_jni: native_getCurrentInputSourceName
10-24 22:37:01.037  3625  3692 I tvapi   : [null::getCurrentSourceTypeName:60]: getCurrentSourceTypeName: currentSourceTypeName: ATV
10-24 22:37:01.038  3589  3832 D CLog    : [null:26::a]: time = -1
10-24 22:37:01.038  3589  3832 D CLog    : [null:0::onTvNotify]: notifySystemSignalLostPowerOffTimeRemaining
10-24 22:37:01.039  3589  3832 D CLog    : [null:4::onTvNotify]: notifySystemSignalLostPowerOffTimeRemaining
10-24 22:37:01.040  3589  3832 D Evan    : handleKeyEvent:20
10-24 22:37:01.042  3188  3306 D WindowManager: onGlobalKeyEvent ret = false
10-24 22:37:01.042  3188  3306 D WindowManager: enter interceptKeyBeforeDispatching 3
10-24 22:37:01.043  2717  2907 E hwcomposer: HWComposerDisplayHalMiOsd::hwcMiDisplay: MI_OSD_LayerSetAttr E_MI_OSD_ATTR_TYPE_AUTO_DETECT_BUFFER failed, handle: 0, Error[0x7]: MI_ERR_INVALID_HANDLE !!!, line=[1121].
10-24 22:37:01.059  2717  2907 E hwcomposer: HWComposerDisplayHalMiOsd::hwcMiDisplay: MI_OSD_LayerSetAttr E_MI_OSD_ATTR_TYPE_AUTO_DETECT_BUFFER failed, handle: 0, Error[0x7]: MI_ERR_INVALID_HANDLE !!!, line=[1121].
10-24 22:37:01.064  7101  7123 D bt_btif_config: btif_get_device_type: Device [34:7d:f6:f4:5d:57] type 1
10-24 22:37:01.065  7101  7123 W BluetoothRemoteDevices: Skip name update for 34:7D:F6:F4:5D:57
10-24 22:37:01.065  7101  7123 W BluetoothRemoteDevices: Skip class update for 34:7D:F6:F4:5D:57
10-24 22:37:01.076  2717  2907 E hwcomposer: HWComposerDisplayHalMiOsd::hwcMiDisplay: MI_OSD_LayerSetAttr E_MI_OSD_ATTR_TYPE_AUTO_DETECT_BUFFER failed, handle: 0, Error[0x7]: MI_ERR_INVALID_HANDLE !!!, line=[1121].
10-24 22:37:01.109  2717  2907 I chatty  : uid=1000(system) graphic_mi_work identical 2 lines
10-24 22:37:01.126  2717  2907 E hwcomposer: HWComposerDisplayHalMiOsd::hwcMiDisplay: MI_OSD_LayerSetAttr E_MI_OSD_ATTR_TYPE_AUTO_DETECT_BUFFER failed, handle: 0, Error[0x7]: MI_ERR_INVALID_HANDLE !!!, line=[1121].
10-24 22:37:01.137  3625  3692 D TV_MtkTvConfig: Enter getConfigValue, inputGroup=-1, cfgId=g_pip_pop__pip_pop_tv_focus_win
10-24 22:37:01.137  3625  3692 D TV_MtkTvConfig: Leave getConfigValue
10-24 22:37:01.137  3625  3692 D TV_MtkTvAVModeBase: isFreeze
10-24 22:37:01.138  3625  3692 D MtkTvAvMode_jni: native_isFreeze
10-24 22:37:01.138  2806  2806 D MTK_KL  : 4,6249,628823604,+;[GLUE][IR]u8KeyCode: 0x006c , u8KeyState: 0x0
10-24 22:37:01.139  3625  3692 D MtkTvAvMode_jni: native_isFreeze, b_freeze = 0 
10-24 22:37:01.140  3188  3306 D WindowManager: enter interceptKeyBeforeDispatching 1
10-24 22:37:01.140  3188  3306 I WindowManager: cvteInterceptKeyBeforeDispatching Go in event =20
10-24 22:37:01.140  3188  3306 D WindowManager: enter cvteInterceptKeyBeforeDispatching onGlobalKeyEvent
10-24 22:37:01.140  3625  3692 D Evan    : onGlobalKeyEvent keycode=20
10-24 22:37:01.141  3625  3692 I tvapi   : [null::eventTvScanAtvIsScanning:22]: eventTvScanAtvIsScanning bScanning=false
10-24 22:37:01.141  3625  3692 I tvapi   : [null::eventTvScanDtmbIsScanning:22]: eventTvScanDtmbIsScanning bScanning=false
10-24 22:37:01.142  3625  3692 D hotkey  : [null::isFragmentShowing:9]: isFragmentShowing fragments=null 
10-24 22:37:01.142  4044  4044 D ReflectMethodUtil: invokeMethodWithoutParam: target=D8:E0:E1:1A:8A:3D,methodName=getAliasName,staticMethod=false,needReturnValue=true
10-24 22:37:01.142  3625  3692 D hotkey  : [null::handleMapKeyEvent:17]: KeyEvent { action=ACTION_DOWN, keyCode=KEYCODE_DPAD_DOWN, scanCode=108, metaState=0, flags=0x8, repeatCount=0, eventTime=628821, downTime=628821, deviceId=2, source=0x301 }
10-24 22:37:01.143  3625  3692 I tvapi   : [null::st:9]: keyevent SIGNAL_LOST resetTimer
10-24 22:37:01.143  2806  2806 D MTK_KL  : 4,6250,628828187,-;led_store 2
10-24 22:37:01.143  3625  3692 D MtkTvInputSource_jni: native_getCurrentInputSourceName
10-24 22:37:01.143  2717  2907 E hwcomposer: HWComposerDisplayHalMiOsd::hwcMiDisplay: MI_OSD_LayerSetAttr E_MI_OSD_ATTR_TYPE_AUTO_DETECT_BUFFER failed, handle: 0, Error[0x7]: MI_ERR_INVALID_HANDLE !!!, line=[1121].
10-24 22:37:01.144  3625  3692 D MtkTvInputSource_jni: native_getCurrentInputSourceName
10-24 22:37:01.145  3625  3692 I tvapi   : [null::getCurrentSourceTypeName:60]: getCurrentSourceTypeName: currentSourceTypeName: ATV
10-24 22:37:01.145  3625  3692 D MtkTvInputSource_jni: native_getCurrentInputSourceName
10-24 22:37:01.146  3625  3692 I tvapi   : [null::getCurrentSourceTypeName:60]: getCurrentSourceTypeName: currentSourceTypeName: ATV
10-24 22:37:01.146  3625  3692 D MtkTvInputSource_jni: native_getCurrentInputSourceName
10-24 22:37:01.147  3625  3692 I tvapi   : [null::getCurrentSourceTypeName:60]: getCurrentSourceTypeName: currentSourceTypeName: ATV
10-24 22:37:01.147  3625  3692 D MtkTvInputSource_jni: native_getCurrentInputSourceName
10-24 22:37:01.148  3625  3692 I tvapi   : [null::getCurrentSourceTypeName:60]: getCurrentSourceTypeName: currentSourceTypeName: ATV
10-24 22:37:01.148  4044  4044 W CLog    : [BluetoothDevicesFragment.java:646::onDeviceAdded]: device: D8:E0:E1:1A:8A:3D
10-24 22:37:01.148  4044  4044 D BluetoothEventManager: DeviceFoundHandler created new CachedBluetoothDevice: D8:E0:E1:1A:8A:3D
10-24 22:37:01.149  4044  4044 D CLog    : [BluetoothDevicesFragment.java:97::handleMessage]: msg.what = 2
10-24 22:37:01.149  3589  3832 D CLog    : [null:26::a]: time = -1
10-24 22:37:01.149  3589  3832 D CLog    : [null:0::onTvNotify]: notifySystemSignalLostPowerOffTimeRemaining
10-24 22:37:01.149  3589  3832 D CLog    : [null:4::onTvNotify]: notifySystemSignalLostPowerOffTimeRemaining
10-24 22:37:01.150  4044  4044 D CLog    : [BluetoothDevicesFragment.java:97::handleMessage]: msg.what = 5
10-24 22:37:01.151  4044  4044 W CLog    : [BluetoothDevicesFragment.java:479::loadMenuInfos]: isBluetoothEnable = true
10-24 22:37:01.152  3589  3832 D Evan    : handleKeyEvent:20
10-24 22:37:01.154  3188  3306 D WindowManager: onGlobalKeyEvent ret = false
10-24 22:37:01.154  4044  4044 I CLog    : [BluetoothDevicesFragment.java:584::deviceToMenuInfo]: reuse BluetoothMenuInfo for BDP-S6700(EE:52) from cache, MenuItem = com.cvte.settings.fragment.BluetoothDevicesFragment$TextButtonBluetoothDevice@4c7fddb
10-24 22:37:01.154  3188  3306 D WindowManager: enter interceptKeyBeforeDispatching 3
10-24 22:37:01.156  3383  3841 D BluetoothEventManager: DeviceFoundHandler created new CachedBluetoothDevice: D8:E0:E1:1A:8A:3D
10-24 22:37:01.157  4044  4044 I CLog    : [BluetoothDevicesFragment.java:584::deviceToMenuInfo]: reuse BluetoothMenuInfo for WUDONG(6C:20) from cache, MenuItem = com.cvte.settings.fragment.BluetoothDevicesFragment$TextButtonBluetoothDevice@af8e560
10-24 22:37:01.158  4044  4044 I CLog    : [BluetoothDevicesFragment.java:584::deviceToMenuInfo]: reuse BluetoothMenuInfo for 3C:6A:A7:C4:35:14 from cache, MenuItem = com.cvte.settings.fragment.BluetoothDevicesFragment$TextButtonBluetoothDevice@56733c7
10-24 22:37:01.160  2717  2907 E hwcomposer: HWComposerDisplayHalMiOsd::hwcMiDisplay: MI_OSD_LayerSetAttr E_MI_OSD_ATTR_TYPE_AUTO_DETECT_BUFFER failed, handle: 0, Error[0x7]: MI_ERR_INVALID_HANDLE !!!, line=[1121].
10-24 22:37:01.160  4044  4044 I CLog    : [BluetoothDevicesFragment.java:584::deviceToMenuInfo]: reuse BluetoothMenuInfo for IT00035378(5D:57) from cache, MenuItem = com.cvte.settings.fragment.BluetoothDevicesFragment$TextButtonBluetoothDevice@b2ce792
10-24 22:37:01.162  4044  4044 I CLog    : [BluetoothDevicesFragment.java:584::deviceToMenuInfo]: reuse BluetoothMenuInfo for [TV] Samsung LTREF 49 TV(EE:BF) from cache, MenuItem = com.cvte.settings.fragment.BluetoothDevicesFragment$TextButtonBluetoothDevice@cdc3ed5
10-24 22:37:01.164  4044  4044 I CLog    : [BluetoothDevicesFragment.java:584::deviceToMenuInfo]: reuse BluetoothMenuInfo for Mi 11 Ultra(54:D2) from cache, MenuItem = com.cvte.settings.fragment.BluetoothDevicesFragment$TextButtonBluetoothDevice@ae20078
10-24 22:37:01.166  4044  4044 I CLog    : [BluetoothDevicesFragment.java:584::deviceToMenuInfo]: reuse BluetoothMenuInfo for D4:9E:3B:C5:52:87 from cache, MenuItem = com.cvte.settings.fragment.BluetoothDevicesFragment$TextButtonBluetoothDevice@518c78e
10-24 22:37:01.167  4044  4044 I CLog    : [BluetoothDevicesFragment.java:584::deviceToMenuInfo]: reuse BluetoothMenuInfo for [TV] Samsung LTREF 49 TV(F7:3B) from cache, MenuItem = com.cvte.settings.fragment.BluetoothDevicesFragment$TextButtonBluetoothDevice@b7fbf62
10-24 22:37:01.169  4044  4044 I CLog    : [BluetoothDevicesFragment.java:584::deviceToMenuInfo]: reuse BluetoothMenuInfo for IT00009071(8D:1F) from cache, MenuItem = com.cvte.settings.fragment.BluetoothDevicesFragment$TextButtonBluetoothDevice@91e738d
10-24 22:37:01.171  4044  4044 I CLog    : [BluetoothDevicesFragment.java:584::deviceToMenuInfo]: reuse BluetoothMenuInfo for A4:45:19:21:46:41 from cache, MenuItem = com.cvte.settings.fragment.BluetoothDevicesFragment$TextButtonBluetoothDevice@a1d1a19
10-24 22:37:01.173  4044  4044 D CLog    : [MenuInfoFragment.java:195::onChildFocusChanged]: onChildFocusChanged: mLastFocusMenuId=TextButtonBluetoothSearchDevice
10-24 22:37:01.174  4044  4044 I CLog    : [BluetoothDevicesFragment.java:584::deviceToMenuInfo]: reuse BluetoothMenuInfo for 90:F0:52:71:C8:04 from cache, MenuItem = com.cvte.settings.fragment.BluetoothDevicesFragment$TextButtonBluetoothDevice@785c106
10-24 22:37:01.176  4044  4044 I CLog    : [BluetoothDevicesFragment.java:584::deviceToMenuInfo]: reuse BluetoothMenuInfo for F0:79:E8:2E:8F:12 from cache, MenuItem = com.cvte.settings.fragment.BluetoothDevicesFragment$TextButtonBluetoothDevice@1a1ddf4
10-24 22:37:01.176  2717  2907 E hwcomposer: HWComposerDisplayHalMiOsd::hwcMiDisplay: MI_OSD_LayerSetAttr E_MI_OSD_ATTR_TYPE_AUTO_DETECT_BUFFER failed, handle: 0, Error[0x7]: MI_ERR_INVALID_HANDLE !!!, line=[1121].
10-24 22:37:01.177  4044  4044 I CLog    : [BluetoothDevicesFragment.java:584::deviceToMenuInfo]: reuse BluetoothMenuInfo for (6C:02) from cache, MenuItem = com.cvte.settings.fragment.BluetoothDevicesFragment$TextButtonBluetoothDevice@4adeade
10-24 22:37:01.179  4044  4044 I CLog    : [BluetoothDevicesFragment.java:584::deviceToMenuInfo]: reuse BluetoothMenuInfo for D8:E0:E1:1A:8A:3D from cache, MenuItem = com.cvte.settings.fragment.BluetoothDevicesFragment$TextButtonBluetoothDevice@2a9d6ea
10-24 22:37:01.181  4044  4044 D CLog    : [BluetoothDevicesFragment.java:211::isDiscoverying]: isDiscovering() true
10-24 22:37:01.185  4044  4044 W CLog    : [BluetoothRcUtil.java:11::isKnownRemoteControl]: device is BDP-S6700
10-24 22:37:01.185  4044  4044 W CLog    : [PropertiesUtil.java:183::op_bluetooth_remote_controls]: RemoteB017,BT_Smart_RC001
10-24 22:37:01.186  4044  4044 D ReflectMethodUtil: invokeMethodWithoutParam: target=80424,methodName=doesClassMatch,staticMethod=false,needReturnValue=true
10-24 22:37:01.186  4044  4044 D ReflectMethodUtil: invokeMethodWithoutParam: target=80424,methodName=doesClassMatch,staticMethod=false,needReturnValue=true
10-24 22:37:01.188  4044  4044 D CLog    : [BluetoothDevicesFragment.java:742::onViewCreated]: BDP-S6700(EE:52) battery is gone
10-24 22:37:01.190  4044  4044 W CLog    : [BluetoothRcUtil.java:11::isKnownRemoteControl]: device is WUDONG
10-24 22:37:01.190  4044  4044 W CLog    : [PropertiesUtil.java:183::op_bluetooth_remote_controls]: RemoteB017,BT_Smart_RC001
10-24 22:37:01.192  4044  4044 D CLog    : [BluetoothDevicesFragment.java:742::onViewCreated]: WUDONG(6C:20) battery is gone
10-24 22:37:01.194  4044  4044 W CLog    : [BluetoothRcUtil.java:11::isKnownRemoteControl]: device is null
10-24 22:37:01.194  4044  4044 W CLog    : [PropertiesUtil.java:183::op_bluetooth_remote_controls]: RemoteB017,BT_Smart_RC001
10-24 22:37:01.196  4044  4044 D CLog    : [BluetoothDevicesFragment.java:742::onViewCreated]: 3C:6A:A7:C4:35:14 battery is gone
10-24 22:37:01.198  4044  4044 W CLog    : [BluetoothRcUtil.java:11::isKnownRemoteControl]: device is IT00035378
10-24 22:37:01.198  4044  4044 W CLog    : [PropertiesUtil.java:183::op_bluetooth_remote_controls]: RemoteB017,BT_Smart_RC001
10-24 22:37:01.201  4044  4044 D CLog    : [BluetoothDevicesFragment.java:742::onViewCreated]: IT00035378(5D:57) battery is gone
10-24 22:37:01.203  4044  4044 W CLog    : [BluetoothRcUtil.java:11::isKnownRemoteControl]: device is [TV] Samsung LTREF 49 TV
10-24 22:37:01.203  4044  4044 W CLog    : [PropertiesUtil.java:183::op_bluetooth_remote_controls]: RemoteB017,BT_Smart_RC001
10-24 22:37:01.205  4044  4044 D ReflectMethodUtil: invokeMethodWithoutParam: target=c043c,methodName=doesClassMatch,staticMethod=false,needReturnValue=true
10-24 22:37:01.206  4044  4044 D CLog    : [BluetoothDevicesFragment.java:742::onViewCreated]: [TV] Samsung LTREF 49 TV(EE:BF) battery is gone
10-24 22:37:01.208  4044  4044 W CLog    : [BluetoothRcUtil.java:11::isKnownRemoteControl]: device is Mi 11 Ultra
10-24 22:37:01.209  4044  4044 W CLog    : [PropertiesUtil.java:183::op_bluetooth_remote_controls]: RemoteB017,BT_Smart_RC001
10-24 22:37:01.211  4044  4044 D CLog    : [BluetoothDevicesFragment.java:742::onViewCreated]: Mi 11 Ultra(54:D2) battery is gone
10-24 22:37:01.213  4044  4044 W CLog    : [BluetoothRcUtil.java:11::isKnownRemoteControl]: device is null
10-24 22:37:01.214  4044  4044 W CLog    : [PropertiesUtil.java:183::op_bluetooth_remote_controls]: RemoteB017,BT_Smart_RC001
10-24 22:37:01.215  4044  4044 D ReflectMethodUtil: invokeMethodWithoutParam: target=2c043c,methodName=doesClassMatch,staticMethod=false,needReturnValue=true
10-24 22:37:01.216  4044  4044 D CLog    : [BluetoothDevicesFragment.java:742::onViewCreated]: D4:9E:3B:C5:52:87 battery is gone
10-24 22:37:01.218  4044  4044 W CLog    : [BluetoothRcUtil.java:11::isKnownRemoteControl]: device is [TV] Samsung LTREF 49 TV
10-24 22:37:01.218  4044  4044 W CLog    : [PropertiesUtil.java:183::op_bluetooth_remote_controls]: RemoteB017,BT_Smart_RC001
10-24 22:37:01.220  4044  4044 D ReflectMethodUtil: invokeMethodWithoutParam: target=c043c,methodName=doesClassMatch,staticMethod=false,needReturnValue=true
10-24 22:37:01.221  4044  4044 D CLog    : [BluetoothDevicesFragment.java:742::onViewCreated]: [TV] Samsung LTREF 49 TV(F7:3B) battery is gone
10-24 22:37:01.224  4044  4044 W CLog    : [BluetoothRcUtil.java:11::isKnownRemoteControl]: device is IT00009071
10-24 22:37:01.224  4044  4044 W CLog    : [PropertiesUtil.java:183::op_bluetooth_remote_controls]: RemoteB017,BT_Smart_RC001
10-24 22:37:01.227  4044  4044 D CLog    : [BluetoothDevicesFragment.java:742::onViewCreated]: IT00009071(8D:1F) battery is gone
10-24 22:37:01.228  4044  4044 W CLog    : [BluetoothRcUtil.java:11::isKnownRemoteControl]: device is null
10-24 22:37:01.229  4044  4044 W CLog    : [PropertiesUtil.java:183::op_bluetooth_remote_controls]: RemoteB017,BT_Smart_RC001
10-24 22:37:01.231  4044  4044 D CLog    : [BluetoothDevicesFragment.java:742::onViewCreated]: A4:45:19:21:46:41 battery is gone
10-24 22:37:01.233  4044  4044 W CLog    : [BluetoothRcUtil.java:11::isKnownRemoteControl]: device is null
10-24 22:37:01.233  4044  4044 W CLog    : [PropertiesUtil.java:183::op_bluetooth_remote_controls]: RemoteB017,BT_Smart_RC001
10-24 22:37:01.235  4044  4044 D CLog    : [BluetoothDevicesFragment.java:742::onViewCreated]: 90:F0:52:71:C8:04 battery is gone
10-24 22:37:01.237  4044  4044 W CLog    : [BluetoothRcUtil.java:11::isKnownRemoteControl]: device is null
10-24 22:37:01.237  4044  4044 W CLog    : [PropertiesUtil.java:183::op_bluetooth_remote_controls]: RemoteB017,BT_Smart_RC001
10-24 22:37:01.239  4044  4044 D CLog    : [BluetoothDevicesFragment.java:742::onViewCreated]: F0:79:E8:2E:8F:12 battery is gone
10-24 22:37:01.241  4044  4044 W CLog    : [BluetoothRcUtil.java:11::isKnownRemoteControl]: device is 
10-24 22:37:01.241  4044  4044 W CLog    : [PropertiesUtil.java:183::op_bluetooth_remote_controls]: RemoteB017,BT_Smart_RC001
10-24 22:37:01.242  4044  4044 D ReflectMethodUtil: invokeMethodWithoutParam: target=80424,methodName=doesClassMatch,staticMethod=false,needReturnValue=true
10-24 22:37:01.242  4044  4044 D ReflectMethodUtil: invokeMethodWithoutParam: target=80424,methodName=doesClassMatch,staticMethod=false,needReturnValue=true
10-24 22:37:01.243  4044  4044 D CLog    : [BluetoothDevicesFragment.java:742::onViewCreated]: (6C:02) battery is gone
10-24 22:37:01.245  4044  4044 W CLog    : [BluetoothRcUtil.java:11::isKnownRemoteControl]: device is null
