--------- beginning of main
10-24 22:36:45.034  2717  2907 I chatty  : uid=1000(system) graphic_mi_work expire 742 lines
10-24 22:36:45.051  2717  2907 E hwcomposer: HWComposerDisplayHalMiOsd::hwcMiDisplay: MI_OSD_LayerSetAttr E_MI_OSD_ATTR_TYPE_AUTO_DETECT_BUFFER failed, handle: 0, Error[0x7]: MI_ERR_INVALID_HANDLE !!!, line=[1121].
10-24 22:36:45.067  2806  2806 D MTK_KL  : 31,6199,612753783,-;logd: logdr: UID=0 GID=0 PID=7057 b tail=0 logMask=19 pid=0 start=0ns timeout=0ns
10-24 22:36:45.067  2717  2907 E hwcomposer: HWComposerDisplayHalMiOsd::hwcMiDisplay: MI_OSD_LayerSetAttr E_MI_OSD_ATTR_TYPE_AUTO_DETECT_BUFFER failed, handle: 0, Error[0x7]: MI_ERR_INVALID_HANDLE !!!, line=[1121].
--------- beginning of system
10-24 22:36:45.868  2804  2932 E storaged: getDiskStats failed with result NOT_SUPPORTED and size 0
10-24 22:36:46.434  2717  2907 I chatty  : uid=1000(system) graphic_mi_work identical 82 lines
10-24 22:36:46.450  2717  2907 E hwcomposer: HWComposerDisplayHalMiOsd::hwcMiDisplay: MI_OSD_LayerSetAttr E_MI_OSD_ATTR_TYPE_AUTO_DETECT_BUFFER failed, handle: 0, Error[0x7]: MI_ERR_INVALID_HANDLE !!!, line=[1121].
10-24 22:36:46.459  6841  6863 I bt_btif_dm: get_cod remote_cod = 0x005a020c
10-24 22:36:46.459  6841  6863 W BluetoothRemoteDevices: Skip name update for 40:8C:1F:56:61:00
10-24 22:36:46.460  4044  4044 D ReflectMethodUtil: invokeMethodWithoutParam: target=40:8C:1F:56:61:00,methodName=getAliasName,staticMethod=false,needReturnValue=true
10-24 22:36:46.467  2717  2907 E hwcomposer: HWComposerDisplayHalMiOsd::hwcMiDisplay: MI_OSD_LayerSetAttr E_MI_OSD_ATTR_TYPE_AUTO_DETECT_BUFFER failed, handle: 0, Error[0x7]: MI_ERR_INVALID_HANDLE !!!, line=[1121].
10-24 22:36:47.051  2717  2907 I chatty  : uid=1000(system) graphic_mi_work identical 35 lines
10-24 22:36:47.067  2717  2907 E hwcomposer: HWComposerDisplayHalMiOsd::hwcMiDisplay: MI_OSD_LayerSetAttr E_MI_OSD_ATTR_TYPE_AUTO_DETECT_BUFFER failed, handle: 0, Error[0x7]: MI_ERR_INVALID_HANDLE !!!, line=[1121].
10-24 22:36:47.069  6841  6863 I bt_btif_dm: get_cod remote_cod = 0x005a020c
10-24 22:36:47.070  6841  6863 W BluetoothRemoteDevices: Skip name update for 2C:5D:34:14:21:96
10-24 22:36:47.071  4044  4044 D ReflectMethodUtil: invokeMethodWithoutParam: target=2C:5D:34:14:21:96,methodName=getAliasName,staticMethod=false,needReturnValue=true
10-24 22:36:47.078  4044  4044 W CLog    : [BluetoothDevicesFragment.java:640::onScanningStateChanged]: started = false
10-24 22:36:47.081  4044  4044 D CLog    : [BluetoothDevicesFragment.java:211::isDiscoverying]: isDiscovering() false
10-24 22:36:47.084  2717  2907 E hwcomposer: HWComposerDisplayHalMiOsd::hwcMiDisplay: MI_OSD_LayerSetAttr E_MI_OSD_ATTR_TYPE_AUTO_DETECT_BUFFER failed, handle: 0, Error[0x7]: MI_ERR_INVALID_HANDLE !!!, line=[1121].
10-24 22:36:47.101  2717  2907 I chatty  : uid=1000(system) graphic_mi_work identical 1 line
10-24 22:36:47.125  2717  2907 E hwcomposer: HWComposerDisplayHalMiOsd::hwcMiDisplay: MI_OSD_LayerSetAttr E_MI_OSD_ATTR_TYPE_AUTO_DETECT_BUFFER failed, handle: 0, Error[0x7]: MI_ERR_INVALID_HANDLE !!!, line=[1121].
10-24 22:36:47.942  3188  3203 I system_server: Background concurrent copying GC freed 8683(882KB) AllocSpace objects, 16(320KB) LOS objects, 19% free, 4MB/6MB, paused 289us total 112.268ms
10-24 22:36:49.945  7075  7075 I dumpsys : type=1400 audit(0.0:640): avc: denied { call } for scontext=u:r:tvapiservice:s0 tcontext=u:r:servicemanager:s0 tclass=binder permissive=1
10-24 22:36:49.951  2806  2806 D MTK_KL  : 38,6200,617636816,-;type=1400 audit(1635095166.997:639): avc: denied { create } for pid=2699 comm="HwBinder:2699_2" scontext=u:r:hal_bluetooth_default:s0 tcontext=u:r:hal_bluetooth_default:s0 tclass=udp_socket permissive=1
10-24 22:36:49.951  2806  2806 D MTK_KL  : 38,6201,617636866,-;type=1400 audit(1635095209.945:640): avc: denied { call } for pid=7075 comm="dumpsys" scontext=u:r:tvapiservice:s0 tcontext=u:r:servicemanager:s0 tclass=binder permissive=1
10-24 22:36:51.500  3625  3692 D TV_MtkTvConfig: Enter getConfigValue, inputGroup=-1, cfgId=g_pip_pop__pip_pop_tv_focus_win
10-24 22:36:51.501  3625  3692 D TV_MtkTvConfig: Leave getConfigValue
10-24 22:36:51.501  3625  3692 D TV_MtkTvAVModeBase: isFreeze
10-24 22:36:51.501  3625  3692 D MtkTvAvMode_jni: native_isFreeze
10-24 22:36:51.501  3625  3692 D MtkTvAvMode_jni: native_isFreeze, b_freeze = 0 
10-24 22:36:51.503  3188  3306 D WindowManager: enter interceptKeyBeforeDispatching 1
10-24 22:36:51.503  3188  3306 I WindowManager: cvteInterceptKeyBeforeDispatching Go in event =19
10-24 22:36:51.503  3188  3306 D WindowManager: enter cvteInterceptKeyBeforeDispatching onGlobalKeyEvent
10-24 22:36:51.503  2806  2806 D MTK_KL  : 4,6202,619186937,c;[GLUE][IR]u8KeyCode: 0x0067 , u8KeyState: 0x0
10-24 22:36:51.503  3625  3692 D Evan    : onGlobalKeyEvent keycode=19
10-24 22:36:51.504  3625  3692 I tvapi   : [null::eventTvScanAtvIsScanning:22]: eventTvScanAtvIsScanning bScanning=false
10-24 22:36:51.504  3625  3692 I tvapi   : [null::eventTvScanDtmbIsScanning:22]: eventTvScanDtmbIsScanning bScanning=false
10-24 22:36:51.505  3625  3692 D hotkey  : [null::isFragmentShowing:9]: isFragmentShowing fragments=null 
10-24 22:36:51.505  3625  3692 D hotkey  : [null::handleMapKeyEvent:17]: KeyEvent { action=ACTION_DOWN, keyCode=KEYCODE_DPAD_UP, scanCode=103, metaState=0, flags=0x8, repeatCount=0, eventTime=619184, downTime=619184, deviceId=2, source=0x301 }
10-24 22:36:51.505  3625  3692 I tvapi   : [null::st:9]: keyevent SIGNAL_LOST resetTimer
10-24 22:36:51.506  3625  3692 D MtkTvInputSource_jni: native_getCurrentInputSourceName
10-24 22:36:51.506  3625  3692 D MtkTvInputSource_jni: native_getCurrentInputSourceName
10-24 22:36:51.507  3625  3692 I tvapi   : [null::getCurrentSourceTypeName:60]: getCurrentSourceTypeName: currentSourceTypeName: ATV
10-24 22:36:51.507  2806  2806 D MTK_KL  : 4,6203,619191034,-;led_store 2
10-24 22:36:51.507  3625  3692 D MtkTvInputSource_jni: native_getCurrentInputSourceName
10-24 22:36:51.508  3625  3692 I tvapi   : [null::getCurrentSourceTypeName:60]: getCurrentSourceTypeName: currentSourceTypeName: ATV
10-24 22:36:51.508  3625  3692 D MtkTvInputSource_jni: native_getCurrentInputSourceName
10-24 22:36:51.508  3625  3692 I tvapi   : [null::getCurrentSourceTypeName:60]: getCurrentSourceTypeName: currentSourceTypeName: ATV
10-24 22:36:51.509  3625  3692 D MtkTvInputSource_jni: native_getCurrentInputSourceName
10-24 22:36:51.509  3625  3692 I tvapi   : [null::getCurrentSourceTypeName:60]: getCurrentSourceTypeName: currentSourceTypeName: ATV
10-24 22:36:51.510  3589  3832 D CLog    : [null:26::a]: time = -1
10-24 22:36:51.511  3589  3832 D CLog    : [null:0::onTvNotify]: notifySystemSignalLostPowerOffTimeRemaining
10-24 22:36:51.511  3589  3832 D CLog    : [null:4::onTvNotify]: notifySystemSignalLostPowerOffTimeRemaining
10-24 22:36:51.513  3625  3692 I tvapi   : [null::handle:63]: time step = 30266
10-24 22:36:51.513  3589  3832 D CLog    : [null:26::a]: time = -1
10-24 22:36:51.514  3589  3832 D CLog    : [null:0::onTvNotify]: notifySystemNoActionAutoPowerOffTimeRemaining
10-24 22:36:51.514  3589  3832 D CLog    : [null:4::onTvNotify]: notifySystemNoActionAutoPowerOffTimeRemaining
10-24 22:36:51.516  3589  3832 D Evan    : handleKeyEvent:19
10-24 22:36:51.517  3188  3306 D WindowManager: onGlobalKeyEvent ret = false
10-24 22:36:51.517  3188  3306 D WindowManager: enter interceptKeyBeforeDispatching 3
10-24 22:36:51.521  4044  4044 D CLog    : [MenuInfoFragment.java:195::onChildFocusChanged]: onChildFocusChanged: mLastFocusMenuId=IT00035378(5D:57)
10-24 22:36:51.561  2717  2907 E hwcomposer: HWComposerDisplayHalMiOsd::hwcMiDisplay: MI_OSD_LayerSetAttr E_MI_OSD_ATTR_TYPE_AUTO_DETECT_BUFFER failed, handle: 0, Error[0x7]: MI_ERR_INVALID_HANDLE !!!, line=[1121].
10-24 22:36:52.001  3188  3306 D WindowManager: enter interceptKeyBeforeDispatching 1
10-24 22:36:52.001  3188  3306 I WindowManager: cvteInterceptKeyBeforeDispatching Go in event =19
10-24 22:36:52.001  3188  3306 D WindowManager: enter cvteInterceptKeyBeforeDispatching onGlobalKeyEvent
10-24 22:36:52.001  3625  3692 D Evan    : onGlobalKeyEvent keycode=19
10-24 22:36:52.002  3625  3692 I tvapi   : [null::eventTvScanAtvIsScanning:22]: eventTvScanAtvIsScanning bScanning=false
10-24 22:36:52.002  3625  3692 I tvapi   : [null::eventTvScanDtmbIsScanning:22]: eventTvScanDtmbIsScanning bScanning=false
10-24 22:36:52.003  3625  3692 D hotkey  : [null::isFragmentShowing:9]: isFragmentShowing fragments=null 
10-24 22:36:52.003  2806  2806 D MTK_KL  : 4,6204,619689088,-;led_store 2
10-24 22:36:52.003  3625  3692 D hotkey  : [null::handleMapKeyEvent:17]: KeyEvent { action=ACTION_DOWN, keyCode=KEYCODE_DPAD_UP, scanCode=103, metaState=0, flags=0x88, repeatCount=1, eventTime=619685, downTime=619184, deviceId=2, source=0x301 }
10-24 22:36:52.003  3625  3692 I tvapi   : [null::st:9]: keyevent SIGNAL_LOST resetTimer
10-24 22:36:52.003  3625  3692 D MtkTvInputSource_jni: native_getCurrentInputSourceName
10-24 22:36:52.004  3625  3692 D MtkTvInputSource_jni: native_getCurrentInputSourceName
10-24 22:36:52.005  3625  3692 I tvapi   : [null::getCurrentSourceTypeName:60]: getCurrentSourceTypeName: currentSourceTypeName: ATV
10-24 22:36:52.005  3625  3692 D MtkTvInputSource_jni: native_getCurrentInputSourceName
10-24 22:36:52.005  3625  3692 I tvapi   : [null::getCurrentSourceTypeName:60]: getCurrentSourceTypeName: currentSourceTypeName: ATV
10-24 22:36:52.005  3625  3692 D MtkTvInputSource_jni: native_getCurrentInputSourceName
10-24 22:36:52.006  3625  3692 I tvapi   : [null::getCurrentSourceTypeName:60]: getCurrentSourceTypeName: currentSourceTypeName: ATV
10-24 22:36:52.006  3625  3692 D MtkTvInputSource_jni: native_getCurrentInputSourceName
10-24 22:36:52.007  3625  3692 I tvapi   : [null::getCurrentSourceTypeName:60]: getCurrentSourceTypeName: currentSourceTypeName: ATV
10-24 22:36:52.008  3589  3832 D CLog    : [null:26::a]: time = -1
10-24 22:36:52.008  3589  3832 D CLog    : [null:0::onTvNotify]: notifySystemSignalLostPowerOffTimeRemaining
10-24 22:36:52.008  3589  3832 D CLog    : [null:4::onTvNotify]: notifySystemSignalLostPowerOffTimeRemaining
10-24 22:36:52.009  3589  3832 D Evan    : handleKeyEvent:19
10-24 22:36:52.011  3188  3306 D WindowManager: onGlobalKeyEvent ret = false
10-24 22:36:52.011  3188  3306 D WindowManager: enter interceptKeyBeforeDispatching 3
10-24 22:36:52.014  4044  4044 D CLog    : [MenuInfoFragment.java:195::onChildFocusChanged]: onChildFocusChanged: mLastFocusMenuId=[BD] Samsung Ultra HD Blu-ray(8A:3D)
10-24 22:36:52.044  2717  2907 E hwcomposer: HWComposerDisplayHalMiOsd::hwcMiDisplay: MI_OSD_LayerSetAttr E_MI_OSD_ATTR_TYPE_AUTO_DETECT_BUFFER failed, handle: 0, Error[0x7]: MI_ERR_INVALID_HANDLE !!!, line=[1121].
10-24 22:36:52.050  3188  3306 D WindowManager: enter interceptKeyBeforeDispatching 1
10-24 22:36:52.051  3188  3306 I WindowManager: cvteInterceptKeyBeforeDispatching Go in event =19
10-24 22:36:52.051  3188  3306 D WindowManager: enter cvteInterceptKeyBeforeDispatching onGlobalKeyEvent
10-24 22:36:52.051  3625  3692 D Evan    : onGlobalKeyEvent keycode=19
10-24 22:36:52.052  3625  3692 I tvapi   : [null::eventTvScanAtvIsScanning:22]: eventTvScanAtvIsScanning bScanning=false
10-24 22:36:52.052  3625  3692 I tvapi   : [null::eventTvScanDtmbIsScanning:22]: eventTvScanDtmbIsScanning bScanning=false
10-24 22:36:52.053  3625  3692 D hotkey  : [null::isFragmentShowing:9]: isFragmentShowing fragments=null 
10-24 22:36:52.053  3625  3692 D hotkey  : [null::handleMapKeyEvent:17]: KeyEvent { action=ACTION_DOWN, keyCode=KEYCODE_DPAD_UP, scanCode=103, metaState=0, flags=0x8, repeatCount=2, eventTime=619735, downTime=619184, deviceId=2, source=0x301 }
10-24 22:36:52.054  3625  3692 I tvapi   : [null::st:9]: keyevent SIGNAL_LOST resetTimer
10-24 22:36:52.054  3625  3692 D MtkTvInputSource_jni: native_getCurrentInputSourceName
10-24 22:36:52.055  3625  3692 D MtkTvInputSource_jni: native_getCurrentInputSourceName
10-24 22:36:52.055  2806  2806 D MTK_KL  : 4,6205,619738788,-;led_store 2
10-24 22:36:52.056  3625  3692 I tvapi   : [null::getCurrentSourceTypeName:60]: getCurrentSourceTypeName: currentSourceTypeName: ATV
10-24 22:36:52.056  3625  3692 D MtkTvInputSource_jni: native_getCurrentInputSourceName
10-24 22:36:52.056  3625  3692 I tvapi   : [null::getCurrentSourceTypeName:60]: getCurrentSourceTypeName: currentSourceTypeName: ATV
10-24 22:36:52.057  3625  3692 D MtkTvInputSource_jni: native_getCurrentInputSourceName
10-24 22:36:52.057  3625  3692 I tvapi   : [null::getCurrentSourceTypeName:60]: getCurrentSourceTypeName: currentSourceTypeName: ATV
10-24 22:36:52.057  3625  3692 D MtkTvInputSource_jni: native_getCurrentInputSourceName
10-24 22:36:52.058  3625  3692 I tvapi   : [null::getCurrentSourceTypeName:60]: getCurrentSourceTypeName: currentSourceTypeName: ATV
10-24 22:36:52.059  3589  3832 D CLog    : [null:26::a]: time = -1
10-24 22:36:52.059  3589  3832 D CLog    : [null:0::onTvNotify]: notifySystemSignalLostPowerOffTimeRemaining
10-24 22:36:52.059  3589  3832 D CLog    : [null:4::onTvNotify]: notifySystemSignalLostPowerOffTimeRemaining
10-24 22:36:52.061  2717  2907 E hwcomposer: HWComposerDisplayHalMiOsd::hwcMiDisplay: MI_OSD_LayerSetAttr E_MI_OSD_ATTR_TYPE_AUTO_DETECT_BUFFER failed, handle: 0, Error[0x7]: MI_ERR_INVALID_HANDLE !!!, line=[1121].
10-24 22:36:52.061  3589  3832 D Evan    : handleKeyEvent:19
10-24 22:36:52.062  3188  3306 D WindowManager: onGlobalKeyEvent ret = false
10-24 22:36:52.063  3188  3306 D WindowManager: enter interceptKeyBeforeDispatching 3
10-24 22:36:52.066  4044  4044 D CLog    : [MenuInfoFragment.java:195::onChildFocusChanged]: onChildFocusChanged: mLastFocusMenuId=[TV] Samsung LTREF 49 TV(EE:BF)
10-24 22:36:52.077  2717  2907 E hwcomposer: HWComposerDisplayHalMiOsd::hwcMiDisplay: MI_OSD_LayerSetAttr E_MI_OSD_ATTR_TYPE_AUTO_DETECT_BUFFER failed, handle: 0, Error[0x7]: MI_ERR_INVALID_HANDLE !!!, line=[1121].
10-24 22:36:52.094  2717  2907 E hwcomposer: HWComposerDisplayHalMiOsd::hwcMiDisplay: MI_OSD_LayerSetAttr E_MI_OSD_ATTR_TYPE_AUTO_DETECT_BUFFER failed, handle: 0, Error[0x7]: MI_ERR_INVALID_HANDLE !!!, line=[1121].
10-24 22:36:52.102  3188  3306 D WindowManager: enter interceptKeyBeforeDispatching 1
10-24 22:36:52.102  3188  3306 I WindowManager: cvteInterceptKeyBeforeDispatching Go in event =19
10-24 22:36:52.102  3188  3306 D WindowManager: enter cvteInterceptKeyBeforeDispatching onGlobalKeyEvent
10-24 22:36:52.102  3625  3692 D Evan    : onGlobalKeyEvent keycode=19
10-24 22:36:52.103  2806  2806 D MTK_KL  : 4,6206,619789958,-;led_store 2
10-24 22:36:52.103  3625  3692 I tvapi   : [null::eventTvScanAtvIsScanning:22]: eventTvScanAtvIsScanning bScanning=false
10-24 22:36:52.103  3625  3692 I tvapi   : [null::eventTvScanDtmbIsScanning:22]: eventTvScanDtmbIsScanning bScanning=false
10-24 22:36:52.105  3625  3692 D hotkey  : [null::isFragmentShowing:9]: isFragmentShowing fragments=null 
10-24 22:36:52.105  3625  3692 D hotkey  : [null::handleMapKeyEvent:17]: KeyEvent { action=ACTION_DOWN, keyCode=KEYCODE_DPAD_UP, scanCode=103, metaState=0, flags=0x8, repeatCount=3, eventTime=619785, downTime=619184, deviceId=2, source=0x301 }
10-24 22:36:52.105  3625  3692 I tvapi   : [null::st:9]: keyevent SIGNAL_LOST resetTimer
10-24 22:36:52.105  3625  3692 D MtkTvInputSource_jni: native_getCurrentInputSourceName
10-24 22:36:52.106  3625  3692 D MtkTvInputSource_jni: native_getCurrentInputSourceName
10-24 22:36:52.107  3625  3692 I tvapi   : [null::getCurrentSourceTypeName:60]: getCurrentSourceTypeName: currentSourceTypeName: ATV
10-24 22:36:52.107  3625  3692 D MtkTvInputSource_jni: native_getCurrentInputSourceName
10-24 22:36:52.107  3625  3692 I tvapi   : [null::getCurrentSourceTypeName:60]: getCurrentSourceTypeName: currentSourceTypeName: ATV
10-24 22:36:52.107  3625  3692 D MtkTvInputSource_jni: native_getCurrentInputSourceName
10-24 22:36:52.108  3625  3692 I tvapi   : [null::getCurrentSourceTypeName:60]: getCurrentSourceTypeName: currentSourceTypeName: ATV
10-24 22:36:52.108  3625  3692 D MtkTvInputSource_jni: native_getCurrentInputSourceName
10-24 22:36:52.109  3625  3692 I tvapi   : [null::getCurrentSourceTypeName:60]: getCurrentSourceTypeName: currentSourceTypeName: ATV
10-24 22:36:52.110  3589  3832 D CLog    : [null:26::a]: time = -1
10-24 22:36:52.110  3589  3832 D CLog    : [null:0::onTvNotify]: notifySystemSignalLostPowerOffTimeRemaining
10-24 22:36:52.110  3589  3832 D CLog    : [null:4::onTvNotify]: notifySystemSignalLostPowerOffTimeRemaining
10-24 22:36:52.111  2717  2907 E hwcomposer: HWComposerDisplayHalMiOsd::hwcMiDisplay: MI_OSD_LayerSetAttr E_MI_OSD_ATTR_TYPE_AUTO_DETECT_BUFFER failed, handle: 0, Error[0x7]: MI_ERR_INVALID_HANDLE !!!, line=[1121].
10-24 22:36:52.112  3589  3832 D Evan    : handleKeyEvent:19
10-24 22:36:52.114  3188  3306 D WindowManager: onGlobalKeyEvent ret = false
10-24 22:36:52.114  3188  3306 D WindowManager: enter interceptKeyBeforeDispatching 3
10-24 22:36:52.117  4044  4044 D CLog    : [MenuInfoFragment.java:195::onChildFocusChanged]: onChildFocusChanged: mLastFocusMenuId=juzi(46:41)
10-24 22:36:52.127  2717  2907 E hwcomposer: HWComposerDisplayHalMiOsd::hwcMiDisplay: MI_OSD_LayerSetAttr E_MI_OSD_ATTR_TYPE_AUTO_DETECT_BUFFER failed, handle: 0, Error[0x7]: MI_ERR_INVALID_HANDLE !!!, line=[1121].
10-24 22:36:52.144  2717  2907 E hwcomposer: HWComposerDisplayHalMiOsd::hwcMiDisplay: MI_OSD_LayerSetAttr E_MI_OSD_ATTR_TYPE_AUTO_DETECT_BUFFER failed, handle: 0, Error[0x7]: MI_ERR_INVALID_HANDLE !!!, line=[1121].
10-24 22:36:52.151  3188  3306 D WindowManager: enter interceptKeyBeforeDispatching 1
10-24 22:36:52.151  3188  3306 I WindowManager: cvteInterceptKeyBeforeDispatching Go in event =19
10-24 22:36:52.151  3188  3306 D WindowManager: enter cvteInterceptKeyBeforeDispatching onGlobalKeyEvent
10-24 22:36:52.151  3625  3692 D Evan    : onGlobalKeyEvent keycode=19
10-24 22:36:52.152  3625  3692 I tvapi   : [null::eventTvScanAtvIsScanning:22]: eventTvScanAtvIsScanning bScanning=false
10-24 22:36:52.153  3625  3692 I tvapi   : [null::eventTvScanDtmbIsScanning:22]: eventTvScanDtmbIsScanning bScanning=false
10-24 22:36:52.154  3625  3692 D hotkey  : [null::isFragmentShowing:9]: isFragmentShowing fragments=null 
10-24 22:36:52.154  3625  3692 D hotkey  : [null::handleMapKeyEvent:17]: KeyEvent { action=ACTION_DOWN, keyCode=KEYCODE_DPAD_UP, scanCode=103, metaState=0, flags=0x8, repeatCount=4, eventTime=619836, downTime=619184, deviceId=2, source=0x301 }
10-24 22:36:52.154  3625  3692 I tvapi   : [null::st:9]: keyevent SIGNAL_LOST resetTimer
10-24 22:36:52.154  3625  3692 D MtkTvInputSource_jni: native_getCurrentInputSourceName
10-24 22:36:52.155  2806  2806 D MTK_KL  : 4,6207,619839281,-;led_store 2
10-24 22:36:52.156  3625  3692 D MtkTvInputSource_jni: native_getCurrentInputSourceName
10-24 22:36:52.156  3625  3692 I tvapi   : [null::getCurrentSourceTypeName:60]: getCurrentSourceTypeName: currentSourceTypeName: ATV
10-24 22:36:52.156  3625  3692 D MtkTvInputSource_jni: native_getCurrentInputSourceName
10-24 22:36:52.157  3625  3692 I tvapi   : [null::getCurrentSourceTypeName:60]: getCurrentSourceTypeName: currentSourceTypeName: ATV
10-24 22:36:52.157  3625  3692 D MtkTvInputSource_jni: native_getCurrentInputSourceName
10-24 22:36:52.158  3625  3692 I tvapi   : [null::getCurrentSourceTypeName:60]: getCurrentSourceTypeName: currentSourceTypeName: ATV
10-24 22:36:52.158  3625  3692 D MtkTvInputSource_jni: native_getCurrentInputSourceName
10-24 22:36:52.158  3625  3692 I tvapi   : [null::getCurrentSourceTypeName:60]: getCurrentSourceTypeName: currentSourceTypeName: ATV
10-24 22:36:52.159  3589  3832 D CLog    : [null:26::a]: time = -1
10-24 22:36:52.159  3589  3832 D CLog    : [null:0::onTvNotify]: notifySystemSignalLostPowerOffTimeRemaining
10-24 22:36:52.159  3589  3832 D CLog    : [null:4::onTvNotify]: notifySystemSignalLostPowerOffTimeRemaining
10-24 22:36:52.161  2717  2907 E hwcomposer: HWComposerDisplayHalMiOsd::hwcMiDisplay: MI_OSD_LayerSetAttr E_MI_OSD_ATTR_TYPE_AUTO_DETECT_BUFFER failed, handle: 0, Error[0x7]: MI_ERR_INVALID_HANDLE !!!, line=[1121].
10-24 22:36:52.161  3589  3832 D Evan    : handleKeyEvent:19
10-24 22:36:52.162  3188  3306 D WindowManager: onGlobalKeyEvent ret = false
10-24 22:36:52.162  3188  3306 D WindowManager: enter interceptKeyBeforeDispatching 3
10-24 22:36:52.165  4044  4044 D CLog    : [MenuInfoFragment.java:195::onChildFocusChanged]: onChildFocusChanged: mLastFocusMenuId=Philips CN-BT55(33:70)
10-24 22:36:52.194  2717  2907 E hwcomposer: HWComposerDisplayHalMiOsd::hwcMiDisplay: MI_OSD_LayerSetAttr E_MI_OSD_ATTR_TYPE_AUTO_DETECT_BUFFER failed, handle: 0, Error[0x7]: MI_ERR_INVALID_HANDLE !!!, line=[1121].
10-24 22:36:52.203  3188  3306 D WindowManager: enter interceptKeyBeforeDispatching 1
10-24 22:36:52.203  3188  3306 I WindowManager: cvteInterceptKeyBeforeDispatching Go in event =19
10-24 22:36:52.203  3188  3306 D WindowManager: enter cvteInterceptKeyBeforeDispatching onGlobalKeyEvent
10-24 22:36:52.203  3625  3692 D Evan    : onGlobalKeyEvent keycode=19
10-24 22:36:52.204  3625  3692 I tvapi   : [null::eventTvScanAtvIsScanning:22]: eventTvScanAtvIsScanning bScanning=false
10-24 22:36:52.204  3625  3692 I tvapi   : [null::eventTvScanDtmbIsScanning:22]: eventTvScanDtmbIsScanning bScanning=false
10-24 22:36:52.205  3625  3692 D hotkey  : [null::isFragmentShowing:9]: isFragmentShowing fragments=null 
10-24 22:36:52.205  3625  3692 D hotkey  : [null::handleMapKeyEvent:17]: KeyEvent { action=ACTION_DOWN, keyCode=KEYCODE_DPAD_UP, scanCode=103, metaState=0, flags=0x8, repeatCount=5, eventTime=619887, downTime=619184, deviceId=2, source=0x301 }
10-24 22:36:52.205  3625  3692 I tvapi   : [null::st:9]: keyevent SIGNAL_LOST resetTimer
10-24 22:36:52.206  3625  3692 D MtkTvInputSource_jni: native_getCurrentInputSourceName
10-24 22:36:52.206  3625  3692 D MtkTvInputSource_jni: native_getCurrentInputSourceName
10-24 22:36:52.207  3625  3692 I tvapi   : [null::getCurrentSourceTypeName:60]: getCurrentSourceTypeName: currentSourceTypeName: ATV
10-24 22:36:52.207  3625  3692 D MtkTvInputSource_jni: native_getCurrentInputSourceName
10-24 22:36:52.207  2806  2806 D MTK_KL  : 4,6208,619891028,-;led_store 2
10-24 22:36:52.208  3625  3692 I tvapi   : [null::getCurrentSourceTypeName:60]: getCurrentSourceTypeName: currentSourceTypeName: ATV
10-24 22:36:52.208  3625  3692 D MtkTvInputSource_jni: native_getCurrentInputSourceName
10-24 22:36:52.209  3625  3692 I tvapi   : [null::getCurrentSourceTypeName:60]: getCurrentSourceTypeName: currentSourceTypeName: ATV
10-24 22:36:52.209  3625  3692 D MtkTvInputSource_jni: native_getCurrentInputSourceName
10-24 22:36:52.209  3625  3692 I tvapi   : [null::getCurrentSourceTypeName:60]: getCurrentSourceTypeName: currentSourceTypeName: ATV
10-24 22:36:52.210  3589  3832 D CLog    : [null:26::a]: time = -1
10-24 22:36:52.210  3589  3832 D CLog    : [null:0::onTvNotify]: notifySystemSignalLostPowerOffTimeRemaining
10-24 22:36:52.210  3589  3832 D CLog    : [null:4::onTvNotify]: notifySystemSignalLostPowerOffTimeRemaining
10-24 22:36:52.213  3589  3832 D Evan    : handleKeyEvent:19
10-24 22:36:52.214  3188  3306 D WindowManager: onGlobalKeyEvent ret = false
10-24 22:36:52.214  3188  3306 D WindowManager: enter interceptKeyBeforeDispatching 3
10-24 22:36:52.216  4044  4044 D CLog    : [MenuInfoFragment.java:195::onChildFocusChanged]: onChildFocusChanged: mLastFocusMenuId=TextButtonBluetoothSearchDevice
10-24 22:36:52.252  3188  3306 D WindowManager: enter interceptKeyBeforeDispatching 1
10-24 22:36:52.252  3188  3306 I WindowManager: cvteInterceptKeyBeforeDispatching Go in event =19
10-24 22:36:52.252  3188  3306 D WindowManager: enter cvteInterceptKeyBeforeDispatching onGlobalKeyEvent
10-24 22:36:52.253  3625  3692 D Evan    : onGlobalKeyEvent keycode=19
10-24 22:36:52.254  3625  3692 I tvapi   : [null::eventTvScanAtvIsScanning:22]: eventTvScanAtvIsScanning bScanning=false
10-24 22:36:52.254  3625  3692 I tvapi   : [null::eventTvScanDtmbIsScanning:22]: eventTvScanDtmbIsScanning bScanning=false
10-24 22:36:52.255  3625  3692 D hotkey  : [null::isFragmentShowing:9]: isFragmentShowing fragments=null 
10-24 22:36:52.255  2806  2806 D MTK_KL  : 4,6209,619940829,-;led_store 2
10-24 22:36:52.255  3625  3692 D hotkey  : [null::handleMapKeyEvent:17]: KeyEvent { action=ACTION_DOWN, keyCode=KEYCODE_DPAD_UP, scanCode=103, metaState=0, flags=0x8, repeatCount=6, eventTime=619937, downTime=619184, deviceId=2, source=0x301 }
10-24 22:36:52.256  3625  3692 I tvapi   : [null::st:9]: keyevent SIGNAL_LOST resetTimer
10-24 22:36:52.256  3625  3692 D MtkTvInputSource_jni: native_getCurrentInputSourceName
10-24 22:36:52.256  3625  3692 D MtkTvInputSource_jni: native_getCurrentInputSourceName
10-24 22:36:52.257  3625  3692 I tvapi   : [null::getCurrentSourceTypeName:60]: getCurrentSourceTypeName: currentSourceTypeName: ATV
10-24 22:36:52.257  3625  3692 D MtkTvInputSource_jni: native_getCurrentInputSourceName
10-24 22:36:52.258  3625  3692 I tvapi   : [null::getCurrentSourceTypeName:60]: getCurrentSourceTypeName: currentSourceTypeName: ATV
10-24 22:36:52.258  3625  3692 D MtkTvInputSource_jni: native_getCurrentInputSourceName
10-24 22:36:52.258  3625  3692 I tvapi   : [null::getCurrentSourceTypeName:60]: getCurrentSourceTypeName: currentSourceTypeName: ATV
10-24 22:36:52.258  3625  3692 D MtkTvInputSource_jni: native_getCurrentInputSourceName
10-24 22:36:52.259  3625  3692 I tvapi   : [null::getCurrentSourceTypeName:60]: getCurrentSourceTypeName: currentSourceTypeName: ATV
10-24 22:36:52.260  3589  3832 D CLog    : [null:26::a]: time = -1
10-24 22:36:52.260  3589  3832 D CLog    : [null:0::onTvNotify]: notifySystemSignalLostPowerOffTimeRemaining
10-24 22:36:52.260  3589  3832 D CLog    : [null:4::onTvNotify]: notifySystemSignalLostPowerOffTimeRemaining
10-24 22:36:52.261  2717  2907 E hwcomposer: HWComposerDisplayHalMiOsd::hwcMiDisplay: MI_OSD_LayerSetAttr E_MI_OSD_ATTR_TYPE_AUTO_DETECT_BUFFER failed, handle: 0, Error[0x7]: MI_ERR_INVALID_HANDLE !!!, line=[1121].
10-24 22:36:52.262  3589  3832 D Evan    : handleKeyEvent:19
10-24 22:36:52.263  3188  3306 D WindowManager: onGlobalKeyEvent ret = false
10-24 22:36:52.263  3188  3306 D WindowManager: enter interceptKeyBeforeDispatching 3
10-24 22:36:52.265  4044  4044 D CLog    : [MenuInfoFragment.java:195::onChildFocusChanged]: onChildFocusChanged: mLastFocusMenuId=SwitchBluetoothEnable
10-24 22:36:52.304  3188  3306 D WindowManager: enter interceptKeyBeforeDispatching 1
10-24 22:36:52.304  3188  3306 I WindowManager: cvteInterceptKeyBeforeDispatching Go in event =19
10-24 22:36:52.304  3188  3306 D WindowManager: enter cvteInterceptKeyBeforeDispatching onGlobalKeyEvent
10-24 22:36:52.304  3625  3692 D Evan    : onGlobalKeyEvent keycode=19
10-24 22:36:52.305  3625  3692 I tvapi   : [null::eventTvScanAtvIsScanning:22]: eventTvScanAtvIsScanning bScanning=false
10-24 22:36:52.305  3625  3692 I tvapi   : [null::eventTvScanDtmbIsScanning:22]: eventTvScanDtmbIsScanning bScanning=false
10-24 22:36:52.306  3625  3692 D hotkey  : [null::isFragmentShowing:9]: isFragmentShowing fragments=null 
10-24 22:36:52.306  3625  3692 D hotkey  : [null::handleMapKeyEvent:17]: KeyEvent { action=ACTION_DOWN, keyCode=KEYCODE_DPAD_UP, scanCode=103, metaState=0, flags=0x8, repeatCount=7, eventTime=619987, downTime=619184, deviceId=2, source=0x301 }
10-24 22:36:52.306  3625  3692 I tvapi   : [null::st:9]: keyevent SIGNAL_LOST resetTimer
10-24 22:36:52.306  3625  3692 D MtkTvInputSource_jni: native_getCurrentInputSourceName
10-24 22:36:52.307  2806  2806 D MTK_KL  : 4,6210,619991842,-;led_store 2
10-24 22:36:52.307  3625  3692 D MtkTvInputSource_jni: native_getCurrentInputSourceName
10-24 22:36:52.308  3625  3692 I tvapi   : [null::getCurrentSourceTypeName:60]: getCurrentSourceTypeName: currentSourceTypeName: ATV
10-24 22:36:52.308  3625  3692 D MtkTvInputSource_jni: native_getCurrentInputSourceName
10-24 22:36:52.308  3625  3692 I tvapi   : [null::getCurrentSourceTypeName:60]: getCurrentSourceTypeName: currentSourceTypeName: ATV
10-24 22:36:52.309  3625  3692 D MtkTvInputSource_jni: native_getCurrentInputSourceName
10-24 22:36:52.309  3625  3692 I tvapi   : [null::getCurrentSourceTypeName:60]: getCurrentSourceTypeName: currentSourceTypeName: ATV
10-24 22:36:52.309  3625  3692 D MtkTvInputSource_jni: native_getCurrentInputSourceName
10-24 22:36:52.310  3625  3692 I tvapi   : [null::getCurrentSourceTypeName:60]: getCurrentSourceTypeName: currentSourceTypeName: ATV
10-24 22:36:52.311  2717  2907 E hwcomposer: HWComposerDisplayHalMiOsd::hwcMiDisplay: MI_OSD_LayerSetAttr E_MI_OSD_ATTR_TYPE_AUTO_DETECT_BUFFER failed, handle: 0, Error[0x7]: MI_ERR_INVALID_HANDLE !!!, line=[1121].
10-24 22:36:52.311  3589  3832 D CLog    : [null:26::a]: time = -1
10-24 22:36:52.311  3589  3832 D CLog    : [null:0::onTvNotify]: notifySystemSignalLostPowerOffTimeRemaining
10-24 22:36:52.311  3589  3832 D CLog    : [null:4::onTvNotify]: notifySystemSignalLostPowerOffTimeRemaining
10-24 22:36:52.313  3589  3832 D Evan    : handleKeyEvent:19
10-24 22:36:52.314  3188  3306 D WindowManager: onGlobalKeyEvent ret = false
10-24 22:36:52.314  3188  3306 D WindowManager: enter interceptKeyBeforeDispatching 3
10-24 22:36:52.354  3188  3306 D WindowManager: enter interceptKeyBeforeDispatching 1
10-24 22:36:52.354  3188  3306 I WindowManager: cvteInterceptKeyBeforeDispatching Go in event =19
10-24 22:36:52.354  3188  3306 D WindowManager: enter cvteInterceptKeyBeforeDispatching onGlobalKeyEvent
10-24 22:36:52.354  3625  3692 D Evan    : onGlobalKeyEvent keycode=19
10-24 22:36:52.355  2806  2806 D MTK_KL  : 4,6211,620042006,-;led_store 2
10-24 22:36:52.355  3625  3692 I tvapi   : [null::eventTvScanAtvIsScanning:22]: eventTvScanAtvIsScanning bScanning=false
10-24 22:36:52.355  3625  3692 I tvapi   : [null::eventTvScanDtmbIsScanning:22]: eventTvScanDtmbIsScanning bScanning=false
10-24 22:36:52.356  3625  3692 D hotkey  : [null::isFragmentShowing:9]: isFragmentShowing fragments=null 
10-24 22:36:52.356  3625  3692 D hotkey  : [null::handleMapKeyEvent:17]: KeyEvent { action=ACTION_DOWN, keyCode=KEYCODE_DPAD_UP, scanCode=103, metaState=0, flags=0x8, repeatCount=8, eventTime=620038, downTime=619184, deviceId=2, source=0x301 }
10-24 22:36:52.356  3625  3692 I tvapi   : [null::st:9]: keyevent SIGNAL_LOST resetTimer
10-24 22:36:52.356  3625  3692 D MtkTvInputSource_jni: native_getCurrentInputSourceName
10-24 22:36:52.357  3625  3692 D MtkTvInputSource_jni: native_getCurrentInputSourceName
10-24 22:36:52.357  3625  3692 I tvapi   : [null::getCurrentSourceTypeName:60]: getCurrentSourceTypeName: currentSourceTypeName: ATV
10-24 22:36:52.357  3625  3692 D MtkTvInputSource_jni: native_getCurrentInputSourceName
10-24 22:36:52.358  3625  3692 I tvapi   : [null::getCurrentSourceTypeName:60]: getCurrentSourceTypeName: currentSourceTypeName: ATV
10-24 22:36:52.358  3625  3692 D MtkTvInputSource_jni: native_getCurrentInputSourceName
10-24 22:36:52.359  3625  3692 I tvapi   : [null::getCurrentSourceTypeName:60]: getCurrentSourceTypeName: currentSourceTypeName: ATV
10-24 22:36:52.359  3625  3692 D MtkTvInputSource_jni: native_getCurrentInputSourceName
10-24 22:36:52.359  3625  3692 I tvapi   : [null::getCurrentSourceTypeName:60]: getCurrentSourceTypeName: currentSourceTypeName: ATV
10-24 22:36:52.360  3589  3832 D CLog    : [null:26::a]: time = -1
10-24 22:36:52.360  3589  3832 D CLog    : [null:0::onTvNotify]: notifySystemSignalLostPowerOffTimeRemaining
10-24 22:36:52.360  3589  3832 D CLog    : [null:4::onTvNotify]: notifySystemSignalLostPowerOffTimeRemaining
10-24 22:36:52.362  3589  3832 D Evan    : handleKeyEvent:19
10-24 22:36:52.363  3188  3306 D WindowManager: onGlobalKeyEvent ret = false
10-24 22:36:52.364  3188  3306 D WindowManager: enter interceptKeyBeforeDispatching 3
10-24 22:36:52.405  3188  3306 D WindowManager: enter interceptKeyBeforeDispatching 1
10-24 22:36:52.405  3188  3306 I WindowManager: cvteInterceptKeyBeforeDispatching Go in event =19
10-24 22:36:52.405  3188  3306 D WindowManager: enter cvteInterceptKeyBeforeDispatching onGlobalKeyEvent
10-24 22:36:52.405  3625  3692 D Evan    : onGlobalKeyEvent keycode=19
10-24 22:36:52.406  3625  3692 I tvapi   : [null::eventTvScanAtvIsScanning:22]: eventTvScanAtvIsScanning bScanning=false
10-24 22:36:52.406  3625  3692 I tvapi   : [null::eventTvScanDtmbIsScanning:22]: eventTvScanDtmbIsScanning bScanning=false
10-24 22:36:52.406  3625  3692 D hotkey  : [null::isFragmentShowing:9]: isFragmentShowing fragments=null 
10-24 22:36:52.407  3625  3692 D hotkey  : [null::handleMapKeyEvent:17]: KeyEvent { action=ACTION_DOWN, keyCode=KEYCODE_DPAD_UP, scanCode=103, metaState=0, flags=0x8, repeatCount=9, eventTime=620088, downTime=619184, deviceId=2, source=0x301 }
10-24 22:36:52.407  3625  3692 I tvapi   : [null::st:9]: keyevent SIGNAL_LOST resetTimer
10-24 22:36:52.407  3625  3692 D MtkTvInputSource_jni: native_getCurrentInputSourceName
10-24 22:36:52.407  2806  2806 D MTK_KL  : 4,6212,620092686,-;led_store 2
10-24 22:36:52.407  3625  3692 D MtkTvInputSource_jni: native_getCurrentInputSourceName
10-24 22:36:52.408  3625  3692 I tvapi   : [null::getCurrentSourceTypeName:60]: getCurrentSourceTypeName: currentSourceTypeName: ATV
10-24 22:36:52.408  3625  3692 D MtkTvInputSource_jni: native_getCurrentInputSourceName
10-24 22:36:52.409  3625  3692 I tvapi   : [null::getCurrentSourceTypeName:60]: getCurrentSourceTypeName: currentSourceTypeName: ATV
10-24 22:36:52.409  3625  3692 D MtkTvInputSource_jni: native_getCurrentInputSourceName
10-24 22:36:52.409  3625  3692 I tvapi   : [null::getCurrentSourceTypeName:60]: getCurrentSourceTypeName: currentSourceTypeName: ATV
10-24 22:36:52.409  3625  3692 D MtkTvInputSource_jni: native_getCurrentInputSourceName
10-24 22:36:52.410  3625  3692 I tvapi   : [null::getCurrentSourceTypeName:60]: getCurrentSourceTypeName: currentSourceTypeName: ATV
10-24 22:36:52.411  3589  3832 D CLog    : [null:26::a]: time = -1
10-24 22:36:52.411  3589  3832 D CLog    : [null:0::onTvNotify]: notifySystemSignalLostPowerOffTimeRemaining
10-24 22:36:52.411  3589  3832 D CLog    : [null:4::onTvNotify]: notifySystemSignalLostPowerOffTimeRemaining
10-24 22:36:52.413  3589  3832 D Evan    : handleKeyEvent:19
10-24 22:36:52.414  3188  3306 D WindowManager: onGlobalKeyEvent ret = false
10-24 22:36:52.414  3188  3306 D WindowManager: enter interceptKeyBeforeDispatching 3
10-24 22:36:52.455  3188  3306 D WindowManager: enter interceptKeyBeforeDispatching 1
10-24 22:36:52.455  3188  3306 I WindowManager: cvteInterceptKeyBeforeDispatching Go in event =19
10-24 22:36:52.455  3188  3306 D WindowManager: enter cvteInterceptKeyBeforeDispatching onGlobalKeyEvent
10-24 22:36:52.455  3625  3692 D Evan    : onGlobalKeyEvent keycode=19
10-24 22:36:52.456  3625  3692 I tvapi   : [null::eventTvScanAtvIsScanning:22]: eventTvScanAtvIsScanning bScanning=false
10-24 22:36:52.456  3625  3692 I tvapi   : [null::eventTvScanDtmbIsScanning:22]: eventTvScanDtmbIsScanning bScanning=false
10-24 22:36:52.456  3625  3692 D hotkey  : [null::isFragmentShowing:9]: isFragmentShowing fragments=null 
10-24 22:36:52.457  3625  3692 D hotkey  : [null::handleMapKeyEvent:17]: KeyEvent { action=ACTION_DOWN, keyCode=KEYCODE_DPAD_UP, scanCode=103, metaState=0, flags=0x8, repeatCount=10, eventTime=620139, downTime=619184, deviceId=2, source=0x301 }
10-24 22:36:52.457  3625  3692 I tvapi   : [null::st:9]: keyevent SIGNAL_LOST resetTimer
10-24 22:36:52.457  3625  3692 D MtkTvInputSource_jni: native_getCurrentInputSourceName
10-24 22:36:52.457  3625  3692 D MtkTvInputSource_jni: native_getCurrentInputSourceName
10-24 22:36:52.458  3625  3692 I tvapi   : [null::getCurrentSourceTypeName:60]: getCurrentSourceTypeName: currentSourceTypeName: ATV
10-24 22:36:52.458  3625  3692 D MtkTvInputSource_jni: native_getCurrentInputSourceName
10-24 22:36:52.459  3625  3692 I tvapi   : [null::getCurrentSourceTypeName:60]: getCurrentSourceTypeName: currentSourceTypeName: ATV
10-24 22:36:52.459  3625  3692 D MtkTvInputSource_jni: native_getCurrentInputSourceName
10-24 22:36:52.459  2806  2806 D MTK_KL  : 4,6213,620142796,-;led_store 2
10-24 22:36:52.459  3625  3692 I tvapi   : [null::getCurrentSourceTypeName:60]: getCurrentSourceTypeName: currentSourceTypeName: ATV
10-24 22:36:52.460  3625  3692 D MtkTvInputSource_jni: native_getCurrentInputSourceName
10-24 22:36:52.460  3625  3692 I tvapi   : [null::getCurrentSourceTypeName:60]: getCurrentSourceTypeName: currentSourceTypeName: ATV
10-24 22:36:52.461  3589  3832 D CLog    : [null:26::a]: time = -1
10-24 22:36:52.461  3589  3832 D CLog    : [null:0::onTvNotify]: notifySystemSignalLostPowerOffTimeRemaining
10-24 22:36:52.461  3589  3832 D CLog    : [null:4::onTvNotify]: notifySystemSignalLostPowerOffTimeRemaining
10-24 22:36:52.463  3589  3832 D Evan    : handleKeyEvent:19
10-24 22:36:52.464  3188  3306 D WindowManager: onGlobalKeyEvent ret = false
10-24 22:36:52.464  3188  3306 D WindowManager: enter interceptKeyBeforeDispatching 3
10-24 22:36:52.505  3188  3306 D WindowManager: enter interceptKeyBeforeDispatching 1
10-24 22:36:52.505  3188  3306 I WindowManager: cvteInterceptKeyBeforeDispatching Go in event =19
10-24 22:36:52.505  3188  3306 D WindowManager: enter cvteInterceptKeyBeforeDispatching onGlobalKeyEvent
10-24 22:36:52.506  3625  3692 D Evan    : onGlobalKeyEvent keycode=19
10-24 22:36:52.506  3625  3692 I tvapi   : [null::eventTvScanAtvIsScanning:22]: eventTvScanAtvIsScanning bScanning=false
10-24 22:36:52.507  3625  3692 I tvapi   : [null::eventTvScanDtmbIsScanning:22]: eventTvScanDtmbIsScanning bScanning=false
10-24 22:36:52.507  2806  2806 D MTK_KL  : 4,6214,620193522,-;led_store 2
10-24 22:36:52.507  3625  3692 D hotkey  : [null::isFragmentShowing:9]: isFragmentShowing fragments=null 
10-24 22:36:52.508  3625  3692 D hotkey  : [null::handleMapKeyEvent:17]: KeyEvent { action=ACTION_DOWN, keyCode=KEYCODE_DPAD_UP, scanCode=103, metaState=0, flags=0x8, repeatCount=11, eventTime=620189, downTime=619184, deviceId=2, source=0x301 }
10-24 22:36:52.508  3625  3692 I tvapi   : [null::st:9]: keyevent SIGNAL_LOST resetTimer
10-24 22:36:52.508  3625  3692 D MtkTvInputSource_jni: native_getCurrentInputSourceName
10-24 22:36:52.508  3625  3692 D MtkTvInputSource_jni: native_getCurrentInputSourceName
10-24 22:36:52.509  3625  3692 I tvapi   : [null::getCurrentSourceTypeName:60]: getCurrentSourceTypeName: currentSourceTypeName: ATV
10-24 22:36:52.509  3625  3692 D MtkTvInputSource_jni: native_getCurrentInputSourceName
10-24 22:36:52.509  3625  3692 I tvapi   : [null::getCurrentSourceTypeName:60]: getCurrentSourceTypeName: currentSourceTypeName: ATV
10-24 22:36:52.510  3625  3692 D MtkTvInputSource_jni: native_getCurrentInputSourceName
10-24 22:36:52.510  3625  3692 I tvapi   : [null::getCurrentSourceTypeName:60]: getCurrentSourceTypeName: currentSourceTypeName: ATV
10-24 22:36:52.510  3625  3692 D MtkTvInputSource_jni: native_getCurrentInputSourceName
10-24 22:36:52.511  3625  3692 I tvapi   : [null::getCurrentSourceTypeName:60]: getCurrentSourceTypeName: currentSourceTypeName: ATV
10-24 22:36:52.512  3589  3832 D CLog    : [null:26::a]: time = -1
10-24 22:36:52.512  3589  3832 D CLog    : [null:0::onTvNotify]: notifySystemSignalLostPowerOffTimeRemaining
10-24 22:36:52.512  3589  3832 D CLog    : [null:4::onTvNotify]: notifySystemSignalLostPowerOffTimeRemaining
10-24 22:36:52.514  3589  3832 D Evan    : handleKeyEvent:19
10-24 22:36:52.515  3188  3306 D WindowManager: onGlobalKeyEvent ret = false
10-24 22:36:52.515  3188  3306 D WindowManager: enter interceptKeyBeforeDispatching 3
10-24 22:36:52.556  3188  3306 D WindowManager: enter interceptKeyBeforeDispatching 1
10-24 22:36:52.556  3188  3306 I WindowManager: cvteInterceptKeyBeforeDispatching Go in event =19
10-24 22:36:52.556  3188  3306 D WindowManager: enter cvteInterceptKeyBeforeDispatching onGlobalKeyEvent
10-24 22:36:52.556  3625  3692 D Evan    : onGlobalKeyEvent keycode=19
10-24 22:36:52.557  3625  3692 I tvapi   : [null::eventTvScanAtvIsScanning:22]: eventTvScanAtvIsScanning bScanning=false
10-24 22:36:52.557  3625  3692 I tvapi   : [null::eventTvScanDtmbIsScanning:22]: eventTvScanDtmbIsScanning bScanning=false
10-24 22:36:52.557  3625  3692 D hotkey  : [null::isFragmentShowing:9]: isFragmentShowing fragments=null 
10-24 22:36:52.558  3625  3692 D hotkey  : [null::handleMapKeyEvent:17]: KeyEvent { action=ACTION_DOWN, keyCode=KEYCODE_DPAD_UP, scanCode=103, metaState=0, flags=0x8, repeatCount=12, eventTime=620240, downTime=619184, deviceId=2, source=0x301 }
10-24 22:36:52.558  3625  3692 I tvapi   : [null::st:9]: keyevent SIGNAL_LOST resetTimer
10-24 22:36:52.558  3625  3692 D MtkTvInputSource_jni: native_getCurrentInputSourceName
10-24 22:36:52.558  3625  3692 D MtkTvInputSource_jni: native_getCurrentInputSourceName
10-24 22:36:52.559  2806  2806 D MTK_KL  : 4,6215,620243766,-;led_store 2
10-24 22:36:52.559  3625  3692 I tvapi   : [null::getCurrentSourceTypeName:60]: getCurrentSourceTypeName: currentSourceTypeName: ATV
10-24 22:36:52.559  3625  3692 D MtkTvInputSource_jni: native_getCurrentInputSourceName
10-24 22:36:52.560  3625  3692 I tvapi   : [null::getCurrentSourceTypeName:60]: getCurrentSourceTypeName: currentSourceTypeName: ATV
10-24 22:36:52.560  3625  3692 D MtkTvInputSource_jni: native_getCurrentInputSourceName
10-24 22:36:52.560  3625  3692 I tvapi   : [null::getCurrentSourceTypeName:60]: getCurrentSourceTypeName: currentSourceTypeName: ATV
10-24 22:36:52.560  3625  3692 D MtkTvInputSource_jni: native_getCurrentInputSourceName
10-24 22:36:52.561  3625  3692 I tvapi   : [null::getCurrentSourceTypeName:60]: getCurrentSourceTypeName: currentSourceTypeName: ATV
10-24 22:36:52.562  3589  3832 D CLog    : [null:26::a]: time = -1
10-24 22:36:52.562  3589  3832 D CLog    : [null:0::onTvNotify]: notifySystemSignalLostPowerOffTimeRemaining
10-24 22:36:52.562  3589  3832 D CLog    : [null:4::onTvNotify]: notifySystemSignalLostPowerOffTimeRemaining
10-24 22:36:52.564  3589  3832 D Evan    : handleKeyEvent:19
10-24 22:36:52.565  3188  3306 D WindowManager: onGlobalKeyEvent ret = false
10-24 22:36:52.565  3188  3306 D WindowManager: enter interceptKeyBeforeDispatching 3
10-24 22:36:52.607  3188  3306 D WindowManager: enter interceptKeyBeforeDispatching 1
10-24 22:36:52.607  3188  3306 I WindowManager: cvteInterceptKeyBeforeDispatching Go in event =19
10-24 22:36:52.607  3188  3306 D WindowManager: enter cvteInterceptKeyBeforeDispatching onGlobalKeyEvent
10-24 22:36:52.607  3625  3692 D Evan    : onGlobalKeyEvent keycode=19
10-24 22:36:52.608  3625  3692 I tvapi   : [null::eventTvScanAtvIsScanning:22]: eventTvScanAtvIsScanning bScanning=false
10-24 22:36:52.608  3625  3692 I tvapi   : [null::eventTvScanDtmbIsScanning:22]: eventTvScanDtmbIsScanning bScanning=false
10-24 22:36:52.609  3625  3692 D hotkey  : [null::isFragmentShowing:9]: isFragmentShowing fragments=null 
10-24 22:36:52.609  3625  3692 D hotkey  : [null::handleMapKeyEvent:17]: KeyEvent { action=ACTION_DOWN, keyCode=KEYCODE_DPAD_UP, scanCode=103, metaState=0, flags=0x8, repeatCount=13, eventTime=620291, downTime=619184, deviceId=2, source=0x301 }
10-24 22:36:52.609  3625  3692 I tvapi   : [null::st:9]: keyevent SIGNAL_LOST resetTimer
10-24 22:36:52.609  3625  3692 D MtkTvInputSource_jni: native_getCurrentInputSourceName
10-24 22:36:52.610  3625  3692 D MtkTvInputSource_jni: native_getCurrentInputSourceName
10-24 22:36:52.610  3625  3692 I tvapi   : [null::getCurrentSourceTypeName:60]: getCurrentSourceTypeName: currentSourceTypeName: ATV
10-24 22:36:52.610  3625  3692 D MtkTvInputSource_jni: native_getCurrentInputSourceName
10-24 22:36:52.611  2806  2806 D MTK_KL  : 4,6216,620295103,-;led_store 2
10-24 22:36:52.611  3625  3692 I tvapi   : [null::getCurrentSourceTypeName:60]: getCurrentSourceTypeName: currentSourceTypeName: ATV
10-24 22:36:52.611  3625  3692 D MtkTvInputSource_jni: native_getCurrentInputSourceName
10-24 22:36:52.612  3625  3692 I tvapi   : [null::getCurrentSourceTypeName:60]: getCurrentSourceTypeName: currentSourceTypeName: ATV
10-24 22:36:52.612  3625  3692 D MtkTvInputSource_jni: native_getCurrentInputSourceName
10-24 22:36:52.612  3625  3692 I tvapi   : [null::getCurrentSourceTypeName:60]: getCurrentSourceTypeName: currentSourceTypeName: ATV
10-24 22:36:52.613  3589  3832 D CLog    : [null:26::a]: time = -1
10-24 22:36:52.614  3589  3832 D CLog    : [null:0::onTvNotify]: notifySystemSignalLostPowerOffTimeRemaining
10-24 22:36:52.614  3589  3832 D CLog    : [null:4::onTvNotify]: notifySystemSignalLostPowerOffTimeRemaining
10-24 22:36:52.617  3589  3832 D Evan    : handleKeyEvent:19
10-24 22:36:52.618  3188  3306 D WindowManager: onGlobalKeyEvent ret = false
10-24 22:36:52.618  3188  3306 D WindowManager: enter interceptKeyBeforeDispatching 3
10-24 22:36:52.657  3188  3306 D WindowManager: enter interceptKeyBeforeDispatching 1
10-24 22:36:52.657  3188  3306 I WindowManager: cvteInterceptKeyBeforeDispatching Go in event =19
10-24 22:36:52.657  3188  3306 D WindowManager: enter cvteInterceptKeyBeforeDispatching onGlobalKeyEvent
10-24 22:36:52.657  3625  3692 D Evan    : onGlobalKeyEvent keycode=19
10-24 22:36:52.658  3625  3692 I tvapi   : [null::eventTvScanAtvIsScanning:22]: eventTvScanAtvIsScanning bScanning=false
10-24 22:36:52.658  3625  3692 I tvapi   : [null::eventTvScanDtmbIsScanning:22]: eventTvScanDtmbIsScanning bScanning=false
10-24 22:36:52.659  3625  3692 D hotkey  : [null::isFragmentShowing:9]: isFragmentShowing fragments=null 
10-24 22:36:52.659  2806  2806 D MTK_KL  : 4,6217,620345000,-;led_store 2
10-24 22:36:52.659  3625  3692 D hotkey  : [null::handleMapKeyEvent:17]: KeyEvent { action=ACTION_DOWN, keyCode=KEYCODE_DPAD_UP, scanCode=103, metaState=0, flags=0x8, repeatCount=14, eventTime=620341, downTime=619184, deviceId=2, source=0x301 }
10-24 22:36:52.659  3625  3692 I tvapi   : [null::st:9]: keyevent SIGNAL_LOST resetTimer
10-24 22:36:52.659  3625  3692 D MtkTvInputSource_jni: native_getCurrentInputSourceName
10-24 22:36:52.660  3625  3692 D MtkTvInputSource_jni: native_getCurrentInputSourceName
10-24 22:36:52.660  3625  3692 I tvapi   : [null::getCurrentSourceTypeName:60]: getCurrentSourceTypeName: currentSourceTypeName: ATV
10-24 22:36:52.661  3625  3692 D MtkTvInputSource_jni: native_getCurrentInputSourceName
10-24 22:36:52.661  3625  3692 I tvapi   : [null::getCurrentSourceTypeName:60]: getCurrentSourceTypeName: currentSourceTypeName: ATV
10-24 22:36:52.661  3625  3692 D MtkTvInputSource_jni: native_getCurrentInputSourceName
10-24 22:36:52.662  3625  3692 I tvapi   : [null::getCurrentSourceTypeName:60]: getCurrentSourceTypeName: currentSourceTypeName: ATV
10-24 22:36:52.662  3625  3692 D MtkTvInputSource_jni: native_getCurrentInputSourceName
10-24 22:36:52.662  3625  3692 I tvapi   : [null::getCurrentSourceTypeName:60]: getCurrentSourceTypeName: currentSourceTypeName: ATV
10-24 22:36:52.663  3589  3832 D CLog    : [null:26::a]: time = -1
10-24 22:36:52.663  3589  3832 D CLog    : [null:0::onTvNotify]: notifySystemSignalLostPowerOffTimeRemaining
10-24 22:36:52.664  3589  3832 D CLog    : [null:4::onTvNotify]: notifySystemSignalLostPowerOffTimeRemaining
10-24 22:36:52.665  3589  3832 D Evan    : handleKeyEvent:19
10-24 22:36:52.666  3188  3306 D WindowManager: onGlobalKeyEvent ret = false
10-24 22:36:52.666  3188  3306 D WindowManager: enter interceptKeyBeforeDispatching 3
10-24 22:36:52.708  3188  3306 D WindowManager: enter interceptKeyBeforeDispatching 1
10-24 22:36:52.708  3188  3306 I WindowManager: cvteInterceptKeyBeforeDispatching Go in event =19
10-24 22:36:52.708  3188  3306 D WindowManager: enter cvteInterceptKeyBeforeDispatching onGlobalKeyEvent
10-24 22:36:52.708  3625  3692 D Evan    : onGlobalKeyEvent keycode=19
10-24 22:36:52.709  3625  3692 I tvapi   : [null::eventTvScanAtvIsScanning:22]: eventTvScanAtvIsScanning bScanning=false
10-24 22:36:52.709  3625  3692 I tvapi   : [null::eventTvScanDtmbIsScanning:22]: eventTvScanDtmbIsScanning bScanning=false
10-24 22:36:52.709  3625  3692 D hotkey  : [null::isFragmentShowing:9]: isFragmentShowing fragments=null 
10-24 22:36:52.710  3625  3692 D hotkey  : [null::handleMapKeyEvent:17]: KeyEvent { action=ACTION_DOWN, keyCode=KEYCODE_DPAD_UP, scanCode=103, metaState=0, flags=0x8, repeatCount=15, eventTime=620391, downTime=619184, deviceId=2, source=0x301 }
10-24 22:36:52.710  3625  3692 I tvapi   : [null::st:9]: keyevent SIGNAL_LOST resetTimer
10-24 22:36:52.710  3625  3692 D MtkTvInputSource_jni: native_getCurrentInputSourceName
10-24 22:36:52.711  3625  3692 D MtkTvInputSource_jni: native_getCurrentInputSourceName
10-24 22:36:52.711  2806  2806 D MTK_KL  : 4,6218,620395671,-;led_store 2
10-24 22:36:52.712  3625  3692 I tvapi   : [null::getCurrentSourceTypeName:60]: getCurrentSourceTypeName: currentSourceTypeName: ATV
10-24 22:36:52.712  3625  3692 D MtkTvInputSource_jni: native_getCurrentInputSourceName
10-24 22:36:52.712  3625  3692 I tvapi   : [null::getCurrentSourceTypeName:60]: getCurrentSourceTypeName: currentSourceTypeName: ATV
10-24 22:36:52.713  3625  3692 D MtkTvInputSource_jni: native_getCurrentInputSourceName
10-24 22:36:52.713  3625  3692 I tvapi   : [null::getCurrentSourceTypeName:60]: getCurrentSourceTypeName: currentSourceTypeName: ATV
10-24 22:36:52.714  3625  3692 D MtkTvInputSource_jni: native_getCurrentInputSourceName
10-24 22:36:52.714  3625  3692 I tvapi   : [null::getCurrentSourceTypeName:60]: getCurrentSourceTypeName: currentSourceTypeName: ATV
10-24 22:36:52.715  3589  3832 D CLog    : [null:26::a]: time = -1
10-24 22:36:52.715  3589  3832 D CLog    : [null:0::onTvNotify]: notifySystemSignalLostPowerOffTimeRemaining
10-24 22:36:52.715  3589  3832 D CLog    : [null:4::onTvNotify]: notifySystemSignalLostPowerOffTimeRemaining
10-24 22:36:52.717  3589  3832 D Evan    : handleKeyEvent:19
