10-24 22:36:56.343  4044  4044 D ReflectMethodUtil: invokeMethodWithoutParam: target=android.bluetooth.BluetoothAdapter@a4be16,methodName=getUuids,staticMethod=false,needReturnValue=true
10-24 22:36:56.343  3625  3625 I tvapi   : [null::onReceive:27]: onReceive: android.bluetooth.adapter.action.STATE_CHANGED
10-24 22:36:56.344  4044  4044 D ReflectMethodUtil: invokeMethodWithoutParam: target=class android.bluetooth.BluetoothUuid,methodName=isUuidPresent,staticMethod=true,needReturnValue=true
10-24 22:36:56.345  2717  2907 E hwcomposer: HWComposerDisplayHalMiOsd::hwcMiDisplay: MI_OSD_LayerSetAttr E_MI_OSD_ATTR_TYPE_AUTO_DETECT_BUFFER failed, handle: 0, Error[0x7]: MI_ERR_INVALID_HANDLE !!!, line=[1121].
10-24 22:36:56.345  4044  4044 D ReflectMethodUtil: invokeMethodWithoutParam: target=class android.bluetooth.BluetoothUuid,methodName=isUuidPresent,staticMethod=true,needReturnValue=true
10-24 22:36:56.345  4044  4044 I chatty  : uid=1000(system) com.cvte.settings identical 1 line
10-24 22:36:56.345  4044  4044 D ReflectMethodUtil: invokeMethodWithoutParam: target=class android.bluetooth.BluetoothUuid,methodName=isUuidPresent,staticMethod=true,needReturnValue=true
10-24 22:36:56.345  3383  3383 D BluetoothHidHost: Proxy object connected
10-24 22:36:56.345  3383  3383 D HidProfile: Bluetooth service connected
10-24 22:36:56.345  3383  3841 D LocalBluetoothProfileManager: Handsfree Uuid not found.
10-24 22:36:56.346  3383  3841 D LocalBluetoothProfileManager: MAP Client Uuid not found.
10-24 22:36:56.346  3188  7096 W ActivityManager: Receiver with filter android.content.IntentFilter@e5a6fc8 already registered for pid 4044, callerPackage is com.cvte.settings
10-24 22:36:56.346  7101  7101 I NewAvrcpBrowsedPlayerWrapper: onConnected: com.android.bluetooth is connected
10-24 22:36:56.346  7101  7124 D BluetoothActiveDeviceManager: handleMessage(MESSAGE_ADAPTER_ACTION_STATE_CHANGED): newState=12
10-24 22:36:56.346  7101  7101 D NewAvrcpBrowsablePlayerConnector: Browse player callback called: package=com.android.bluetooth : status=0
10-24 22:36:56.346  7101  7101 D NewAvrcpBrowsedPlayerWrapper: disconnect: Disconnecting from com.android.bluetooth
10-24 22:36:56.348  3188  5349 W ActivityManager: Receiver with filter android.content.IntentFilter@740b861 already registered for pid 3383, callerPackage is com.android.systemui
10-24 22:36:56.348  7101  7101 D BluetoothAdapterService: isQuetModeEnabled() - Enabled = false
10-24 22:36:56.348  7101  7101 I BluetoothPhonePolicy: autoConnect: Initiate auto connection on BT on...
10-24 22:36:56.348  4044  4044 W CLog    : [BluetoothDevicesFragment.java:626::onBluetoothStateChanged]: bluetoothState = 12
10-24 22:36:56.348  7101  7101 D NewAvrcpBrowsablePlayerConnector: Received a message: msg.what=1
10-24 22:36:56.348  7101  7101 I NewAvrcpBrowsablePlayerConnector: Checking root contents for com.android.bluetooth
10-24 22:36:56.349  7101  7101 D NewAvrcpBrowsedPlayerWrapper: connect: Connecting to browsable player: com.android.bluetooth
10-24 22:36:56.350  4044  4044 D CLog    : [BluetoothDevicesFragment.java:211::isDiscoverying]: isDiscovering() false
10-24 22:36:56.353  7101  7101 I NewAvrcpBrowsedPlayerWrapper: onConnected: com.android.bluetooth is connected
10-24 22:36:56.353  7101  7101 I NewAvrcpBrowsedPlayerWrapper: getFolderItems: Connected to browsable player: com.android.bluetooth
10-24 22:36:56.354  7101  7101 W A2dpMediaBrowserService: AVRCP not yet connected.
10-24 22:36:56.354  7101  7101 D NewAvrcpBrowsedPlayerWrapper: onChildrenLoaded: mediaId=__ROOT__ size= 0
10-24 22:36:56.354  7101  7101 D NewAvrcpBrowsedPlayerWrapper: disconnect: Disconnecting from com.android.bluetooth
10-24 22:36:56.355  4044  4044 D CLog    : [BluetoothDevicesFragment.java:232::startScan]: isDiscovering() false
10-24 22:36:56.357  7101  7170 D BluetoothAdapterService: startDiscovery
10-24 22:36:56.358  7101  7153 W bt_btif : bta_dm_check_av:0
10-24 22:36:56.358  4044  4044 D BluetoothHidHost: Proxy object connected
10-24 22:36:56.358  4044  4044 D HidProfile: Bluetooth service connected
10-24 22:36:56.358  4044  4044 D ReflectMethodUtil: invokeMethodWithoutParam: target=android.bluetooth.BluetoothHidHost@6e5cb8a,methodName=getConnectedDevices,staticMethod=false,needReturnValue=true
10-24 22:36:56.361  2717  2907 E hwcomposer: HWComposerDisplayHalMiOsd::hwcMiDisplay: MI_OSD_LayerSetAttr E_MI_OSD_ATTR_TYPE_AUTO_DETECT_BUFFER failed, handle: 0, Error[0x7]: MI_ERR_INVALID_HANDLE !!!, line=[1121].
10-24 22:36:56.361  4044  4044 D CLog    : [BluetoothDevicesFragment.java:97::handleMessage]: msg.what = 5
10-24 22:36:56.362  7101  7153 W bt_btm_ble: btm_ble_process_adv_pkt_cont device no longer discoverable, discarding advertising packet
10-24 22:36:56.363  4044  4044 W CLog    : [BluetoothDevicesFragment.java:479::loadMenuInfos]: isBluetoothEnable = true
10-24 22:36:56.364  7101  7153 W bt_btm_ble: btm_ble_process_adv_pkt_cont device no longer discoverable, discarding advertising packet
10-24 22:36:56.366  4044  4044 D CLog    : [BluetoothDevicesFragment.java:211::isDiscoverying]: isDiscovering() true
10-24 22:36:56.367  7101  7153 W bt_btm_ble: btm_ble_process_adv_pkt_cont device no longer discoverable, discarding advertising packet
10-24 22:36:56.370  7101  7153 W bt_btm_ble: btm_ble_process_adv_pkt_cont device no longer discoverable, discarding advertising packet
10-24 22:36:56.374  4044  4044 D CLog    : [BluetoothDevicesFragment.java:211::isDiscoverying]: isDiscovering() true
10-24 22:36:56.376  4044  4044 D CLog    : [BluetoothDevicesFragment.java:444::restoreFocus]: find last focus item = SwitchBluetoothEnable
10-24 22:36:56.376  4044  4044 D CLog    : [MenuInfoFragment.java:195::onChildFocusChanged]: onChildFocusChanged: mLastFocusMenuId=SwitchBluetoothEnable
10-24 22:36:56.376  4044  4044 W CLog    : [BluetoothDevicesFragment.java:460::restoreFocus]: finalFocusItem = SwitchBluetoothEnable
10-24 22:36:56.376  4044  4044 E CLog    : [BluetoothDevicesFragment.java:618::reloadDevices]: refresh time : 14ms
10-24 22:36:56.377  4044  4044 W CLog    : [BluetoothDevicesFragment.java:640::onScanningStateChanged]: started = true
10-24 22:36:56.377  2717  2907 E hwcomposer: HWComposerDisplayHalMiOsd::hwcMiDisplay: MI_OSD_LayerSetAttr E_MI_OSD_ATTR_TYPE_AUTO_DETECT_BUFFER failed, handle: 0, Error[0x7]: MI_ERR_INVALID_HANDLE !!!, line=[1121].
10-24 22:36:56.379  4044  4044 D CLog    : [BluetoothDevicesFragment.java:211::isDiscoverying]: isDiscovering() true
10-24 22:36:56.396  2717  2907 E hwcomposer: HWComposerDisplayHalMiOsd::hwcMiDisplay: MI_OSD_LayerSetAttr E_MI_OSD_ATTR_TYPE_AUTO_DETECT_BUFFER failed, handle: 0, Error[0x7]: MI_ERR_INVALID_HANDLE !!!, line=[1121].
10-24 22:36:56.644  2717  2907 I chatty  : uid=1000(system) graphic_mi_work identical 15 lines
10-24 22:36:56.660  2717  2907 E hwcomposer: HWComposerDisplayHalMiOsd::hwcMiDisplay: MI_OSD_LayerSetAttr E_MI_OSD_ATTR_TYPE_AUTO_DETECT_BUFFER failed, handle: 0, Error[0x7]: MI_ERR_INVALID_HANDLE !!!, line=[1121].
10-24 22:36:56.675  4044  4044 D ReflectMethodUtil: invokeMethodWithoutParam: target=5C:EA:1D:58:EE:52,methodName=getAliasName,staticMethod=false,needReturnValue=true
10-24 22:36:56.678  2717  2907 E hwcomposer: HWComposerDisplayHalMiOsd::hwcMiDisplay: MI_OSD_LayerSetAttr E_MI_OSD_ATTR_TYPE_AUTO_DETECT_BUFFER failed, handle: 0, Error[0x7]: MI_ERR_INVALID_HANDLE !!!, line=[1121].
10-24 22:36:56.682  4044  4044 W CLog    : [BluetoothDevicesFragment.java:646::onDeviceAdded]: device: BDP-S6700(EE:52)
10-24 22:36:56.682  4044  4044 D BluetoothEventManager: DeviceFoundHandler created new CachedBluetoothDevice: 5C:EA:1D:58:EE:52
10-24 22:36:56.683  4044  4044 D CLog    : [BluetoothDevicesFragment.java:97::handleMessage]: msg.what = 2
10-24 22:36:56.683  4044  4044 D CLog    : [BluetoothDevicesFragment.java:97::handleMessage]: msg.what = 5
10-24 22:36:56.684  4044  4044 W CLog    : [BluetoothDevicesFragment.java:479::loadMenuInfos]: isBluetoothEnable = true
10-24 22:36:56.686  3383  3841 D BluetoothEventManager: DeviceFoundHandler created new CachedBluetoothDevice: 5C:EA:1D:58:EE:52
10-24 22:36:56.686  4044  4044 I CLog    : [BluetoothDevicesFragment.java:584::deviceToMenuInfo]: reuse BluetoothMenuInfo for BDP-S6700(EE:52) from cache, MenuItem = com.cvte.settings.fragment.BluetoothDevicesFragment$TextButtonBluetoothDevice@b7fbf62
10-24 22:36:56.691  4044  4044 D CLog    : [BluetoothDevicesFragment.java:211::isDiscoverying]: isDiscovering() true
10-24 22:36:56.694  2717  2907 E hwcomposer: HWComposerDisplayHalMiOsd::hwcMiDisplay: MI_OSD_LayerSetAttr E_MI_OSD_ATTR_TYPE_AUTO_DETECT_BUFFER failed, handle: 0, Error[0x7]: MI_ERR_INVALID_HANDLE !!!, line=[1121].
10-24 22:36:56.694  4044  4044 W CLog    : [BluetoothRcUtil.java:11::isKnownRemoteControl]: device is BDP-S6700
10-24 22:36:56.695  4044  4044 W CLog    : [PropertiesUtil.java:183::op_bluetooth_remote_controls]: RemoteB017,BT_Smart_RC001
10-24 22:36:56.697  4044  4044 D ReflectMethodUtil: invokeMethodWithoutParam: target=80424,methodName=doesClassMatch,staticMethod=false,needReturnValue=true
10-24 22:36:56.697  4044  4044 D ReflectMethodUtil: invokeMethodWithoutParam: target=80424,methodName=doesClassMatch,staticMethod=false,needReturnValue=true
10-24 22:36:56.698  4044  4044 D CLog    : [BluetoothDevicesFragment.java:742::onViewCreated]: BDP-S6700(EE:52) battery is gone
10-24 22:36:56.701  4044  4044 D CLog    : [BluetoothDevicesFragment.java:444::restoreFocus]: find last focus item = SwitchBluetoothEnable
10-24 22:36:56.701  4044  4044 W CLog    : [BluetoothDevicesFragment.java:460::restoreFocus]: finalFocusItem = SwitchBluetoothEnable
10-24 22:36:56.701  4044  4044 E CLog    : [BluetoothDevicesFragment.java:618::reloadDevices]: refresh time : 18ms
10-24 22:36:56.727  2717  2907 E hwcomposer: HWComposerDisplayHalMiOsd::hwcMiDisplay: MI_OSD_LayerSetAttr E_MI_OSD_ATTR_TYPE_AUTO_DETECT_BUFFER failed, handle: 0, Error[0x7]: MI_ERR_INVALID_HANDLE !!!, line=[1121].
10-24 22:36:56.860  2717  2907 I chatty  : uid=1000(system) graphic_mi_work identical 8 lines
10-24 22:36:56.877  2717  2907 E hwcomposer: HWComposerDisplayHalMiOsd::hwcMiDisplay: MI_OSD_LayerSetAttr E_MI_OSD_ATTR_TYPE_AUTO_DETECT_BUFFER failed, handle: 0, Error[0x7]: MI_ERR_INVALID_HANDLE !!!, line=[1121].
10-24 22:36:56.886  4044  4044 D ReflectMethodUtil: invokeMethodWithoutParam: target=D4:D2:52:3B:6C:20,methodName=getAliasName,staticMethod=false,needReturnValue=true
10-24 22:36:56.893  4044  4044 W CLog    : [BluetoothDevicesFragment.java:646::onDeviceAdded]: device: WUDONG(6C:20)
10-24 22:36:56.893  4044  4044 D BluetoothEventManager: DeviceFoundHandler created new CachedBluetoothDevice: D4:D2:52:3B:6C:20
10-24 22:36:56.893  4044  4044 D CLog    : [BluetoothDevicesFragment.java:97::handleMessage]: msg.what = 2
10-24 22:36:56.893  4044  4044 D CLog    : [BluetoothDevicesFragment.java:97::handleMessage]: msg.what = 5
10-24 22:36:56.894  2717  2907 E hwcomposer: HWComposerDisplayHalMiOsd::hwcMiDisplay: MI_OSD_LayerSetAttr E_MI_OSD_ATTR_TYPE_AUTO_DETECT_BUFFER failed, handle: 0, Error[0x7]: MI_ERR_INVALID_HANDLE !!!, line=[1121].
10-24 22:36:56.895  4044  4044 W CLog    : [BluetoothDevicesFragment.java:479::loadMenuInfos]: isBluetoothEnable = true
10-24 22:36:56.895  3383  3841 D BluetoothEventManager: DeviceFoundHandler created new CachedBluetoothDevice: D4:D2:52:3B:6C:20
10-24 22:36:56.897  4044  4044 I CLog    : [BluetoothDevicesFragment.java:584::deviceToMenuInfo]: reuse BluetoothMenuInfo for BDP-S6700(EE:52) from cache, MenuItem = com.cvte.settings.fragment.BluetoothDevicesFragment$TextButtonBluetoothDevice@b7fbf62
10-24 22:36:56.899  4044  4044 I CLog    : [BluetoothDevicesFragment.java:584::deviceToMenuInfo]: reuse BluetoothMenuInfo for WUDONG(6C:20) from cache, MenuItem = com.cvte.settings.fragment.BluetoothDevicesFragment$TextButtonBluetoothDevice@518c78e
10-24 22:36:56.902  4044  4044 D CLog    : [BluetoothDevicesFragment.java:211::isDiscoverying]: isDiscovering() true
10-24 22:36:56.906  4044  4044 W CLog    : [BluetoothRcUtil.java:11::isKnownRemoteControl]: device is BDP-S6700
10-24 22:36:56.907  4044  4044 W CLog    : [PropertiesUtil.java:183::op_bluetooth_remote_controls]: RemoteB017,BT_Smart_RC001
10-24 22:36:56.908  4044  4044 D ReflectMethodUtil: invokeMethodWithoutParam: target=80424,methodName=doesClassMatch,staticMethod=false,needReturnValue=true
10-24 22:36:56.908  4044  4044 D ReflectMethodUtil: invokeMethodWithoutParam: target=80424,methodName=doesClassMatch,staticMethod=false,needReturnValue=true
10-24 22:36:56.910  4044  4044 D CLog    : [BluetoothDevicesFragment.java:742::onViewCreated]: BDP-S6700(EE:52) battery is gone
10-24 22:36:56.911  2717  2907 E hwcomposer: HWComposerDisplayHalMiOsd::hwcMiDisplay: MI_OSD_LayerSetAttr E_MI_OSD_ATTR_TYPE_AUTO_DETECT_BUFFER failed, handle: 0, Error[0x7]: MI_ERR_INVALID_HANDLE !!!, line=[1121].
10-24 22:36:56.913  4044  4044 W CLog    : [BluetoothRcUtil.java:11::isKnownRemoteControl]: device is WUDONG
10-24 22:36:56.913  4044  4044 W CLog    : [PropertiesUtil.java:183::op_bluetooth_remote_controls]: RemoteB017,BT_Smart_RC001
10-24 22:36:56.917  4044  4044 D CLog    : [BluetoothDevicesFragment.java:742::onViewCreated]: WUDONG(6C:20) battery is gone
10-24 22:36:56.921  4044  4044 D CLog    : [BluetoothDevicesFragment.java:444::restoreFocus]: find last focus item = SwitchBluetoothEnable
10-24 22:36:56.921  4044  4044 W CLog    : [BluetoothDevicesFragment.java:460::restoreFocus]: finalFocusItem = SwitchBluetoothEnable
10-24 22:36:56.921  4044  4044 E CLog    : [BluetoothDevicesFragment.java:618::reloadDevices]: refresh time : 27ms
10-24 22:36:56.944  2717  2907 E hwcomposer: HWComposerDisplayHalMiOsd::hwcMiDisplay: MI_OSD_LayerSetAttr E_MI_OSD_ATTR_TYPE_AUTO_DETECT_BUFFER failed, handle: 0, Error[0x7]: MI_ERR_INVALID_HANDLE !!!, line=[1121].
10-24 22:36:56.956  4044  4044 D ReflectMethodUtil: invokeMethodWithoutParam: target=3C:6A:A7:C4:35:14,methodName=getAliasName,staticMethod=false,needReturnValue=true
10-24 22:36:56.960  4044  4044 W CLog    : [BluetoothDevicesFragment.java:646::onDeviceAdded]: device: 3C:6A:A7:C4:35:14
10-24 22:36:56.960  4044  4044 D BluetoothEventManager: DeviceFoundHandler created new CachedBluetoothDevice: 3C:6A:A7:C4:35:14
10-24 22:36:56.961  4044  4044 D CLog    : [BluetoothDevicesFragment.java:97::handleMessage]: msg.what = 2
10-24 22:36:56.961  4044  4044 D CLog    : [BluetoothDevicesFragment.java:97::handleMessage]: msg.what = 5
10-24 22:36:56.961  2717  2907 E hwcomposer: HWComposerDisplayHalMiOsd::hwcMiDisplay: MI_OSD_LayerSetAttr E_MI_OSD_ATTR_TYPE_AUTO_DETECT_BUFFER failed, handle: 0, Error[0x7]: MI_ERR_INVALID_HANDLE !!!, line=[1121].
10-24 22:36:56.963  3383  3841 D BluetoothEventManager: DeviceFoundHandler created new CachedBluetoothDevice: 3C:6A:A7:C4:35:14
10-24 22:36:56.977  2717  2907 E hwcomposer: HWComposerDisplayHalMiOsd::hwcMiDisplay: MI_OSD_LayerSetAttr E_MI_OSD_ATTR_TYPE_AUTO_DETECT_BUFFER failed, handle: 0, Error[0x7]: MI_ERR_INVALID_HANDLE !!!, line=[1121].
10-24 22:36:57.044  2717  2907 I chatty  : uid=1000(system) graphic_mi_work identical 4 lines
10-24 22:36:57.061  2717  2907 E hwcomposer: HWComposerDisplayHalMiOsd::hwcMiDisplay: MI_OSD_LayerSetAttr E_MI_OSD_ATTR_TYPE_AUTO_DETECT_BUFFER failed, handle: 0, Error[0x7]: MI_ERR_INVALID_HANDLE !!!, line=[1121].
10-24 22:36:57.061  4044  4044 D CLog    : [BluetoothDevicesFragment.java:97::handleMessage]: msg.what = 5
10-24 22:36:57.062  4044  4044 W CLog    : [BluetoothDevicesFragment.java:479::loadMenuInfos]: isBluetoothEnable = true
10-24 22:36:57.065  4044  4044 I CLog    : [BluetoothDevicesFragment.java:584::deviceToMenuInfo]: reuse BluetoothMenuInfo for BDP-S6700(EE:52) from cache, MenuItem = com.cvte.settings.fragment.BluetoothDevicesFragment$TextButtonBluetoothDevice@518c78e
10-24 22:36:57.067  4044  4044 I CLog    : [BluetoothDevicesFragment.java:584::deviceToMenuInfo]: reuse BluetoothMenuInfo for WUDONG(6C:20) from cache, MenuItem = com.cvte.settings.fragment.BluetoothDevicesFragment$TextButtonBluetoothDevice@b7fbf62
10-24 22:36:57.070  4044  4044 I CLog    : [BluetoothDevicesFragment.java:584::deviceToMenuInfo]: reuse BluetoothMenuInfo for 3C:6A:A7:C4:35:14 from cache, MenuItem = com.cvte.settings.fragment.BluetoothDevicesFragment$TextButtonBluetoothDevice@91e738d
10-24 22:36:57.074  4044  4044 D CLog    : [BluetoothDevicesFragment.java:211::isDiscoverying]: isDiscovering() true
10-24 22:36:57.078  2717  2907 E hwcomposer: HWComposerDisplayHalMiOsd::hwcMiDisplay: MI_OSD_LayerSetAttr E_MI_OSD_ATTR_TYPE_AUTO_DETECT_BUFFER failed, handle: 0, Error[0x7]: MI_ERR_INVALID_HANDLE !!!, line=[1121].
10-24 22:36:57.079  4044  4044 W CLog    : [BluetoothRcUtil.java:11::isKnownRemoteControl]: device is BDP-S6700
10-24 22:36:57.079  3383  3841 D BluetoothEventManager: DeviceFoundHandler created new CachedBluetoothDevice: 34:7D:F6:F4:5D:57
10-24 22:36:57.080  4044  4044 W CLog    : [PropertiesUtil.java:183::op_bluetooth_remote_controls]: RemoteB017,BT_Smart_RC001
10-24 22:36:57.081  4044  4044 D ReflectMethodUtil: invokeMethodWithoutParam: target=80424,methodName=doesClassMatch,staticMethod=false,needReturnValue=true
10-24 22:36:57.082  4044  4044 D ReflectMethodUtil: invokeMethodWithoutParam: target=80424,methodName=doesClassMatch,staticMethod=false,needReturnValue=true
10-24 22:36:57.084  4044  4044 D CLog    : [BluetoothDevicesFragment.java:742::onViewCreated]: BDP-S6700(EE:52) battery is gone
10-24 22:36:57.087  4044  4044 W CLog    : [BluetoothRcUtil.java:11::isKnownRemoteControl]: device is WUDONG
10-24 22:36:57.087  4044  4044 W CLog    : [PropertiesUtil.java:183::op_bluetooth_remote_controls]: RemoteB017,BT_Smart_RC001
10-24 22:36:57.090  4044  4044 D CLog    : [BluetoothDevicesFragment.java:742::onViewCreated]: WUDONG(6C:20) battery is gone
10-24 22:36:57.093  4044  4044 W CLog    : [BluetoothRcUtil.java:11::isKnownRemoteControl]: device is null
10-24 22:36:57.093  4044  4044 W CLog    : [PropertiesUtil.java:183::op_bluetooth_remote_controls]: RemoteB017,BT_Smart_RC001
10-24 22:36:57.096  4044  4044 D CLog    : [BluetoothDevicesFragment.java:742::onViewCreated]: 3C:6A:A7:C4:35:14 battery is gone
10-24 22:36:57.105  4044  4044 D CLog    : [BluetoothDevicesFragment.java:444::restoreFocus]: find last focus item = SwitchBluetoothEnable
10-24 22:36:57.105  4044  4044 W CLog    : [BluetoothDevicesFragment.java:460::restoreFocus]: finalFocusItem = SwitchBluetoothEnable
10-24 22:36:57.105  4044  4044 E CLog    : [BluetoothDevicesFragment.java:618::reloadDevices]: refresh time : 44ms
10-24 22:36:57.110  4044  4044 D ReflectMethodUtil: invokeMethodWithoutParam: target=34:7D:F6:F4:5D:57,methodName=getAliasName,staticMethod=false,needReturnValue=true
10-24 22:36:57.118  4044  4044 W CLog    : [BluetoothDevicesFragment.java:646::onDeviceAdded]: device: IT00035378(5D:57)
10-24 22:36:57.118  4044  4044 D BluetoothEventManager: DeviceFoundHandler created new CachedBluetoothDevice: 34:7D:F6:F4:5D:57
10-24 22:36:57.118  4044  4044 D ReflectMethodUtil: invokeMethodWithoutParam: target=D8:A3:5C:B0:EE:BF,methodName=getAliasName,staticMethod=false,needReturnValue=true
10-24 22:36:57.118  3383  3841 D BluetoothEventManager: DeviceFoundHandler created new CachedBluetoothDevice: D8:A3:5C:B0:EE:BF
10-24 22:36:57.127  4044  4044 W CLog    : [BluetoothDevicesFragment.java:646::onDeviceAdded]: device: [TV] Samsung LTREF 49 TV(EE:BF)
10-24 22:36:57.127  4044  4044 D BluetoothEventManager: DeviceFoundHandler created new CachedBluetoothDevice: D8:A3:5C:B0:EE:BF
10-24 22:36:57.128  2717  2907 E hwcomposer: HWComposerDisplayHalMiOsd::hwcMiDisplay: MI_OSD_LayerSetAttr E_MI_OSD_ATTR_TYPE_AUTO_DETECT_BUFFER failed, handle: 0, Error[0x7]: MI_ERR_INVALID_HANDLE !!!, line=[1121].
10-24 22:36:57.128  4044  4044 D CLog    : [BluetoothDevicesFragment.java:97::handleMessage]: msg.what = 2
10-24 22:36:57.128  4044  4044 D CLog    : [BluetoothDevicesFragment.java:97::handleMessage]: msg.what = 2
10-24 22:36:57.129  4044  4044 D CLog    : [BluetoothDevicesFragment.java:97::handleMessage]: msg.what = 5
10-24 22:36:57.144  2717  2907 E hwcomposer: HWComposerDisplayHalMiOsd::hwcMiDisplay: MI_OSD_LayerSetAttr E_MI_OSD_ATTR_TYPE_AUTO_DETECT_BUFFER failed, handle: 0, Error[0x7]: MI_ERR_INVALID_HANDLE !!!, line=[1121].
10-24 22:36:57.160  2717  2907 I chatty  : uid=1000(system) graphic_mi_work identical 1 line
10-24 22:36:57.177  2717  2907 E hwcomposer: HWComposerDisplayHalMiOsd::hwcMiDisplay: MI_OSD_LayerSetAttr E_MI_OSD_ATTR_TYPE_AUTO_DETECT_BUFFER failed, handle: 0, Error[0x7]: MI_ERR_INVALID_HANDLE !!!, line=[1121].
10-24 22:36:57.185  3188  3203 I system_server: Background concurrent copying GC freed 9052(915KB) AllocSpace objects, 11(220KB) LOS objects, 19% free, 5MB/6MB, paused 219us total 124.098ms
10-24 22:36:57.194  2717  2907 E hwcomposer: HWComposerDisplayHalMiOsd::hwcMiDisplay: MI_OSD_LayerSetAttr E_MI_OSD_ATTR_TYPE_AUTO_DETECT_BUFFER failed, handle: 0, Error[0x7]: MI_ERR_INVALID_HANDLE !!!, line=[1121].
10-24 22:36:57.210  2717  2907 I chatty  : uid=1000(system) graphic_mi_work identical 1 line
10-24 22:36:57.226  2717  2907 E hwcomposer: HWComposerDisplayHalMiOsd::hwcMiDisplay: MI_OSD_LayerSetAttr E_MI_OSD_ATTR_TYPE_AUTO_DETECT_BUFFER failed, handle: 0, Error[0x7]: MI_ERR_INVALID_HANDLE !!!, line=[1121].
10-24 22:36:57.229  4044  4044 D CLog    : [BluetoothDevicesFragment.java:97::handleMessage]: msg.what = 5
10-24 22:36:57.230  4044  4044 W CLog    : [BluetoothDevicesFragment.java:479::loadMenuInfos]: isBluetoothEnable = true
10-24 22:36:57.231  4044  4044 I CLog    : [BluetoothDevicesFragment.java:584::deviceToMenuInfo]: reuse BluetoothMenuInfo for BDP-S6700(EE:52) from cache, MenuItem = com.cvte.settings.fragment.BluetoothDevicesFragment$TextButtonBluetoothDevice@91e738d
10-24 22:36:57.233  4044  4044 I CLog    : [BluetoothDevicesFragment.java:584::deviceToMenuInfo]: reuse BluetoothMenuInfo for WUDONG(6C:20) from cache, MenuItem = com.cvte.settings.fragment.BluetoothDevicesFragment$TextButtonBluetoothDevice@b7fbf62
10-24 22:36:57.235  4044  4044 I CLog    : [BluetoothDevicesFragment.java:584::deviceToMenuInfo]: reuse BluetoothMenuInfo for 3C:6A:A7:C4:35:14 from cache, MenuItem = com.cvte.settings.fragment.BluetoothDevicesFragment$TextButtonBluetoothDevice@518c78e
10-24 22:36:57.236  4044  4044 I CLog    : [BluetoothDevicesFragment.java:584::deviceToMenuInfo]: reuse BluetoothMenuInfo for IT00035378(5D:57) from cache, MenuItem = com.cvte.settings.fragment.BluetoothDevicesFragment$TextButtonBluetoothDevice@ae20078
10-24 22:36:57.239  4044  4044 I CLog    : [BluetoothDevicesFragment.java:584::deviceToMenuInfo]: reuse BluetoothMenuInfo for [TV] Samsung LTREF 49 TV(EE:BF) from cache, MenuItem = com.cvte.settings.fragment.BluetoothDevicesFragment$TextButtonBluetoothDevice@cdc3ed5
10-24 22:36:57.242  4044  4044 D CLog    : [BluetoothDevicesFragment.java:211::isDiscoverying]: isDiscovering() true
10-24 22:36:57.243  2717  2907 E hwcomposer: HWComposerDisplayHalMiOsd::hwcMiDisplay: MI_OSD_LayerSetAttr E_MI_OSD_ATTR_TYPE_AUTO_DETECT_BUFFER failed, handle: 0, Error[0x7]: MI_ERR_INVALID_HANDLE !!!, line=[1121].
10-24 22:36:57.246  4044  4044 W CLog    : [BluetoothRcUtil.java:11::isKnownRemoteControl]: device is BDP-S6700
10-24 22:36:57.246  4044  4044 W CLog    : [PropertiesUtil.java:183::op_bluetooth_remote_controls]: RemoteB017,BT_Smart_RC001
10-24 22:36:57.248  4044  4044 D ReflectMethodUtil: invokeMethodWithoutParam: target=80424,methodName=doesClassMatch,staticMethod=false,needReturnValue=true
10-24 22:36:57.248  4044  4044 D ReflectMethodUtil: invokeMethodWithoutParam: target=80424,methodName=doesClassMatch,staticMethod=false,needReturnValue=true
10-24 22:36:57.249  4044  4044 D CLog    : [BluetoothDevicesFragment.java:742::onViewCreated]: BDP-S6700(EE:52) battery is gone
10-24 22:36:57.251  4044  4044 W CLog    : [BluetoothRcUtil.java:11::isKnownRemoteControl]: device is WUDONG
10-24 22:36:57.252  4044  4044 W CLog    : [PropertiesUtil.java:183::op_bluetooth_remote_controls]: RemoteB017,BT_Smart_RC001
10-24 22:36:57.254  4044  4044 D CLog    : [BluetoothDevicesFragment.java:742::onViewCreated]: WUDONG(6C:20) battery is gone
10-24 22:36:57.256  4044  4044 W CLog    : [BluetoothRcUtil.java:11::isKnownRemoteControl]: device is null
10-24 22:36:57.256  4044  4044 W CLog    : [PropertiesUtil.java:183::op_bluetooth_remote_controls]: RemoteB017,BT_Smart_RC001
10-24 22:36:57.258  4044  4044 D CLog    : [BluetoothDevicesFragment.java:742::onViewCreated]: 3C:6A:A7:C4:35:14 battery is gone
10-24 22:36:57.260  4044  4044 W CLog    : [BluetoothRcUtil.java:11::isKnownRemoteControl]: device is IT00035378
10-24 22:36:57.260  4044  4044 W CLog    : [PropertiesUtil.java:183::op_bluetooth_remote_controls]: RemoteB017,BT_Smart_RC001
10-24 22:36:57.263  4044  4044 D CLog    : [BluetoothDevicesFragment.java:742::onViewCreated]: IT00035378(5D:57) battery is gone
10-24 22:36:57.265  4044  4044 W CLog    : [BluetoothRcUtil.java:11::isKnownRemoteControl]: device is [TV] Samsung LTREF 49 TV
10-24 22:36:57.265  4044  4044 W CLog    : [PropertiesUtil.java:183::op_bluetooth_remote_controls]: RemoteB017,BT_Smart_RC001
10-24 22:36:57.267  4044  4044 D ReflectMethodUtil: invokeMethodWithoutParam: target=c043c,methodName=doesClassMatch,staticMethod=false,needReturnValue=true
10-24 22:36:57.268  4044  4044 D CLog    : [BluetoothDevicesFragment.java:742::onViewCreated]: [TV] Samsung LTREF 49 TV(EE:BF) battery is gone
10-24 22:36:57.275  4044  4044 D CLog    : [BluetoothDevicesFragment.java:444::restoreFocus]: find last focus item = SwitchBluetoothEnable
10-24 22:36:57.275  4044  4044 W CLog    : [BluetoothDevicesFragment.java:460::restoreFocus]: finalFocusItem = SwitchBluetoothEnable
10-24 22:36:57.275  4044  4044 E CLog    : [BluetoothDevicesFragment.java:618::reloadDevices]: refresh time : 46ms
10-24 22:36:57.293  2717  2907 E hwcomposer: HWComposerDisplayHalMiOsd::hwcMiDisplay: MI_OSD_LayerSetAttr E_MI_OSD_ATTR_TYPE_AUTO_DETECT_BUFFER failed, handle: 0, Error[0x7]: MI_ERR_INVALID_HANDLE !!!, line=[1121].
10-24 22:36:57.376  2717  2907 I chatty  : uid=1000(system) graphic_mi_work identical 5 lines
10-24 22:36:57.393  2717  2907 E hwcomposer: HWComposerDisplayHalMiOsd::hwcMiDisplay: MI_OSD_LayerSetAttr E_MI_OSD_ATTR_TYPE_AUTO_DETECT_BUFFER failed, handle: 0, Error[0x7]: MI_ERR_INVALID_HANDLE !!!, line=[1121].
10-24 22:36:57.407  4044  4044 D ReflectMethodUtil: invokeMethodWithoutParam: target=4C:02:20:7F:54:D2,methodName=getAliasName,staticMethod=false,needReturnValue=true
10-24 22:36:57.410  2717  2907 E hwcomposer: HWComposerDisplayHalMiOsd::hwcMiDisplay: MI_OSD_LayerSetAttr E_MI_OSD_ATTR_TYPE_AUTO_DETECT_BUFFER failed, handle: 0, Error[0x7]: MI_ERR_INVALID_HANDLE !!!, line=[1121].
10-24 22:36:57.413  4044  4044 W CLog    : [BluetoothDevicesFragment.java:646::onDeviceAdded]: device: Mi 11 Ultra(54:D2)
10-24 22:36:57.413  4044  4044 D BluetoothEventManager: DeviceFoundHandler created new CachedBluetoothDevice: 4C:02:20:7F:54:D2
10-24 22:36:57.414  4044  4044 D CLog    : [BluetoothDevicesFragment.java:97::handleMessage]: msg.what = 2
10-24 22:36:57.414  4044  4044 D CLog    : [BluetoothDevicesFragment.java:97::handleMessage]: msg.what = 5
10-24 22:36:57.415  4044  4044 W CLog    : [BluetoothDevicesFragment.java:479::loadMenuInfos]: isBluetoothEnable = true
10-24 22:36:57.415  3383  3841 D BluetoothEventManager: DeviceFoundHandler created new CachedBluetoothDevice: 4C:02:20:7F:54:D2
10-24 22:36:57.416  4044  4044 I CLog    : [BluetoothDevicesFragment.java:584::deviceToMenuInfo]: reuse BluetoothMenuInfo for BDP-S6700(EE:52) from cache, MenuItem = com.cvte.settings.fragment.BluetoothDevicesFragment$TextButtonBluetoothDevice@cdc3ed5
10-24 22:36:57.418  4044  4044 I CLog    : [BluetoothDevicesFragment.java:584::deviceToMenuInfo]: reuse BluetoothMenuInfo for WUDONG(6C:20) from cache, MenuItem = com.cvte.settings.fragment.BluetoothDevicesFragment$TextButtonBluetoothDevice@ae20078
10-24 22:36:57.420  4044  4044 I CLog    : [BluetoothDevicesFragment.java:584::deviceToMenuInfo]: reuse BluetoothMenuInfo for 3C:6A:A7:C4:35:14 from cache, MenuItem = com.cvte.settings.fragment.BluetoothDevicesFragment$TextButtonBluetoothDevice@518c78e
10-24 22:36:57.423  4044  4044 I CLog    : [BluetoothDevicesFragment.java:584::deviceToMenuInfo]: reuse BluetoothMenuInfo for IT00035378(5D:57) from cache, MenuItem = com.cvte.settings.fragment.BluetoothDevicesFragment$TextButtonBluetoothDevice@b7fbf62
10-24 22:36:57.425  4044  4044 I CLog    : [BluetoothDevicesFragment.java:584::deviceToMenuInfo]: reuse BluetoothMenuInfo for [TV] Samsung LTREF 49 TV(EE:BF) from cache, MenuItem = com.cvte.settings.fragment.BluetoothDevicesFragment$TextButtonBluetoothDevice@91e738d
10-24 22:36:57.427  2717  2907 E hwcomposer: HWComposerDisplayHalMiOsd::hwcMiDisplay: MI_OSD_LayerSetAttr E_MI_OSD_ATTR_TYPE_AUTO_DETECT_BUFFER failed, handle: 0, Error[0x7]: MI_ERR_INVALID_HANDLE !!!, line=[1121].
10-24 22:36:57.427  4044  4044 I CLog    : [BluetoothDevicesFragment.java:584::deviceToMenuInfo]: reuse BluetoothMenuInfo for Mi 11 Ultra(54:D2) from cache, MenuItem = com.cvte.settings.fragment.BluetoothDevicesFragment$TextButtonBluetoothDevice@a1d1a19
10-24 22:36:57.430  4044  4044 D CLog    : [BluetoothDevicesFragment.java:211::isDiscoverying]: isDiscovering() true
10-24 22:36:57.434  4044  4044 W CLog    : [BluetoothRcUtil.java:11::isKnownRemoteControl]: device is BDP-S6700
10-24 22:36:57.434  4044  4044 W CLog    : [PropertiesUtil.java:183::op_bluetooth_remote_controls]: RemoteB017,BT_Smart_RC001
10-24 22:36:57.435  4044  4044 D ReflectMethodUtil: invokeMethodWithoutParam: target=80424,methodName=doesClassMatch,staticMethod=false,needReturnValue=true
10-24 22:36:57.435  4044  4044 D ReflectMethodUtil: invokeMethodWithoutParam: target=80424,methodName=doesClassMatch,staticMethod=false,needReturnValue=true
10-24 22:36:57.437  4044  4044 D CLog    : [BluetoothDevicesFragment.java:742::onViewCreated]: BDP-S6700(EE:52) battery is gone
10-24 22:36:57.439  4044  4044 W CLog    : [BluetoothRcUtil.java:11::isKnownRemoteControl]: device is WUDONG
10-24 22:36:57.440  4044  4044 W CLog    : [PropertiesUtil.java:183::op_bluetooth_remote_controls]: RemoteB017,BT_Smart_RC001
10-24 22:36:57.442  4044  4044 D CLog    : [BluetoothDevicesFragment.java:742::onViewCreated]: WUDONG(6C:20) battery is gone
10-24 22:36:57.444  4044  4044 W CLog    : [BluetoothRcUtil.java:11::isKnownRemoteControl]: device is null
10-24 22:36:57.444  4044  4044 W CLog    : [PropertiesUtil.java:183::op_bluetooth_remote_controls]: RemoteB017,BT_Smart_RC001
10-24 22:36:57.447  4044  4044 D CLog    : [BluetoothDevicesFragment.java:742::onViewCreated]: 3C:6A:A7:C4:35:14 battery is gone
10-24 22:36:57.449  4044  4044 W CLog    : [BluetoothRcUtil.java:11::isKnownRemoteControl]: device is IT00035378
10-24 22:36:57.449  4044  4044 W CLog    : [PropertiesUtil.java:183::op_bluetooth_remote_controls]: RemoteB017,BT_Smart_RC001
10-24 22:36:57.452  4044  4044 D CLog    : [BluetoothDevicesFragment.java:742::onViewCreated]: IT00035378(5D:57) battery is gone
10-24 22:36:57.454  4044  4044 W CLog    : [BluetoothRcUtil.java:11::isKnownRemoteControl]: device is [TV] Samsung LTREF 49 TV
10-24 22:36:57.455  4044  4044 W CLog    : [PropertiesUtil.java:183::op_bluetooth_remote_controls]: RemoteB017,BT_Smart_RC001
10-24 22:36:57.456  4044  4044 D ReflectMethodUtil: invokeMethodWithoutParam: target=c043c,methodName=doesClassMatch,staticMethod=false,needReturnValue=true
10-24 22:36:57.458  4044  4044 D CLog    : [BluetoothDevicesFragment.java:742::onViewCreated]: [TV] Samsung LTREF 49 TV(EE:BF) battery is gone
10-24 22:36:57.460  4044  4044 W CLog    : [BluetoothRcUtil.java:11::isKnownRemoteControl]: device is Mi 11 Ultra
10-24 22:36:57.460  4044  4044 W CLog    : [PropertiesUtil.java:183::op_bluetooth_remote_controls]: RemoteB017,BT_Smart_RC001
10-24 22:36:57.488  4044  4044 D CLog    : [BluetoothDevicesFragment.java:742::onViewCreated]: Mi 11 Ultra(54:D2) battery is gone
10-24 22:36:57.496  4044  4044 D CLog    : [BluetoothDevicesFragment.java:444::restoreFocus]: find last focus item = SwitchBluetoothEnable
10-24 22:36:57.496  4044  4044 W CLog    : [BluetoothDevicesFragment.java:460::restoreFocus]: finalFocusItem = SwitchBluetoothEnable
10-24 22:36:57.497  4044  4044 E CLog    : [BluetoothDevicesFragment.java:618::reloadDevices]: refresh time : 82ms
10-24 22:36:57.526  2717  2907 E hwcomposer: HWComposerDisplayHalMiOsd::hwcMiDisplay: MI_OSD_LayerSetAttr E_MI_OSD_ATTR_TYPE_AUTO_DETECT_BUFFER failed, handle: 0, Error[0x7]: MI_ERR_INVALID_HANDLE !!!, line=[1121].
10-24 22:36:57.927  2717  2907 I chatty  : uid=1000(system) graphic_mi_work identical 24 lines
10-24 22:36:57.943  2717  2907 E hwcomposer: HWComposerDisplayHalMiOsd::hwcMiDisplay: MI_OSD_LayerSetAttr E_MI_OSD_ATTR_TYPE_AUTO_DETECT_BUFFER failed, handle: 0, Error[0x7]: MI_ERR_INVALID_HANDLE !!!, line=[1121].
10-24 22:36:57.948  4044  4044 D ReflectMethodUtil: invokeMethodWithoutParam: target=D4:9E:3B:C5:52:87,methodName=getAliasName,staticMethod=false,needReturnValue=true
10-24 22:36:57.956  4044  4044 W CLog    : [BluetoothDevicesFragment.java:646::onDeviceAdded]: device: D4:9E:3B:C5:52:87
10-24 22:36:57.956  4044  4044 D BluetoothEventManager: DeviceFoundHandler created new CachedBluetoothDevice: D4:9E:3B:C5:52:87
10-24 22:36:57.957  4044  4044 D CLog    : [BluetoothDevicesFragment.java:97::handleMessage]: msg.what = 2
10-24 22:36:57.957  4044  4044 D CLog    : [BluetoothDevicesFragment.java:97::handleMessage]: msg.what = 5
10-24 22:36:57.959  4044  4044 W CLog    : [BluetoothDevicesFragment.java:479::loadMenuInfos]: isBluetoothEnable = true
10-24 22:36:57.960  3383  3841 D BluetoothEventManager: DeviceFoundHandler created new CachedBluetoothDevice: D4:9E:3B:C5:52:87
10-24 22:36:57.960  2717  2907 E hwcomposer: HWComposerDisplayHalMiOsd::hwcMiDisplay: MI_OSD_LayerSetAttr E_MI_OSD_ATTR_TYPE_AUTO_DETECT_BUFFER failed, handle: 0, Error[0x7]: MI_ERR_INVALID_HANDLE !!!, line=[1121].
10-24 22:36:57.961  4044  4044 I CLog    : [BluetoothDevicesFragment.java:584::deviceToMenuInfo]: reuse BluetoothMenuInfo for BDP-S6700(EE:52) from cache, MenuItem = com.cvte.settings.fragment.BluetoothDevicesFragment$TextButtonBluetoothDevice@a1d1a19
10-24 22:36:57.963  4044  4044 I CLog    : [BluetoothDevicesFragment.java:584::deviceToMenuInfo]: reuse BluetoothMenuInfo for WUDONG(6C:20) from cache, MenuItem = com.cvte.settings.fragment.BluetoothDevicesFragment$TextButtonBluetoothDevice@91e738d
10-24 22:36:57.965  4044  4044 I CLog    : [BluetoothDevicesFragment.java:584::deviceToMenuInfo]: reuse BluetoothMenuInfo for 3C:6A:A7:C4:35:14 from cache, MenuItem = com.cvte.settings.fragment.BluetoothDevicesFragment$TextButtonBluetoothDevice@b7fbf62
10-24 22:36:57.967  4044  4044 I CLog    : [BluetoothDevicesFragment.java:584::deviceToMenuInfo]: reuse BluetoothMenuInfo for IT00035378(5D:57) from cache, MenuItem = com.cvte.settings.fragment.BluetoothDevicesFragment$TextButtonBluetoothDevice@518c78e
10-24 22:36:57.969  4044  4044 I CLog    : [BluetoothDevicesFragment.java:584::deviceToMenuInfo]: reuse BluetoothMenuInfo for [TV] Samsung LTREF 49 TV(EE:BF) from cache, MenuItem = com.cvte.settings.fragment.BluetoothDevicesFragment$TextButtonBluetoothDevice@ae20078
10-24 22:36:57.972  4044  4044 I CLog    : [BluetoothDevicesFragment.java:584::deviceToMenuInfo]: reuse BluetoothMenuInfo for Mi 11 Ultra(54:D2) from cache, MenuItem = com.cvte.settings.fragment.BluetoothDevicesFragment$TextButtonBluetoothDevice@cdc3ed5
10-24 22:36:57.974  4044  4044 I CLog    : [BluetoothDevicesFragment.java:584::deviceToMenuInfo]: reuse BluetoothMenuInfo for D4:9E:3B:C5:52:87 from cache, MenuItem = com.cvte.settings.fragment.BluetoothDevicesFragment$TextButtonBluetoothDevice@b2ce792
10-24 22:36:57.977  2717  2907 E hwcomposer: HWComposerDisplayHalMiOsd::hwcMiDisplay: MI_OSD_LayerSetAttr E_MI_OSD_ATTR_TYPE_AUTO_DETECT_BUFFER failed, handle: 0, Error[0x7]: MI_ERR_INVALID_HANDLE !!!, line=[1121].
10-24 22:36:57.978  4044  4044 D CLog    : [BluetoothDevicesFragment.java:211::isDiscoverying]: isDiscovering() true
10-24 22:36:57.982  4044  4044 W CLog    : [BluetoothRcUtil.java:11::isKnownRemoteControl]: device is BDP-S6700
10-24 22:36:57.982  4044  4044 W CLog    : [PropertiesUtil.java:183::op_bluetooth_remote_controls]: RemoteB017,BT_Smart_RC001
10-24 22:36:57.984  4044  4044 D ReflectMethodUtil: invokeMethodWithoutParam: target=80424,methodName=doesClassMatch,staticMethod=false,needReturnValue=true
10-24 22:36:57.984  4044  4044 D ReflectMethodUtil: invokeMethodWithoutParam: target=80424,methodName=doesClassMatch,staticMethod=false,needReturnValue=true
10-24 22:36:57.986  4044  4044 D CLog    : [BluetoothDevicesFragment.java:742::onViewCreated]: BDP-S6700(EE:52) battery is gone
10-24 22:36:57.988  4044  4044 W CLog    : [BluetoothRcUtil.java:11::isKnownRemoteControl]: device is WUDONG
10-24 22:36:57.988  4044  4044 W CLog    : [PropertiesUtil.java:183::op_bluetooth_remote_controls]: RemoteB017,BT_Smart_RC001
10-24 22:36:57.991  4044  4044 D CLog    : [BluetoothDevicesFragment.java:742::onViewCreated]: WUDONG(6C:20) battery is gone
10-24 22:36:57.993  4044  4044 W CLog    : [BluetoothRcUtil.java:11::isKnownRemoteControl]: device is null
10-24 22:36:57.994  4044  4044 W CLog    : [PropertiesUtil.java:183::op_bluetooth_remote_controls]: RemoteB017,BT_Smart_RC001
10-24 22:36:57.996  4044  4044 D CLog    : [BluetoothDevicesFragment.java:742::onViewCreated]: 3C:6A:A7:C4:35:14 battery is gone
10-24 22:36:57.999  4044  4044 W CLog    : [BluetoothRcUtil.java:11::isKnownRemoteControl]: device is IT00035378
10-24 22:36:57.999  4044  4044 W CLog    : [PropertiesUtil.java:183::op_bluetooth_remote_controls]: RemoteB017,BT_Smart_RC001
10-24 22:36:58.002  4044  4044 D CLog    : [BluetoothDevicesFragment.java:742::onViewCreated]: IT00035378(5D:57) battery is gone
10-24 22:36:58.004  4044  4044 W CLog    : [BluetoothRcUtil.java:11::isKnownRemoteControl]: device is [TV] Samsung LTREF 49 TV
10-24 22:36:58.004  4044  4044 W CLog    : [PropertiesUtil.java:183::op_bluetooth_remote_controls]: RemoteB017,BT_Smart_RC001
10-24 22:36:58.006  4044  4044 D ReflectMethodUtil: invokeMethodWithoutParam: target=c043c,methodName=doesClassMatch,staticMethod=false,needReturnValue=true
10-24 22:36:58.008  4044  4044 D CLog    : [BluetoothDevicesFragment.java:742::onViewCreated]: [TV] Samsung LTREF 49 TV(EE:BF) battery is gone
10-24 22:36:58.010  4044  4044 W CLog    : [BluetoothRcUtil.java:11::isKnownRemoteControl]: device is Mi 11 Ultra
10-24 22:36:58.010  4044  4044 W CLog    : [PropertiesUtil.java:183::op_bluetooth_remote_controls]: RemoteB017,BT_Smart_RC001
10-24 22:36:58.014  4044  4044 D CLog    : [BluetoothDevicesFragment.java:742::onViewCreated]: Mi 11 Ultra(54:D2) battery is gone
10-24 22:36:58.016  4044  4044 W CLog    : [BluetoothRcUtil.java:11::isKnownRemoteControl]: device is null
10-24 22:36:58.017  4044  4044 W CLog    : [PropertiesUtil.java:183::op_bluetooth_remote_controls]: RemoteB017,BT_Smart_RC001
10-24 22:36:58.018  4044  4044 D ReflectMethodUtil: invokeMethodWithoutParam: target=2c043c,methodName=doesClassMatch,staticMethod=false,needReturnValue=true
10-24 22:36:58.020  4044  4044 D CLog    : [BluetoothDevicesFragment.java:742::onViewCreated]: D4:9E:3B:C5:52:87 battery is gone
10-24 22:36:58.031  4044  4044 D CLog    : [BluetoothDevicesFragment.java:444::restoreFocus]: find last focus item = SwitchBluetoothEnable
10-24 22:36:58.032  4044  4044 W CLog    : [BluetoothDevicesFragment.java:460::restoreFocus]: finalFocusItem = SwitchBluetoothEnable
10-24 22:36:58.032  4044  4044 E CLog    : [BluetoothDevicesFragment.java:618::reloadDevices]: refresh time : 74ms
10-24 22:36:58.060  2717  2907 E hwcomposer: HWComposerDisplayHalMiOsd::hwcMiDisplay: MI_OSD_LayerSetAttr E_MI_OSD_ATTR_TYPE_AUTO_DETECT_BUFFER failed, handle: 0, Error[0x7]: MI_ERR_INVALID_HANDLE !!!, line=[1121].
10-24 22:36:58.060  4044  4044 D ReflectMethodUtil: invokeMethodWithoutParam: target=D8:A3:5C:AF:F7:3B,methodName=getAliasName,staticMethod=false,needReturnValue=true
10-24 22:36:58.066  4044  4044 W CLog    : [BluetoothDevicesFragment.java:646::onDeviceAdded]: device: [TV] Samsung LTREF 49 TV(F7:3B)
10-24 22:36:58.066  4044  4044 D BluetoothEventManager: DeviceFoundHandler created new CachedBluetoothDevice: D8:A3:5C:AF:F7:3B
10-24 22:36:58.067  4044  4044 D CLog    : [BluetoothDevicesFragment.java:97::handleMessage]: msg.what = 2
10-24 22:36:58.067  4044  4044 D CLog    : [BluetoothDevicesFragment.java:97::handleMessage]: msg.what = 5
10-24 22:36:58.068  3383  3841 D BluetoothEventManager: DeviceFoundHandler created new CachedBluetoothDevice: D8:A3:5C:AF:F7:3B
10-24 22:36:58.077  2717  2907 E hwcomposer: HWComposerDisplayHalMiOsd::hwcMiDisplay: MI_OSD_LayerSetAttr E_MI_OSD_ATTR_TYPE_AUTO_DETECT_BUFFER failed, handle: 0, Error[0x7]: MI_ERR_INVALID_HANDLE !!!, line=[1121].
10-24 22:36:58.143  2717  2907 I chatty  : uid=1000(system) graphic_mi_work identical 4 lines
10-24 22:36:58.160  2717  2907 E hwcomposer: HWComposerDisplayHalMiOsd::hwcMiDisplay: MI_OSD_LayerSetAttr E_MI_OSD_ATTR_TYPE_AUTO_DETECT_BUFFER failed, handle: 0, Error[0x7]: MI_ERR_INVALID_HANDLE !!!, line=[1121].
10-24 22:36:58.168  4044  4044 D CLog    : [BluetoothDevicesFragment.java:97::handleMessage]: msg.what = 5
10-24 22:36:58.169  4044  4044 W CLog    : [BluetoothDevicesFragment.java:479::loadMenuInfos]: isBluetoothEnable = true
10-24 22:36:58.172  4044  4044 I CLog    : [BluetoothDevicesFragment.java:584::deviceToMenuInfo]: reuse BluetoothMenuInfo for BDP-S6700(EE:52) from cache, MenuItem = com.cvte.settings.fragment.BluetoothDevicesFragment$TextButtonBluetoothDevice@b2ce792
10-24 22:36:58.174  4044  4044 I CLog    : [BluetoothDevicesFragment.java:584::deviceToMenuInfo]: reuse BluetoothMenuInfo for WUDONG(6C:20) from cache, MenuItem = com.cvte.settings.fragment.BluetoothDevicesFragment$TextButtonBluetoothDevice@cdc3ed5
10-24 22:36:58.176  4044  4044 I CLog    : [BluetoothDevicesFragment.java:584::deviceToMenuInfo]: reuse BluetoothMenuInfo for 3C:6A:A7:C4:35:14 from cache, MenuItem = com.cvte.settings.fragment.BluetoothDevicesFragment$TextButtonBluetoothDevice@ae20078
10-24 22:36:58.177  2717  2907 E hwcomposer: HWComposerDisplayHalMiOsd::hwcMiDisplay: MI_OSD_LayerSetAttr E_MI_OSD_ATTR_TYPE_AUTO_DETECT_BUFFER failed, handle: 0, Error[0x7]: MI_ERR_INVALID_HANDLE !!!, line=[1121].
10-24 22:36:58.178  4044  4044 I CLog    : [BluetoothDevicesFragment.java:584::deviceToMenuInfo]: reuse BluetoothMenuInfo for IT00035378(5D:57) from cache, MenuItem = com.cvte.settings.fragment.BluetoothDevicesFragment$TextButtonBluetoothDevice@518c78e
10-24 22:36:58.181  4044  4044 I CLog    : [BluetoothDevicesFragment.java:584::deviceToMenuInfo]: reuse BluetoothMenuInfo for [TV] Samsung LTREF 49 TV(EE:BF) from cache, MenuItem = com.cvte.settings.fragment.BluetoothDevicesFragment$TextButtonBluetoothDevice@b7fbf62
10-24 22:36:58.183  4044  4044 I CLog    : [BluetoothDevicesFragment.java:584::deviceToMenuInfo]: reuse BluetoothMenuInfo for Mi 11 Ultra(54:D2) from cache, MenuItem = com.cvte.settings.fragment.BluetoothDevicesFragment$TextButtonBluetoothDevice@91e738d
10-24 22:36:58.185  4044  4044 I CLog    : [BluetoothDevicesFragment.java:584::deviceToMenuInfo]: reuse BluetoothMenuInfo for D4:9E:3B:C5:52:87 from cache, MenuItem = com.cvte.settings.fragment.BluetoothDevicesFragment$TextButtonBluetoothDevice@a1d1a19
10-24 22:36:58.187  4044  4044 I CLog    : [BluetoothDevicesFragment.java:584::deviceToMenuInfo]: reuse BluetoothMenuInfo for [TV] Samsung LTREF 49 TV(F7:3B) from cache, MenuItem = com.cvte.settings.fragment.BluetoothDevicesFragment$TextButtonBluetoothDevice@785c106
10-24 22:36:58.191  4044  4044 D CLog    : [BluetoothDevicesFragment.java:211::isDiscoverying]: isDiscovering() true
10-24 22:36:58.193  2717  2907 E hwcomposer: HWComposerDisplayHalMiOsd::hwcMiDisplay: MI_OSD_LayerSetAttr E_MI_OSD_ATTR_TYPE_AUTO_DETECT_BUFFER failed, handle: 0, Error[0x7]: MI_ERR_INVALID_HANDLE !!!, line=[1121].
10-24 22:36:58.195  4044  4044 W CLog    : [BluetoothRcUtil.java:11::isKnownRemoteControl]: device is BDP-S6700
10-24 22:36:58.195  4044  4044 W CLog    : [PropertiesUtil.java:183::op_bluetooth_remote_controls]: RemoteB017,BT_Smart_RC001
10-24 22:36:58.197  4044  4044 D ReflectMethodUtil: invokeMethodWithoutParam: target=80424,methodName=doesClassMatch,staticMethod=false,needReturnValue=true
10-24 22:36:58.197  4044  4044 D ReflectMethodUtil: invokeMethodWithoutParam: target=80424,methodName=doesClassMatch,staticMethod=false,needReturnValue=true
10-24 22:36:58.199  4044  4044 D CLog    : [BluetoothDevicesFragment.java:742::onViewCreated]: BDP-S6700(EE:52) battery is gone
10-24 22:36:58.201  4044  4044 W CLog    : [BluetoothRcUtil.java:11::isKnownRemoteControl]: device is WUDONG
10-24 22:36:58.201  4044  4044 W CLog    : [PropertiesUtil.java:183::op_bluetooth_remote_controls]: RemoteB017,BT_Smart_RC001
10-24 22:36:58.204  4044  4044 D CLog    : [BluetoothDevicesFragment.java:742::onViewCreated]: WUDONG(6C:20) battery is gone
10-24 22:36:58.206  4044  4044 W CLog    : [BluetoothRcUtil.java:11::isKnownRemoteControl]: device is null
10-24 22:36:58.207  4044  4044 W CLog    : [PropertiesUtil.java:183::op_bluetooth_remote_controls]: RemoteB017,BT_Smart_RC001
10-24 22:36:58.209  4044  4044 D CLog    : [BluetoothDevicesFragment.java:742::onViewCreated]: 3C:6A:A7:C4:35:14 battery is gone
10-24 22:36:58.211  4044  4044 W CLog    : [BluetoothRcUtil.java:11::isKnownRemoteControl]: device is IT00035378
10-24 22:36:58.211  4044  4044 W CLog    : [PropertiesUtil.java:183::op_bluetooth_remote_controls]: RemoteB017,BT_Smart_RC001
10-24 22:36:58.215  4044  4044 D CLog    : [BluetoothDevicesFragment.java:742::onViewCreated]: IT00035378(5D:57) battery is gone
10-24 22:36:58.217  4044  4044 W CLog    : [BluetoothRcUtil.java:11::isKnownRemoteControl]: device is [TV] Samsung LTREF 49 TV
10-24 22:36:58.217  4044  4044 W CLog    : [PropertiesUtil.java:183::op_bluetooth_remote_controls]: RemoteB017,BT_Smart_RC001
10-24 22:36:58.219  4044  4044 D ReflectMethodUtil: invokeMethodWithoutParam: target=c043c,methodName=doesClassMatch,staticMethod=false,needReturnValue=true
10-24 22:36:58.221  4044  4044 D CLog    : [BluetoothDevicesFragment.java:742::onViewCreated]: [TV] Samsung LTREF 49 TV(EE:BF) battery is gone
10-24 22:36:58.223  4044  4044 W CLog    : [BluetoothRcUtil.java:11::isKnownRemoteControl]: device is Mi 11 Ultra
10-24 22:36:58.223  4044  4044 W CLog    : [PropertiesUtil.java:183::op_bluetooth_remote_controls]: RemoteB017,BT_Smart_RC001
10-24 22:36:58.227  4044  4044 D CLog    : [BluetoothDevicesFragment.java:742::onViewCreated]: Mi 11 Ultra(54:D2) battery is gone
10-24 22:36:58.229  4044  4044 W CLog    : [BluetoothRcUtil.java:11::isKnownRemoteControl]: device is null
10-24 22:36:58.230  4044  4044 W CLog    : [PropertiesUtil.java:183::op_bluetooth_remote_controls]: RemoteB017,BT_Smart_RC001
10-24 22:36:58.231  4044  4044 D ReflectMethodUtil: invokeMethodWithoutParam: target=2c043c,methodName=doesClassMatch,staticMethod=false,needReturnValue=true
10-24 22:36:58.232  4044  4044 D CLog    : [BluetoothDevicesFragment.java:742::onViewCreated]: D4:9E:3B:C5:52:87 battery is gone
10-24 22:36:58.235  4044  4044 W CLog    : [BluetoothRcUtil.java:11::isKnownRemoteControl]: device is [TV] Samsung LTREF 49 TV
10-24 22:36:58.235  4044  4044 W CLog    : [PropertiesUtil.java:183::op_bluetooth_remote_controls]: RemoteB017,BT_Smart_RC001
10-24 22:36:58.237  4044  4044 D ReflectMethodUtil: invokeMethodWithoutParam: target=c043c,methodName=doesClassMatch,staticMethod=false,needReturnValue=true
10-24 22:36:58.239  4044  4044 D CLog    : [BluetoothDevicesFragment.java:742::onViewCreated]: [TV] Samsung LTREF 49 TV(F7:3B) battery is gone
10-24 22:36:58.250  4044  4044 D CLog    : [BluetoothDevicesFragment.java:444::restoreFocus]: find last focus item = SwitchBluetoothEnable
10-24 22:36:58.250  4044  4044 W CLog    : [BluetoothDevicesFragment.java:460::restoreFocus]: finalFocusItem = SwitchBluetoothEnable
10-24 22:36:58.250  4044  4044 E CLog    : [BluetoothDevicesFragment.java:618::reloadDevices]: refresh time : 82ms
10-24 22:36:58.276  2717  2907 E hwcomposer: HWComposerDisplayHalMiOsd::hwcMiDisplay: MI_OSD_LayerSetAttr E_MI_OSD_ATTR_TYPE_AUTO_DETECT_BUFFER failed, handle: 0, Error[0x7]: MI_ERR_INVALID_HANDLE !!!, line=[1121].
10-24 22:36:58.293  2717  2907 E hwcomposer: HWComposerDisplayHalMiOsd::hwcMiDisplay: MI_OSD_LayerSetAttr E_MI_OSD_ATTR_TYPE_AUTO_DETECT_BUFFER failed, handle: 0, Error[0x7]: MI_ERR_INVALID_HANDLE !!!, line=[1121].
10-24 22:36:58.294  7101  7153 W bt_btm_ble: btm_ble_process_adv_pkt_cont device no longer discoverable, discarding advertising packet
10-24 22:36:58.299  7101  7153 I chatty  : uid=1002(bluetooth) btu message loo identical 3 lines
10-24 22:36:58.300  7101  7153 W bt_btm_ble: btm_ble_process_adv_pkt_cont device no longer discoverable, discarding advertising packet
10-24 22:36:58.310  2717  2907 E hwcomposer: HWComposerDisplayHalMiOsd::hwcMiDisplay: MI_OSD_LayerSetAttr E_MI_OSD_ATTR_TYPE_AUTO_DETECT_BUFFER failed, handle: 0, Error[0x7]: MI_ERR_INVALID_HANDLE !!!, line=[1121].
10-24 22:36:58.543  2717  2907 I chatty  : uid=1000(system) graphic_mi_work identical 14 lines
10-24 22:36:58.560  2717  2907 E hwcomposer: HWComposerDisplayHalMiOsd::hwcMiDisplay: MI_OSD_LayerSetAttr E_MI_OSD_ATTR_TYPE_AUTO_DETECT_BUFFER failed, handle: 0, Error[0x7]: MI_ERR_INVALID_HANDLE !!!, line=[1121].
10-24 22:36:58.566  4044  4044 D ReflectMethodUtil: invokeMethodWithoutParam: target=94:B8:6D:CF:8D:1F,methodName=getAliasName,staticMethod=false,needReturnValue=true
10-24 22:36:58.574  4044  4044 W CLog    : [BluetoothDevicesFragment.java:646::onDeviceAdded]: device: IT00009071(8D:1F)
10-24 22:36:58.574  4044  4044 D BluetoothEventManager: DeviceFoundHandler created new CachedBluetoothDevice: 94:B8:6D:CF:8D:1F
