10-24 22:37:01.245  4044  4044 W CLog    : [PropertiesUtil.java:183::op_bluetooth_remote_controls]: RemoteB017,BT_Smart_RC001
10-24 22:37:01.247  4044  4044 D ReflectMethodUtil: invokeMethodWithoutParam: target=8043c,methodName=doesClassMatch,staticMethod=false,needReturnValue=true
10-24 22:37:01.247  4044  4044 D ReflectMethodUtil: invokeMethodWithoutParam: target=8043c,methodName=doesClassMatch,staticMethod=false,needReturnValue=true
10-24 22:37:01.248  4044  4044 D CLog    : [BluetoothDevicesFragment.java:742::onViewCreated]: D8:E0:E1:1A:8A:3D battery is gone
10-24 22:37:01.262  4044  4044 D CLog    : [BluetoothDevicesFragment.java:455::restoreFocus]: lastEnableItem = SwitchBluetoothEnable
10-24 22:37:01.264  4044  4044 D CLog    : [BluetoothDevicesFragment.java:455::restoreFocus]: lastEnableItem = TextButtonBluetoothSearchDevice
10-24 22:37:01.266  4044  4044 D CLog    : [BluetoothDevicesFragment.java:455::restoreFocus]: lastEnableItem = BDP-S6700(EE:52)
10-24 22:37:01.269  4044  4044 D CLog    : [BluetoothDevicesFragment.java:455::restoreFocus]: lastEnableItem = WUDONG(6C:20)
10-24 22:37:01.271  4044  4044 D CLog    : [BluetoothDevicesFragment.java:444::restoreFocus]: find last focus item = 3C:6A:A7:C4:35:14
10-24 22:37:01.272  4044  4044 D CLog    : [MenuInfoFragment.java:195::onChildFocusChanged]: onChildFocusChanged: mLastFocusMenuId=3C:6A:A7:C4:35:14
10-24 22:37:01.274  4044  4044 W CLog    : [BluetoothDevicesFragment.java:460::restoreFocus]: finalFocusItem = 3C:6A:A7:C4:35:14
10-24 22:37:01.274  4044  4044 E CLog    : [BluetoothDevicesFragment.java:618::reloadDevices]: refresh time : 124ms
10-24 22:37:01.286  4044  4044 D CLog    : [MenuInfoFragment.java:195::onChildFocusChanged]: onChildFocusChanged: mLastFocusMenuId=IT00035378(5D:57)
10-24 22:37:01.291  3625  3692 D TV_MtkTvConfig: Enter getConfigValue, inputGroup=-1, cfgId=g_pip_pop__pip_pop_tv_focus_win
10-24 22:37:01.292  3625  3692 D TV_MtkTvConfig: Leave getConfigValue
10-24 22:37:01.292  3625  3692 D TV_MtkTvAVModeBase: isFreeze
10-24 22:37:01.292  3625  3692 D MtkTvAvMode_jni: native_isFreeze
10-24 22:37:01.293  3625  3692 D MtkTvAvMode_jni: native_isFreeze, b_freeze = 0 
10-24 22:37:01.294  3188  3306 D WindowManager: enter interceptKeyBeforeDispatching 1
10-24 22:37:01.294  3188  3306 I WindowManager: cvteInterceptKeyBeforeDispatching Go in event =20
10-24 22:37:01.294  3188  3306 D WindowManager: enter cvteInterceptKeyBeforeDispatching onGlobalKeyEvent
10-24 22:37:01.294  3625  3692 D Evan    : onGlobalKeyEvent keycode=20
10-24 22:37:01.295  3625  3692 I tvapi   : [null::eventTvScanAtvIsScanning:22]: eventTvScanAtvIsScanning bScanning=false
10-24 22:37:01.295  3625  3692 I tvapi   : [null::eventTvScanDtmbIsScanning:22]: eventTvScanDtmbIsScanning bScanning=false
10-24 22:37:01.295  2806  2806 D MTK_KL  : 4,6251,628978493,c;[GLUE][IR]u8KeyCode: 0x006c , u8KeyState: 0x2
10-24 22:37:01.296  3625  3692 D hotkey  : [null::isFragmentShowing:9]: isFragmentShowing fragments=null 
10-24 22:37:01.296  3625  3692 D hotkey  : [null::handleMapKeyEvent:17]: KeyEvent { action=ACTION_UP, keyCode=KEYCODE_DPAD_DOWN, scanCode=108, metaState=0, flags=0x8, repeatCount=0, eventTime=628976, downTime=628821, deviceId=2, source=0x301 }
10-24 22:37:01.296  3625  3692 I tvapi   : [null::st:9]: keyevent SIGNAL_LOST resetTimer
10-24 22:37:01.296  3625  3692 D MtkTvInputSource_jni: native_getCurrentInputSourceName
10-24 22:37:01.297  3625  3692 D MtkTvInputSource_jni: native_getCurrentInputSourceName
10-24 22:37:01.297  3625  3692 I tvapi   : [null::getCurrentSourceTypeName:60]: getCurrentSourceTypeName: currentSourceTypeName: ATV
10-24 22:37:01.297  3625  3692 D MtkTvInputSource_jni: native_getCurrentInputSourceName
10-24 22:37:01.298  3625  3692 I tvapi   : [null::getCurrentSourceTypeName:60]: getCurrentSourceTypeName: currentSourceTypeName: ATV
10-24 22:37:01.298  3625  3692 D MtkTvInputSource_jni: native_getCurrentInputSourceName
10-24 22:37:01.299  3625  3692 I tvapi   : [null::getCurrentSourceTypeName:60]: getCurrentSourceTypeName: currentSourceTypeName: ATV
10-24 22:37:01.299  3625  3692 D MtkTvInputSource_jni: native_getCurrentInputSourceName
10-24 22:37:01.300  3625  3692 I tvapi   : [null::getCurrentSourceTypeName:60]: getCurrentSourceTypeName: currentSourceTypeName: ATV
10-24 22:37:01.301  3589  3832 D CLog    : [null:26::a]: time = -1
10-24 22:37:01.301  3589  3832 D CLog    : [null:0::onTvNotify]: notifySystemSignalLostPowerOffTimeRemaining
10-24 22:37:01.301  3589  3832 D CLog    : [null:4::onTvNotify]: notifySystemSignalLostPowerOffTimeRemaining
10-24 22:37:01.303  3589  3832 D Evan    : handleKeyEvent:20
10-24 22:37:01.305  3188  3306 D WindowManager: onGlobalKeyEvent ret = false
10-24 22:37:01.305  3188  3306 D WindowManager: enter interceptKeyBeforeDispatching 3
10-24 22:37:01.310  2717  2907 E hwcomposer: HWComposerDisplayHalMiOsd::hwcMiDisplay: MI_OSD_LayerSetAttr E_MI_OSD_ATTR_TYPE_AUTO_DETECT_BUFFER failed, handle: 0, Error[0x7]: MI_ERR_INVALID_HANDLE !!!, line=[1121].
10-24 22:37:01.443  2717  2907 I chatty  : uid=1000(system) graphic_mi_work identical 8 lines
10-24 22:37:01.459  2717  2907 E hwcomposer: HWComposerDisplayHalMiOsd::hwcMiDisplay: MI_OSD_LayerSetAttr E_MI_OSD_ATTR_TYPE_AUTO_DETECT_BUFFER failed, handle: 0, Error[0x7]: MI_ERR_INVALID_HANDLE !!!, line=[1121].
10-24 22:37:01.462  7101  7123 D bt_btif_config: btif_get_device_type: Device [d8:a3:5c:b0:ee:bf] type 1
10-24 22:37:01.463  7101  7123 W BluetoothRemoteDevices: Skip name update for D8:A3:5C:B0:EE:BF
10-24 22:37:01.464  7101  7123 W BluetoothRemoteDevices: Skip class update for D8:A3:5C:B0:EE:BF
10-24 22:37:01.466  3625  3692 D TV_MtkTvConfig: Enter getConfigValue, inputGroup=-1, cfgId=g_pip_pop__pip_pop_tv_focus_win
10-24 22:37:01.467  3625  3692 D TV_MtkTvConfig: Leave getConfigValue
10-24 22:37:01.467  2806  2806 D MTK_KL  : 4,6252,629153088,+;[GLUE][IR]u8KeyCode: 0x006c , u8KeyState: 0x0
10-24 22:37:01.467  3625  3692 D TV_MtkTvAVModeBase: isFreeze
10-24 22:37:01.467  3625  3692 D MtkTvAvMode_jni: native_isFreeze
10-24 22:37:01.468  3625  3692 D MtkTvAvMode_jni: native_isFreeze, b_freeze = 0 
10-24 22:37:01.469  3188  3306 D WindowManager: enter interceptKeyBeforeDispatching 1
10-24 22:37:01.469  3188  3306 I WindowManager: cvteInterceptKeyBeforeDispatching Go in event =20
10-24 22:37:01.469  3188  3306 D WindowManager: enter cvteInterceptKeyBeforeDispatching onGlobalKeyEvent
10-24 22:37:01.469  3625  3692 D Evan    : onGlobalKeyEvent keycode=20
10-24 22:37:01.470  3625  3692 I tvapi   : [null::eventTvScanAtvIsScanning:22]: eventTvScanAtvIsScanning bScanning=false
10-24 22:37:01.471  3625  3692 I tvapi   : [null::eventTvScanDtmbIsScanning:22]: eventTvScanDtmbIsScanning bScanning=false
10-24 22:37:01.471  2806  2806 D MTK_KL  : 4,6253,629156872,-;led_store 2
10-24 22:37:01.472  3625  3692 D hotkey  : [null::isFragmentShowing:9]: isFragmentShowing fragments=null 
10-24 22:37:01.473  3625  3692 D hotkey  : [null::handleMapKeyEvent:17]: KeyEvent { action=ACTION_DOWN, keyCode=KEYCODE_DPAD_DOWN, scanCode=108, metaState=0, flags=0x8, repeatCount=0, eventTime=629150, downTime=629150, deviceId=2, source=0x301 }
10-24 22:37:01.473  3625  3692 I tvapi   : [null::st:9]: keyevent SIGNAL_LOST resetTimer
10-24 22:37:01.473  3625  3692 D MtkTvInputSource_jni: native_getCurrentInputSourceName
10-24 22:37:01.474  3625  3692 D MtkTvInputSource_jni: native_getCurrentInputSourceName
10-24 22:37:01.475  3625  3692 I tvapi   : [null::getCurrentSourceTypeName:60]: getCurrentSourceTypeName: currentSourceTypeName: ATV
10-24 22:37:01.475  3625  3692 D MtkTvInputSource_jni: native_getCurrentInputSourceName
10-24 22:37:01.476  3625  3692 I tvapi   : [null::getCurrentSourceTypeName:60]: getCurrentSourceTypeName: currentSourceTypeName: ATV
10-24 22:37:01.476  3625  3692 D MtkTvInputSource_jni: native_getCurrentInputSourceName
10-24 22:37:01.476  3625  3692 I tvapi   : [null::getCurrentSourceTypeName:60]: getCurrentSourceTypeName: currentSourceTypeName: ATV
10-24 22:37:01.477  3625  3692 D MtkTvInputSource_jni: native_getCurrentInputSourceName
10-24 22:37:01.477  2717  2907 E hwcomposer: HWComposerDisplayHalMiOsd::hwcMiDisplay: MI_OSD_LayerSetAttr E_MI_OSD_ATTR_TYPE_AUTO_DETECT_BUFFER failed, handle: 0, Error[0x7]: MI_ERR_INVALID_HANDLE !!!, line=[1121].
10-24 22:37:01.477  3625  3692 I tvapi   : [null::getCurrentSourceTypeName:60]: getCurrentSourceTypeName: currentSourceTypeName: ATV
10-24 22:37:01.478  3589  3832 D CLog    : [null:26::a]: time = -1
10-24 22:37:01.478  3589  3832 D CLog    : [null:0::onTvNotify]: notifySystemSignalLostPowerOffTimeRemaining
10-24 22:37:01.478  3589  3832 D CLog    : [null:4::onTvNotify]: notifySystemSignalLostPowerOffTimeRemaining
10-24 22:37:01.480  3589  3832 D Evan    : handleKeyEvent:20
10-24 22:37:01.482  3188  3306 D WindowManager: onGlobalKeyEvent ret = false
10-24 22:37:01.482  3188  3306 D WindowManager: enter interceptKeyBeforeDispatching 3
10-24 22:37:01.489  4044  4044 D CLog    : [MenuInfoFragment.java:195::onChildFocusChanged]: onChildFocusChanged: mLastFocusMenuId=[TV] Samsung LTREF 49 TV(EE:BF)
10-24 22:37:01.493  2717  2907 E hwcomposer: HWComposerDisplayHalMiOsd::hwcMiDisplay: MI_OSD_LayerSetAttr E_MI_OSD_ATTR_TYPE_AUTO_DETECT_BUFFER failed, handle: 0, Error[0x7]: MI_ERR_INVALID_HANDLE !!!, line=[1121].
10-24 22:37:01.499  3383  3841 D BluetoothEventManager: DeviceFoundHandler created new CachedBluetoothDevice: 5C:EA:1D:59:1F:2C
10-24 22:37:01.503  4044  4044 D ReflectMethodUtil: invokeMethodWithoutParam: target=5C:EA:1D:59:1F:2C,methodName=getAliasName,staticMethod=false,needReturnValue=true
10-24 22:37:01.510  4044  4044 W CLog    : [BluetoothDevicesFragment.java:646::onDeviceAdded]: device: BDP-S6700(1F:2C)
10-24 22:37:01.510  4044  4044 D BluetoothEventManager: DeviceFoundHandler created new CachedBluetoothDevice: 5C:EA:1D:59:1F:2C
10-24 22:37:01.510  2717  2907 E hwcomposer: HWComposerDisplayHalMiOsd::hwcMiDisplay: MI_OSD_LayerSetAttr E_MI_OSD_ATTR_TYPE_AUTO_DETECT_BUFFER failed, handle: 0, Error[0x7]: MI_ERR_INVALID_HANDLE !!!, line=[1121].
10-24 22:37:01.510  4044  4044 D CLog    : [BluetoothDevicesFragment.java:97::handleMessage]: msg.what = 2
10-24 22:37:01.510  4044  4044 D CLog    : [BluetoothDevicesFragment.java:97::handleMessage]: msg.what = 5
10-24 22:37:01.526  2717  2907 E hwcomposer: HWComposerDisplayHalMiOsd::hwcMiDisplay: MI_OSD_LayerSetAttr E_MI_OSD_ATTR_TYPE_AUTO_DETECT_BUFFER failed, handle: 0, Error[0x7]: MI_ERR_INVALID_HANDLE !!!, line=[1121].
10-24 22:37:01.540  7101  7123 D bt_btif_config: btif_get_device_type: Device [d8:a3:5c:af:f7:3b] type 1
10-24 22:37:01.541  7101  7123 W BluetoothRemoteDevices: Skip name update for D8:A3:5C:AF:F7:3B
10-24 22:37:01.541  7101  7123 W BluetoothRemoteDevices: Skip class update for D8:A3:5C:AF:F7:3B
10-24 22:37:01.543  2717  2907 E hwcomposer: HWComposerDisplayHalMiOsd::hwcMiDisplay: MI_OSD_LayerSetAttr E_MI_OSD_ATTR_TYPE_AUTO_DETECT_BUFFER failed, handle: 0, Error[0x7]: MI_ERR_INVALID_HANDLE !!!, line=[1121].
10-24 22:37:01.593  2717  2907 I chatty  : uid=1000(system) graphic_mi_work identical 3 lines
10-24 22:37:01.610  2717  2907 E hwcomposer: HWComposerDisplayHalMiOsd::hwcMiDisplay: MI_OSD_LayerSetAttr E_MI_OSD_ATTR_TYPE_AUTO_DETECT_BUFFER failed, handle: 0, Error[0x7]: MI_ERR_INVALID_HANDLE !!!, line=[1121].
10-24 22:37:01.611  4044  4044 D CLog    : [BluetoothDevicesFragment.java:97::handleMessage]: msg.what = 5
10-24 22:37:01.612  4044  4044 W CLog    : [BluetoothDevicesFragment.java:479::loadMenuInfos]: isBluetoothEnable = true
10-24 22:37:01.614  4044  4044 I CLog    : [BluetoothDevicesFragment.java:584::deviceToMenuInfo]: reuse BluetoothMenuInfo for BDP-S6700(EE:52) from cache, MenuItem = com.cvte.settings.fragment.BluetoothDevicesFragment$TextButtonBluetoothDevice@2a9d6ea
10-24 22:37:01.616  4044  4044 I CLog    : [BluetoothDevicesFragment.java:584::deviceToMenuInfo]: reuse BluetoothMenuInfo for WUDONG(6C:20) from cache, MenuItem = com.cvte.settings.fragment.BluetoothDevicesFragment$TextButtonBluetoothDevice@4adeade
10-24 22:37:01.618  4044  4044 I CLog    : [BluetoothDevicesFragment.java:584::deviceToMenuInfo]: reuse BluetoothMenuInfo for 3C:6A:A7:C4:35:14 from cache, MenuItem = com.cvte.settings.fragment.BluetoothDevicesFragment$TextButtonBluetoothDevice@1a1ddf4
10-24 22:37:01.620  3625  3692 D TV_MtkTvConfig: Enter getConfigValue, inputGroup=-1, cfgId=g_pip_pop__pip_pop_tv_focus_win
10-24 22:37:01.620  4044  4044 I CLog    : [BluetoothDevicesFragment.java:584::deviceToMenuInfo]: reuse BluetoothMenuInfo for IT00035378(5D:57) from cache, MenuItem = com.cvte.settings.fragment.BluetoothDevicesFragment$TextButtonBluetoothDevice@785c106
10-24 22:37:01.620  3625  3692 D TV_MtkTvConfig: Leave getConfigValue
10-24 22:37:01.620  3625  3692 D TV_MtkTvAVModeBase: isFreeze
10-24 22:37:01.621  3625  3692 D MtkTvAvMode_jni: native_isFreeze
10-24 22:37:01.621  3625  3692 D MtkTvAvMode_jni: native_isFreeze, b_freeze = 0 
10-24 22:37:01.623  3188  3306 D WindowManager: enter interceptKeyBeforeDispatching 1
10-24 22:37:01.623  3188  3306 I WindowManager: cvteInterceptKeyBeforeDispatching Go in event =20
10-24 22:37:01.623  3188  3306 D WindowManager: enter cvteInterceptKeyBeforeDispatching onGlobalKeyEvent
10-24 22:37:01.623  2806  2806 D MTK_KL  : 4,6254,629306522,c;[GLUE][IR]u8KeyCode: 0x006c , u8KeyState: 0x2
10-24 22:37:01.623  3625  3692 D Evan    : onGlobalKeyEvent keycode=20
10-24 22:37:01.623  4044  4044 I CLog    : [BluetoothDevicesFragment.java:584::deviceToMenuInfo]: reuse BluetoothMenuInfo for [TV] Samsung LTREF 49 TV(EE:BF) from cache, MenuItem = com.cvte.settings.fragment.BluetoothDevicesFragment$TextButtonBluetoothDevice@a1d1a19
10-24 22:37:01.624  3625  3692 I tvapi   : [null::eventTvScanAtvIsScanning:22]: eventTvScanAtvIsScanning bScanning=false
10-24 22:37:01.624  3625  3692 I tvapi   : [null::eventTvScanDtmbIsScanning:22]: eventTvScanDtmbIsScanning bScanning=false
10-24 22:37:01.625  3625  3692 D hotkey  : [null::isFragmentShowing:9]: isFragmentShowing fragments=null 
10-24 22:37:01.625  3625  3692 D hotkey  : [null::handleMapKeyEvent:17]: KeyEvent { action=ACTION_UP, keyCode=KEYCODE_DPAD_DOWN, scanCode=108, metaState=0, flags=0x8, repeatCount=0, eventTime=629304, downTime=629150, deviceId=2, source=0x301 }
10-24 22:37:01.625  3625  3692 I tvapi   : [null::st:9]: keyevent SIGNAL_LOST resetTimer
10-24 22:37:01.625  4044  4044 I CLog    : [BluetoothDevicesFragment.java:584::deviceToMenuInfo]: reuse BluetoothMenuInfo for Mi 11 Ultra(54:D2) from cache, MenuItem = com.cvte.settings.fragment.BluetoothDevicesFragment$TextButtonBluetoothDevice@91e738d
10-24 22:37:01.625  3625  3692 D MtkTvInputSource_jni: native_getCurrentInputSourceName
10-24 22:37:01.626  3625  3692 D MtkTvInputSource_jni: native_getCurrentInputSourceName
10-24 22:37:01.627  2717  2907 E hwcomposer: HWComposerDisplayHalMiOsd::hwcMiDisplay: MI_OSD_LayerSetAttr E_MI_OSD_ATTR_TYPE_AUTO_DETECT_BUFFER failed, handle: 0, Error[0x7]: MI_ERR_INVALID_HANDLE !!!, line=[1121].
10-24 22:37:01.628  4044  4044 I CLog    : [BluetoothDevicesFragment.java:584::deviceToMenuInfo]: reuse BluetoothMenuInfo for D4:9E:3B:C5:52:87 from cache, MenuItem = com.cvte.settings.fragment.BluetoothDevicesFragment$TextButtonBluetoothDevice@b7fbf62
10-24 22:37:01.628  3625  3692 I tvapi   : [null::getCurrentSourceTypeName:60]: getCurrentSourceTypeName: currentSourceTypeName: ATV
10-24 22:37:01.628  3625  3692 D MtkTvInputSource_jni: native_getCurrentInputSourceName
10-24 22:37:01.629  3625  3692 I tvapi   : [null::getCurrentSourceTypeName:60]: getCurrentSourceTypeName: currentSourceTypeName: ATV
10-24 22:37:01.629  3625  3692 D MtkTvInputSource_jni: native_getCurrentInputSourceName
10-24 22:37:01.630  3625  3692 I tvapi   : [null::getCurrentSourceTypeName:60]: getCurrentSourceTypeName: currentSourceTypeName: ATV
10-24 22:37:01.630  3625  3692 D MtkTvInputSource_jni: native_getCurrentInputSourceName
10-24 22:37:01.631  4044  4044 I CLog    : [BluetoothDevicesFragment.java:584::deviceToMenuInfo]: reuse BluetoothMenuInfo for [TV] Samsung LTREF 49 TV(F7:3B) from cache, MenuItem = com.cvte.settings.fragment.BluetoothDevicesFragment$TextButtonBluetoothDevice@518c78e
10-24 22:37:01.631  3625  3692 I tvapi   : [null::getCurrentSourceTypeName:60]: getCurrentSourceTypeName: currentSourceTypeName: ATV
10-24 22:37:01.632  3589  3832 D CLog    : [null:26::a]: time = -1
10-24 22:37:01.632  3589  3832 D CLog    : [null:0::onTvNotify]: notifySystemSignalLostPowerOffTimeRemaining
10-24 22:37:01.632  3589  3832 D CLog    : [null:4::onTvNotify]: notifySystemSignalLostPowerOffTimeRemaining
10-24 22:37:01.633  4044  4044 I CLog    : [BluetoothDevicesFragment.java:584::deviceToMenuInfo]: reuse BluetoothMenuInfo for IT00009071(8D:1F) from cache, MenuItem = com.cvte.settings.fragment.BluetoothDevicesFragment$TextButtonBluetoothDevice@ae20078
10-24 22:37:01.634  3625  3692 I tvapi   : [null::handle:63]: time step = 10121
10-24 22:37:01.635  3589  3832 D CLog    : [null:26::a]: time = -1
10-24 22:37:01.635  3589  3832 D CLog    : [null:0::onTvNotify]: notifySystemNoActionAutoPowerOffTimeRemaining
10-24 22:37:01.635  3589  3832 D CLog    : [null:4::onTvNotify]: notifySystemNoActionAutoPowerOffTimeRemaining
10-24 22:37:01.638  4044  4044 D CLog    : [MenuInfoFragment.java:195::onChildFocusChanged]: onChildFocusChanged: mLastFocusMenuId=BDP-S6700(EE:52)
10-24 22:37:01.639  3589  3832 D Evan    : handleKeyEvent:20
10-24 22:37:01.640  4044  4044 I CLog    : [BluetoothDevicesFragment.java:584::deviceToMenuInfo]: reuse BluetoothMenuInfo for A4:45:19:21:46:41 from cache, MenuItem = com.cvte.settings.fragment.BluetoothDevicesFragment$TextButtonBluetoothDevice@cdc3ed5
10-24 22:37:01.641  3188  3306 D WindowManager: onGlobalKeyEvent ret = false
10-24 22:37:01.641  3188  3306 D WindowManager: enter interceptKeyBeforeDispatching 3
10-24 22:37:01.642  4044  4044 I CLog    : [BluetoothDevicesFragment.java:584::deviceToMenuInfo]: reuse BluetoothMenuInfo for 90:F0:52:71:C8:04 from cache, MenuItem = com.cvte.settings.fragment.BluetoothDevicesFragment$TextButtonBluetoothDevice@b2ce792
10-24 22:37:01.643  4044  4044 I CLog    : [BluetoothDevicesFragment.java:584::deviceToMenuInfo]: reuse BluetoothMenuInfo for F0:79:E8:2E:8F:12 from cache, MenuItem = com.cvte.settings.fragment.BluetoothDevicesFragment$TextButtonBluetoothDevice@56733c7
10-24 22:37:01.644  2717  2907 E hwcomposer: HWComposerDisplayHalMiOsd::hwcMiDisplay: MI_OSD_LayerSetAttr E_MI_OSD_ATTR_TYPE_AUTO_DETECT_BUFFER failed, handle: 0, Error[0x7]: MI_ERR_INVALID_HANDLE !!!, line=[1121].
10-24 22:37:01.645  4044  4044 I CLog    : [BluetoothDevicesFragment.java:584::deviceToMenuInfo]: reuse BluetoothMenuInfo for (6C:02) from cache, MenuItem = com.cvte.settings.fragment.BluetoothDevicesFragment$TextButtonBluetoothDevice@af8e560
10-24 22:37:01.649  4044  4044 D CLog    : [MenuInfoFragment.java:195::onChildFocusChanged]: onChildFocusChanged: mLastFocusMenuId=BDP-S6700(EE:52)
10-24 22:37:01.650  4044  4044 I CLog    : [BluetoothDevicesFragment.java:584::deviceToMenuInfo]: reuse BluetoothMenuInfo for D8:E0:E1:1A:8A:3D from cache, MenuItem = com.cvte.settings.fragment.BluetoothDevicesFragment$TextButtonBluetoothDevice@4c7fddb
10-24 22:37:01.652  4044  4044 I CLog    : [BluetoothDevicesFragment.java:584::deviceToMenuInfo]: reuse BluetoothMenuInfo for BDP-S6700(1F:2C) from cache, MenuItem = com.cvte.settings.fragment.BluetoothDevicesFragment$TextButtonBluetoothDevice@72ac24
10-24 22:37:01.656  4044  4044 D CLog    : [BluetoothDevicesFragment.java:211::isDiscoverying]: isDiscovering() true
10-24 22:37:01.659  4044  4044 W CLog    : [BluetoothRcUtil.java:11::isKnownRemoteControl]: device is BDP-S6700
10-24 22:37:01.659  4044  4044 W CLog    : [PropertiesUtil.java:183::op_bluetooth_remote_controls]: RemoteB017,BT_Smart_RC001
10-24 22:37:01.661  4044  4044 D ReflectMethodUtil: invokeMethodWithoutParam: target=80424,methodName=doesClassMatch,staticMethod=false,needReturnValue=true
10-24 22:37:01.661  4044  4044 D ReflectMethodUtil: invokeMethodWithoutParam: target=80424,methodName=doesClassMatch,staticMethod=false,needReturnValue=true
10-24 22:37:01.662  4044  4044 D CLog    : [BluetoothDevicesFragment.java:742::onViewCreated]: BDP-S6700(EE:52) battery is gone
10-24 22:37:01.665  4044  4044 W CLog    : [BluetoothRcUtil.java:11::isKnownRemoteControl]: device is WUDONG
10-24 22:37:01.665  4044  4044 W CLog    : [PropertiesUtil.java:183::op_bluetooth_remote_controls]: RemoteB017,BT_Smart_RC001
10-24 22:37:01.668  4044  4044 D CLog    : [BluetoothDevicesFragment.java:742::onViewCreated]: WUDONG(6C:20) battery is gone
10-24 22:37:01.670  4044  4044 W CLog    : [BluetoothRcUtil.java:11::isKnownRemoteControl]: device is null
10-24 22:37:01.670  4044  4044 W CLog    : [PropertiesUtil.java:183::op_bluetooth_remote_controls]: RemoteB017,BT_Smart_RC001
10-24 22:37:01.672  4044  4044 D CLog    : [BluetoothDevicesFragment.java:742::onViewCreated]: 3C:6A:A7:C4:35:14 battery is gone
10-24 22:37:01.674  4044  4044 W CLog    : [BluetoothRcUtil.java:11::isKnownRemoteControl]: device is IT00035378
10-24 22:37:01.674  4044  4044 W CLog    : [PropertiesUtil.java:183::op_bluetooth_remote_controls]: RemoteB017,BT_Smart_RC001
10-24 22:37:01.677  4044  4044 D CLog    : [BluetoothDevicesFragment.java:742::onViewCreated]: IT00035378(5D:57) battery is gone
10-24 22:37:01.678  4044  4044 W CLog    : [BluetoothRcUtil.java:11::isKnownRemoteControl]: device is [TV] Samsung LTREF 49 TV
10-24 22:37:01.679  4044  4044 W CLog    : [PropertiesUtil.java:183::op_bluetooth_remote_controls]: RemoteB017,BT_Smart_RC001
10-24 22:37:01.680  4044  4044 D ReflectMethodUtil: invokeMethodWithoutParam: target=c043c,methodName=doesClassMatch,staticMethod=false,needReturnValue=true
10-24 22:37:01.682  4044  4044 D CLog    : [BluetoothDevicesFragment.java:742::onViewCreated]: [TV] Samsung LTREF 49 TV(EE:BF) battery is gone
10-24 22:37:01.684  4044  4044 W CLog    : [BluetoothRcUtil.java:11::isKnownRemoteControl]: device is Mi 11 Ultra
10-24 22:37:01.684  4044  4044 W CLog    : [PropertiesUtil.java:183::op_bluetooth_remote_controls]: RemoteB017,BT_Smart_RC001
10-24 22:37:01.686  4044  4044 D CLog    : [BluetoothDevicesFragment.java:742::onViewCreated]: Mi 11 Ultra(54:D2) battery is gone
10-24 22:37:01.688  4044  4044 W CLog    : [BluetoothRcUtil.java:11::isKnownRemoteControl]: device is null
10-24 22:37:01.688  4044  4044 W CLog    : [PropertiesUtil.java:183::op_bluetooth_remote_controls]: RemoteB017,BT_Smart_RC001
10-24 22:37:01.689  4044  4044 D ReflectMethodUtil: invokeMethodWithoutParam: target=2c043c,methodName=doesClassMatch,staticMethod=false,needReturnValue=true
10-24 22:37:01.690  4044  4044 D CLog    : [BluetoothDevicesFragment.java:742::onViewCreated]: D4:9E:3B:C5:52:87 battery is gone
10-24 22:37:01.692  4044  4044 W CLog    : [BluetoothRcUtil.java:11::isKnownRemoteControl]: device is [TV] Samsung LTREF 49 TV
10-24 22:37:01.693  4044  4044 W CLog    : [PropertiesUtil.java:183::op_bluetooth_remote_controls]: RemoteB017,BT_Smart_RC001
10-24 22:37:01.694  4044  4044 D ReflectMethodUtil: invokeMethodWithoutParam: target=c043c,methodName=doesClassMatch,staticMethod=false,needReturnValue=true
10-24 22:37:01.695  4044  4044 D CLog    : [BluetoothDevicesFragment.java:742::onViewCreated]: [TV] Samsung LTREF 49 TV(F7:3B) battery is gone
10-24 22:37:01.698  4044  4044 W CLog    : [BluetoothRcUtil.java:11::isKnownRemoteControl]: device is IT00009071
10-24 22:37:01.698  4044  4044 W CLog    : [PropertiesUtil.java:183::op_bluetooth_remote_controls]: RemoteB017,BT_Smart_RC001
10-24 22:37:01.701  4044  4044 D CLog    : [BluetoothDevicesFragment.java:742::onViewCreated]: IT00009071(8D:1F) battery is gone
10-24 22:37:01.702  4044  4044 W CLog    : [BluetoothRcUtil.java:11::isKnownRemoteControl]: device is null
10-24 22:37:01.703  4044  4044 W CLog    : [PropertiesUtil.java:183::op_bluetooth_remote_controls]: RemoteB017,BT_Smart_RC001
10-24 22:37:01.704  4044  4044 D CLog    : [BluetoothDevicesFragment.java:742::onViewCreated]: A4:45:19:21:46:41 battery is gone
10-24 22:37:01.706  4044  4044 W CLog    : [BluetoothRcUtil.java:11::isKnownRemoteControl]: device is null
10-24 22:37:01.706  4044  4044 W CLog    : [PropertiesUtil.java:183::op_bluetooth_remote_controls]: RemoteB017,BT_Smart_RC001
10-24 22:37:01.711  4044  4044 D CLog    : [BluetoothDevicesFragment.java:742::onViewCreated]: 90:F0:52:71:C8:04 battery is gone
10-24 22:37:01.713  4044  4044 W CLog    : [BluetoothRcUtil.java:11::isKnownRemoteControl]: device is null
10-24 22:37:01.713  4044  4044 W CLog    : [PropertiesUtil.java:183::op_bluetooth_remote_controls]: RemoteB017,BT_Smart_RC001
10-24 22:37:01.715  4044  4044 D CLog    : [BluetoothDevicesFragment.java:742::onViewCreated]: F0:79:E8:2E:8F:12 battery is gone
10-24 22:37:01.718  4044  4044 W CLog    : [BluetoothRcUtil.java:11::isKnownRemoteControl]: device is 
10-24 22:37:01.718  4044  4044 W CLog    : [PropertiesUtil.java:183::op_bluetooth_remote_controls]: RemoteB017,BT_Smart_RC001
10-24 22:37:01.720  4044  4044 D ReflectMethodUtil: invokeMethodWithoutParam: target=80424,methodName=doesClassMatch,staticMethod=false,needReturnValue=true
10-24 22:37:01.720  4044  4044 D ReflectMethodUtil: invokeMethodWithoutParam: target=80424,methodName=doesClassMatch,staticMethod=false,needReturnValue=true
10-24 22:37:01.720  3383  3841 D BluetoothEventManager: DeviceFoundHandler created new CachedBluetoothDevice: 58:20:59:0F:9F:7E
10-24 22:37:01.721  4044  4044 D CLog    : [BluetoothDevicesFragment.java:742::onViewCreated]: (6C:02) battery is gone
10-24 22:37:01.723  4044  4044 W CLog    : [BluetoothRcUtil.java:11::isKnownRemoteControl]: device is null
10-24 22:37:01.723  4044  4044 W CLog    : [PropertiesUtil.java:183::op_bluetooth_remote_controls]: RemoteB017,BT_Smart_RC001
10-24 22:37:01.724  4044  4044 D ReflectMethodUtil: invokeMethodWithoutParam: target=8043c,methodName=doesClassMatch,staticMethod=false,needReturnValue=true
10-24 22:37:01.725  4044  4044 D ReflectMethodUtil: invokeMethodWithoutParam: target=8043c,methodName=doesClassMatch,staticMethod=false,needReturnValue=true
10-24 22:37:01.726  4044  4044 D CLog    : [BluetoothDevicesFragment.java:742::onViewCreated]: D8:E0:E1:1A:8A:3D battery is gone
10-24 22:37:01.728  4044  4044 W CLog    : [BluetoothRcUtil.java:11::isKnownRemoteControl]: device is BDP-S6700
10-24 22:37:01.728  4044  4044 W CLog    : [PropertiesUtil.java:183::op_bluetooth_remote_controls]: RemoteB017,BT_Smart_RC001
10-24 22:37:01.730  4044  4044 D ReflectMethodUtil: invokeMethodWithoutParam: target=80424,methodName=doesClassMatch,staticMethod=false,needReturnValue=true
10-24 22:37:01.730  4044  4044 D ReflectMethodUtil: invokeMethodWithoutParam: target=80424,methodName=doesClassMatch,staticMethod=false,needReturnValue=true
10-24 22:37:01.732  4044  4044 D CLog    : [BluetoothDevicesFragment.java:742::onViewCreated]: BDP-S6700(1F:2C) battery is gone
10-24 22:37:01.735  4044  4044 D CLog    : [MenuInfoFragment.java:195::onChildFocusChanged]: onChildFocusChanged: mLastFocusMenuId=(6C:02)
10-24 22:37:01.737  4044  4044 D CLog    : [MenuInfoFragment.java:195::onChildFocusChanged]: onChildFocusChanged: mLastFocusMenuId=F0:79:E8:2E:8F:12
10-24 22:37:01.739  4044  4044 D CLog    : [MenuInfoFragment.java:195::onChildFocusChanged]: onChildFocusChanged: mLastFocusMenuId=90:F0:52:71:C8:04
10-24 22:37:01.742  4044  4044 D CLog    : [MenuInfoFragment.java:195::onChildFocusChanged]: onChildFocusChanged: mLastFocusMenuId=A4:45:19:21:46:41
10-24 22:37:01.744  4044  4044 D CLog    : [MenuInfoFragment.java:195::onChildFocusChanged]: onChildFocusChanged: mLastFocusMenuId=IT00009071(8D:1F)
10-24 22:37:01.759  4044  4044 D CLog    : [BluetoothDevicesFragment.java:455::restoreFocus]: lastEnableItem = SwitchBluetoothEnable
10-24 22:37:01.761  4044  4044 D CLog    : [BluetoothDevicesFragment.java:455::restoreFocus]: lastEnableItem = TextButtonBluetoothSearchDevice
10-24 22:37:01.763  4044  4044 D CLog    : [BluetoothDevicesFragment.java:455::restoreFocus]: lastEnableItem = BDP-S6700(EE:52)
10-24 22:37:01.763  7101  7123 D bt_btif_config: btif_get_device_type: Device [d4:9e:3b:c5:52:87] type 1
10-24 22:37:01.765  7101  7123 W BluetoothRemoteDevices: Skip class update for D4:9E:3B:C5:52:87
10-24 22:37:01.767  4044  4044 D CLog    : [BluetoothDevicesFragment.java:455::restoreFocus]: lastEnableItem = WUDONG(6C:20)
10-24 22:37:01.768  4044  4044 D CLog    : [BluetoothDevicesFragment.java:455::restoreFocus]: lastEnableItem = 3C:6A:A7:C4:35:14
10-24 22:37:01.771  4044  4044 D CLog    : [BluetoothDevicesFragment.java:455::restoreFocus]: lastEnableItem = IT00035378(5D:57)
10-24 22:37:01.773  4044  4044 D CLog    : [BluetoothDevicesFragment.java:444::restoreFocus]: find last focus item = [TV] Samsung LTREF 49 TV(EE:BF)
10-24 22:37:01.775  4044  4044 D CLog    : [MenuInfoFragment.java:195::onChildFocusChanged]: onChildFocusChanged: mLastFocusMenuId=[TV] Samsung LTREF 49 TV(EE:BF)
10-24 22:37:01.776  4044  4044 W CLog    : [BluetoothDevicesFragment.java:460::restoreFocus]: finalFocusItem = [TV] Samsung LTREF 49 TV(EE:BF)
10-24 22:37:01.776  4044  4044 E CLog    : [BluetoothDevicesFragment.java:618::reloadDevices]: refresh time : 165ms
10-24 22:37:01.788  4044  4044 D ReflectMethodUtil: invokeMethodWithoutParam: target=58:20:59:0F:9F:7E,methodName=getAliasName,staticMethod=false,needReturnValue=true
10-24 22:37:01.793  4044  4044 W CLog    : [BluetoothDevicesFragment.java:646::onDeviceAdded]: device: 1182158795Redmi Note 7 Pro(9F:7E)
10-24 22:37:01.793  4044  4044 D BluetoothEventManager: DeviceFoundHandler created new CachedBluetoothDevice: 58:20:59:0F:9F:7E
10-24 22:37:01.793  4044  4044 D ReflectMethodUtil: invokeMethodWithoutParam: target=D4:9E:3B:C5:52:87,methodName=getAliasName,staticMethod=false,needReturnValue=true
10-24 22:37:01.796  4044  4044 D CLog    : [BluetoothDevicesFragment.java:97::handleMessage]: msg.what = 2
10-24 22:37:01.796  4044  4044 D CLog    : [BluetoothDevicesFragment.java:97::handleMessage]: msg.what = 5
10-24 22:37:01.809  2717  2907 E hwcomposer: HWComposerDisplayHalMiOsd::hwcMiDisplay: MI_OSD_LayerSetAttr E_MI_OSD_ATTR_TYPE_AUTO_DETECT_BUFFER failed, handle: 0, Error[0x7]: MI_ERR_INVALID_HANDLE !!!, line=[1121].
10-24 22:37:01.876  2717  2907 I chatty  : uid=1000(system) graphic_mi_work identical 4 lines
10-24 22:37:01.892  2717  2907 E hwcomposer: HWComposerDisplayHalMiOsd::hwcMiDisplay: MI_OSD_LayerSetAttr E_MI_OSD_ATTR_TYPE_AUTO_DETECT_BUFFER failed, handle: 0, Error[0x7]: MI_ERR_INVALID_HANDLE !!!, line=[1121].
10-24 22:37:01.897  4044  4044 D CLog    : [BluetoothDevicesFragment.java:97::handleMessage]: msg.what = 5
10-24 22:37:01.898  4044  4044 W CLog    : [BluetoothDevicesFragment.java:479::loadMenuInfos]: isBluetoothEnable = true
10-24 22:37:01.899  4044  4044 I CLog    : [BluetoothDevicesFragment.java:584::deviceToMenuInfo]: reuse BluetoothMenuInfo for BDP-S6700(EE:52) from cache, MenuItem = com.cvte.settings.fragment.BluetoothDevicesFragment$TextButtonBluetoothDevice@72ac24
10-24 22:37:01.901  4044  4044 I CLog    : [BluetoothDevicesFragment.java:584::deviceToMenuInfo]: reuse BluetoothMenuInfo for WUDONG(6C:20) from cache, MenuItem = com.cvte.settings.fragment.BluetoothDevicesFragment$TextButtonBluetoothDevice@4c7fddb
10-24 22:37:01.902  4044  4044 I CLog    : [BluetoothDevicesFragment.java:584::deviceToMenuInfo]: reuse BluetoothMenuInfo for 3C:6A:A7:C4:35:14 from cache, MenuItem = com.cvte.settings.fragment.BluetoothDevicesFragment$TextButtonBluetoothDevice@af8e560
10-24 22:37:01.904  4044  4044 I CLog    : [BluetoothDevicesFragment.java:584::deviceToMenuInfo]: reuse BluetoothMenuInfo for IT00035378(5D:57) from cache, MenuItem = com.cvte.settings.fragment.BluetoothDevicesFragment$TextButtonBluetoothDevice@56733c7
10-24 22:37:01.907  4044  4044 I CLog    : [BluetoothDevicesFragment.java:584::deviceToMenuInfo]: reuse BluetoothMenuInfo for [TV] Samsung LTREF 49 TV(EE:BF) from cache, MenuItem = com.cvte.settings.fragment.BluetoothDevicesFragment$TextButtonBluetoothDevice@b2ce792
10-24 22:37:01.908  4044  4044 I CLog    : [BluetoothDevicesFragment.java:584::deviceToMenuInfo]: reuse BluetoothMenuInfo for Mi 11 Ultra(54:D2) from cache, MenuItem = com.cvte.settings.fragment.BluetoothDevicesFragment$TextButtonBluetoothDevice@cdc3ed5
10-24 22:37:01.909  2717  2907 E hwcomposer: HWComposerDisplayHalMiOsd::hwcMiDisplay: MI_OSD_LayerSetAttr E_MI_OSD_ATTR_TYPE_AUTO_DETECT_BUFFER failed, handle: 0, Error[0x7]: MI_ERR_INVALID_HANDLE !!!, line=[1121].
10-24 22:37:01.910  4044  4044 I CLog    : [BluetoothDevicesFragment.java:584::deviceToMenuInfo]: reuse BluetoothMenuInfo for Smart TV(52:87) from cache, MenuItem = com.cvte.settings.fragment.BluetoothDevicesFragment$TextButtonBluetoothDevice@ae20078
10-24 22:37:01.912  4044  4044 I CLog    : [BluetoothDevicesFragment.java:584::deviceToMenuInfo]: reuse BluetoothMenuInfo for [TV] Samsung LTREF 49 TV(F7:3B) from cache, MenuItem = com.cvte.settings.fragment.BluetoothDevicesFragment$TextButtonBluetoothDevice@518c78e
10-24 22:37:01.914  4044  4044 I CLog    : [BluetoothDevicesFragment.java:584::deviceToMenuInfo]: reuse BluetoothMenuInfo for IT00009071(8D:1F) from cache, MenuItem = com.cvte.settings.fragment.BluetoothDevicesFragment$TextButtonBluetoothDevice@b7fbf62
10-24 22:37:01.915  4044  4044 I CLog    : [BluetoothDevicesFragment.java:584::deviceToMenuInfo]: reuse BluetoothMenuInfo for A4:45:19:21:46:41 from cache, MenuItem = com.cvte.settings.fragment.BluetoothDevicesFragment$TextButtonBluetoothDevice@91e738d
10-24 22:37:01.918  4044  4044 D CLog    : [MenuInfoFragment.java:195::onChildFocusChanged]: onChildFocusChanged: mLastFocusMenuId=BDP-S6700(EE:52)
10-24 22:37:01.920  4044  4044 I CLog    : [BluetoothDevicesFragment.java:584::deviceToMenuInfo]: reuse BluetoothMenuInfo for 90:F0:52:71:C8:04 from cache, MenuItem = com.cvte.settings.fragment.BluetoothDevicesFragment$TextButtonBluetoothDevice@a1d1a19
10-24 22:37:01.922  4044  4044 I CLog    : [BluetoothDevicesFragment.java:584::deviceToMenuInfo]: reuse BluetoothMenuInfo for F0:79:E8:2E:8F:12 from cache, MenuItem = com.cvte.settings.fragment.BluetoothDevicesFragment$TextButtonBluetoothDevice@785c106
10-24 22:37:01.924  4044  4044 I CLog    : [BluetoothDevicesFragment.java:584::deviceToMenuInfo]: reuse BluetoothMenuInfo for (6C:02) from cache, MenuItem = com.cvte.settings.fragment.BluetoothDevicesFragment$TextButtonBluetoothDevice@1a1ddf4
10-24 22:37:01.925  4044  4044 I CLog    : [BluetoothDevicesFragment.java:584::deviceToMenuInfo]: reuse BluetoothMenuInfo for D8:E0:E1:1A:8A:3D from cache, MenuItem = com.cvte.settings.fragment.BluetoothDevicesFragment$TextButtonBluetoothDevice@4adeade
10-24 22:37:01.926  2717  2907 E hwcomposer: HWComposerDisplayHalMiOsd::hwcMiDisplay: MI_OSD_LayerSetAttr E_MI_OSD_ATTR_TYPE_AUTO_DETECT_BUFFER failed, handle: 0, Error[0x7]: MI_ERR_INVALID_HANDLE !!!, line=[1121].
10-24 22:37:01.928  4044  4044 D CLog    : [MenuInfoFragment.java:195::onChildFocusChanged]: onChildFocusChanged: mLastFocusMenuId=BDP-S6700(EE:52)
10-24 22:37:01.929  4044  4044 I CLog    : [BluetoothDevicesFragment.java:584::deviceToMenuInfo]: reuse BluetoothMenuInfo for BDP-S6700(1F:2C) from cache, MenuItem = com.cvte.settings.fragment.BluetoothDevicesFragment$TextButtonBluetoothDevice@2a9d6ea
10-24 22:37:01.931  4044  4044 I CLog    : [BluetoothDevicesFragment.java:584::deviceToMenuInfo]: reuse BluetoothMenuInfo for 1182158795Redmi Note 7 Pro(9F:7E) from cache, MenuItem = com.cvte.settings.fragment.BluetoothDevicesFragment$TextButtonBluetoothDevice@53a5942
10-24 22:37:01.934  4044  4044 D CLog    : [BluetoothDevicesFragment.java:211::isDiscoverying]: isDiscovering() true
10-24 22:37:01.936  4044  4044 W CLog    : [BluetoothRcUtil.java:11::isKnownRemoteControl]: device is BDP-S6700
10-24 22:37:01.937  4044  4044 W CLog    : [PropertiesUtil.java:183::op_bluetooth_remote_controls]: RemoteB017,BT_Smart_RC001
10-24 22:37:01.938  4044  4044 D ReflectMethodUtil: invokeMethodWithoutParam: target=80424,methodName=doesClassMatch,staticMethod=false,needReturnValue=true
10-24 22:37:01.938  4044  4044 D ReflectMethodUtil: invokeMethodWithoutParam: target=80424,methodName=doesClassMatch,staticMethod=false,needReturnValue=true
10-24 22:37:01.940  4044  4044 D CLog    : [BluetoothDevicesFragment.java:742::onViewCreated]: BDP-S6700(EE:52) battery is gone
10-24 22:37:01.942  4044  4044 W CLog    : [BluetoothRcUtil.java:11::isKnownRemoteControl]: device is WUDONG
10-24 22:37:01.942  4044  4044 W CLog    : [PropertiesUtil.java:183::op_bluetooth_remote_controls]: RemoteB017,BT_Smart_RC001
10-24 22:37:01.944  4044  4044 D CLog    : [BluetoothDevicesFragment.java:742::onViewCreated]: WUDONG(6C:20) battery is gone
10-24 22:37:01.946  4044  4044 W CLog    : [BluetoothRcUtil.java:11::isKnownRemoteControl]: device is null
10-24 22:37:01.946  4044  4044 W CLog    : [PropertiesUtil.java:183::op_bluetooth_remote_controls]: RemoteB017,BT_Smart_RC001
10-24 22:37:01.948  4044  4044 D CLog    : [BluetoothDevicesFragment.java:742::onViewCreated]: 3C:6A:A7:C4:35:14 battery is gone
10-24 22:37:01.950  4044  4044 W CLog    : [BluetoothRcUtil.java:11::isKnownRemoteControl]: device is IT00035378
10-24 22:37:01.951  4044  4044 W CLog    : [PropertiesUtil.java:183::op_bluetooth_remote_controls]: RemoteB017,BT_Smart_RC001
10-24 22:37:01.953  4044  4044 D CLog    : [BluetoothDevicesFragment.java:742::onViewCreated]: IT00035378(5D:57) battery is gone
10-24 22:37:01.955  4044  4044 W CLog    : [BluetoothRcUtil.java:11::isKnownRemoteControl]: device is [TV] Samsung LTREF 49 TV
10-24 22:37:01.955  4044  4044 W CLog    : [PropertiesUtil.java:183::op_bluetooth_remote_controls]: RemoteB017,BT_Smart_RC001
10-24 22:37:01.956  4044  4044 D ReflectMethodUtil: invokeMethodWithoutParam: target=c043c,methodName=doesClassMatch,staticMethod=false,needReturnValue=true
10-24 22:37:01.958  4044  4044 D CLog    : [BluetoothDevicesFragment.java:742::onViewCreated]: [TV] Samsung LTREF 49 TV(EE:BF) battery is gone
10-24 22:37:01.960  4044  4044 W CLog    : [BluetoothRcUtil.java:11::isKnownRemoteControl]: device is Mi 11 Ultra
10-24 22:37:01.960  4044  4044 W CLog    : [PropertiesUtil.java:183::op_bluetooth_remote_controls]: RemoteB017,BT_Smart_RC001
10-24 22:37:01.963  4044  4044 D CLog    : [BluetoothDevicesFragment.java:742::onViewCreated]: Mi 11 Ultra(54:D2) battery is gone
10-24 22:37:01.965  4044  4044 W CLog    : [BluetoothRcUtil.java:11::isKnownRemoteControl]: device is Smart TV
10-24 22:37:01.965  4044  4044 W CLog    : [PropertiesUtil.java:183::op_bluetooth_remote_controls]: RemoteB017,BT_Smart_RC001
10-24 22:37:01.966  4044  4044 D ReflectMethodUtil: invokeMethodWithoutParam: target=2c043c,methodName=doesClassMatch,staticMethod=false,needReturnValue=true
10-24 22:37:01.968  4044  4044 D CLog    : [BluetoothDevicesFragment.java:742::onViewCreated]: Smart TV(52:87) battery is gone
10-24 22:37:01.970  4044  4044 W CLog    : [BluetoothRcUtil.java:11::isKnownRemoteControl]: device is [TV] Samsung LTREF 49 TV
10-24 22:37:01.970  4044  4044 W CLog    : [PropertiesUtil.java:183::op_bluetooth_remote_controls]: RemoteB017,BT_Smart_RC001
10-24 22:37:01.971  4044  4044 D ReflectMethodUtil: invokeMethodWithoutParam: target=c043c,methodName=doesClassMatch,staticMethod=false,needReturnValue=true
10-24 22:37:01.973  4044  4044 D CLog    : [BluetoothDevicesFragment.java:742::onViewCreated]: [TV] Samsung LTREF 49 TV(F7:3B) battery is gone
10-24 22:37:01.975  4044  4044 W CLog    : [BluetoothRcUtil.java:11::isKnownRemoteControl]: device is IT00009071
10-24 22:37:01.975  4044  4044 W CLog    : [PropertiesUtil.java:183::op_bluetooth_remote_controls]: RemoteB017,BT_Smart_RC001
10-24 22:37:01.977  4044  4044 D CLog    : [BluetoothDevicesFragment.java:742::onViewCreated]: IT00009071(8D:1F) battery is gone
10-24 22:37:01.979  4044  4044 W CLog    : [BluetoothRcUtil.java:11::isKnownRemoteControl]: device is null
10-24 22:37:01.979  4044  4044 W CLog    : [PropertiesUtil.java:183::op_bluetooth_remote_controls]: RemoteB017,BT_Smart_RC001
10-24 22:37:01.981  4044  4044 D CLog    : [BluetoothDevicesFragment.java:742::onViewCreated]: A4:45:19:21:46:41 battery is gone
10-24 22:37:01.983  4044  4044 W CLog    : [BluetoothRcUtil.java:11::isKnownRemoteControl]: device is null
10-24 22:37:01.983  4044  4044 W CLog    : [PropertiesUtil.java:183::op_bluetooth_remote_controls]: RemoteB017,BT_Smart_RC001
10-24 22:37:01.985  4044  4044 D CLog    : [BluetoothDevicesFragment.java:742::onViewCreated]: 90:F0:52:71:C8:04 battery is gone
10-24 22:37:01.987  4044  4044 W CLog    : [BluetoothRcUtil.java:11::isKnownRemoteControl]: device is null
10-24 22:37:01.987  4044  4044 W CLog    : [PropertiesUtil.java:183::op_bluetooth_remote_controls]: RemoteB017,BT_Smart_RC001
10-24 22:37:01.989  4044  4044 D CLog    : [BluetoothDevicesFragment.java:742::onViewCreated]: F0:79:E8:2E:8F:12 battery is gone
10-24 22:37:01.991  4044  4044 W CLog    : [BluetoothRcUtil.java:11::isKnownRemoteControl]: device is 
10-24 22:37:01.991  4044  4044 W CLog    : [PropertiesUtil.java:183::op_bluetooth_remote_controls]: RemoteB017,BT_Smart_RC001
10-24 22:37:01.992  4044  4044 D ReflectMethodUtil: invokeMethodWithoutParam: target=80424,methodName=doesClassMatch,staticMethod=false,needReturnValue=true
10-24 22:37:01.992  4044  4044 D ReflectMethodUtil: invokeMethodWithoutParam: target=80424,methodName=doesClassMatch,staticMethod=false,needReturnValue=true
10-24 22:37:01.994  4044  4044 D CLog    : [BluetoothDevicesFragment.java:742::onViewCreated]: (6C:02) battery is gone
10-24 22:37:01.995  4044  4044 W CLog    : [BluetoothRcUtil.java:11::isKnownRemoteControl]: device is null
10-24 22:37:01.995  4044  4044 W CLog    : [PropertiesUtil.java:183::op_bluetooth_remote_controls]: RemoteB017,BT_Smart_RC001
10-24 22:37:01.997  4044  4044 D ReflectMethodUtil: invokeMethodWithoutParam: target=8043c,methodName=doesClassMatch,staticMethod=false,needReturnValue=true
10-24 22:37:01.997  4044  4044 D ReflectMethodUtil: invokeMethodWithoutParam: target=8043c,methodName=doesClassMatch,staticMethod=false,needReturnValue=true
10-24 22:37:01.998  4044  4044 D CLog    : [BluetoothDevicesFragment.java:742::onViewCreated]: D8:E0:E1:1A:8A:3D battery is gone
10-24 22:37:02.000  4044  4044 W CLog    : [BluetoothRcUtil.java:11::isKnownRemoteControl]: device is BDP-S6700
10-24 22:37:02.001  4044  4044 W CLog    : [PropertiesUtil.java:183::op_bluetooth_remote_controls]: RemoteB017,BT_Smart_RC001
10-24 22:37:02.002  4044  4044 D ReflectMethodUtil: invokeMethodWithoutParam: target=80424,methodName=doesClassMatch,staticMethod=false,needReturnValue=true
10-24 22:37:02.002  4044  4044 D ReflectMethodUtil: invokeMethodWithoutParam: target=80424,methodName=doesClassMatch,staticMethod=false,needReturnValue=true
10-24 22:37:02.002  7101  7123 D bt_btif_config: btif_get_device_type: Device [a4:45:19:21:46:41] type 1
10-24 22:37:02.003  7101  7123 W BluetoothRemoteDevices: Skip class update for A4:45:19:21:46:41
10-24 22:37:02.004  4044  4044 D CLog    : [BluetoothDevicesFragment.java:742::onViewCreated]: BDP-S6700(1F:2C) battery is gone
10-24 22:37:02.007  4044  4044 W CLog    : [BluetoothRcUtil.java:11::isKnownRemoteControl]: device is 1182158795Redmi Note 7 Pro
10-24 22:37:02.007  4044  4044 W CLog    : [PropertiesUtil.java:183::op_bluetooth_remote_controls]: RemoteB017,BT_Smart_RC001
10-24 22:37:02.011  4044  4044 D CLog    : [BluetoothDevicesFragment.java:742::onViewCreated]: 1182158795Redmi Note 7 Pro(9F:7E) battery is gone
10-24 22:37:02.014  4044  4044 D CLog    : [MenuInfoFragment.java:195::onChildFocusChanged]: onChildFocusChanged: mLastFocusMenuId=D8:E0:E1:1A:8A:3D
10-24 22:37:02.016  4044  4044 D CLog    : [MenuInfoFragment.java:195::onChildFocusChanged]: onChildFocusChanged: mLastFocusMenuId=(6C:02)
10-24 22:37:02.018  4044  4044 D CLog    : [MenuInfoFragment.java:195::onChildFocusChanged]: onChildFocusChanged: mLastFocusMenuId=F0:79:E8:2E:8F:12
10-24 22:37:02.020  4044  4044 D CLog    : [MenuInfoFragment.java:195::onChildFocusChanged]: onChildFocusChanged: mLastFocusMenuId=90:F0:52:71:C8:04
10-24 22:37:02.022  4044  4044 D CLog    : [MenuInfoFragment.java:195::onChildFocusChanged]: onChildFocusChanged: mLastFocusMenuId=A4:45:19:21:46:41
10-24 22:37:02.038  4044  4044 D CLog    : [BluetoothDevicesFragment.java:455::restoreFocus]: lastEnableItem = SwitchBluetoothEnable
10-24 22:37:02.039  4044  4044 D CLog    : [BluetoothDevicesFragment.java:455::restoreFocus]: lastEnableItem = TextButtonBluetoothSearchDevice
10-24 22:37:02.039  7101  7123 D bt_btif_config: btif_get_device_type: Device [d4:d2:52:3b:6c:20] type 1
10-24 22:37:02.040  7101  7123 W BluetoothRemoteDevices: Skip name update for D4:D2:52:3B:6C:20
10-24 22:37:02.040  7101  7123 W BluetoothRemoteDevices: Skip class update for D4:D2:52:3B:6C:20
10-24 22:37:02.041  4044  4044 D CLog    : [BluetoothDevicesFragment.java:455::restoreFocus]: lastEnableItem = BDP-S6700(EE:52)
10-24 22:37:02.044  4044  4044 D CLog    : [BluetoothDevicesFragment.java:455::restoreFocus]: lastEnableItem = WUDONG(6C:20)
10-24 22:37:02.045  4044  4044 D CLog    : [BluetoothDevicesFragment.java:455::restoreFocus]: lastEnableItem = 3C:6A:A7:C4:35:14
10-24 22:37:02.047  4044  4044 D CLog    : [BluetoothDevicesFragment.java:455::restoreFocus]: lastEnableItem = IT00035378(5D:57)
10-24 22:37:02.049  4044  4044 D CLog    : [BluetoothDevicesFragment.java:444::restoreFocus]: find last focus item = [TV] Samsung LTREF 49 TV(EE:BF)
10-24 22:37:02.051  4044  4044 D CLog    : [MenuInfoFragment.java:195::onChildFocusChanged]: onChildFocusChanged: mLastFocusMenuId=[TV] Samsung LTREF 49 TV(EE:BF)
10-24 22:37:02.052  4044  4044 W CLog    : [BluetoothDevicesFragment.java:460::restoreFocus]: finalFocusItem = [TV] Samsung LTREF 49 TV(EE:BF)
10-24 22:37:02.052  4044  4044 E CLog    : [BluetoothDevicesFragment.java:618::reloadDevices]: refresh time : 155ms
10-24 22:37:02.076  2717  2907 E hwcomposer: HWComposerDisplayHalMiOsd::hwcMiDisplay: MI_OSD_LayerSetAttr E_MI_OSD_ATTR_TYPE_AUTO_DETECT_BUFFER failed, handle: 0, Error[0x7]: MI_ERR_INVALID_HANDLE !!!, line=[1121].
10-24 22:37:02.092  2717  2907 I chatty  : uid=1000(system) graphic_mi_work identical 1 line
10-24 22:37:02.109  2717  2907 E hwcomposer: HWComposerDisplayHalMiOsd::hwcMiDisplay: MI_OSD_LayerSetAttr E_MI_OSD_ATTR_TYPE_AUTO_DETECT_BUFFER failed, handle: 0, Error[0x7]: MI_ERR_INVALID_HANDLE !!!, line=[1121].
10-24 22:37:02.118  3625  3692 D TV_MtkTvConfig: Enter getConfigValue, inputGroup=-1, cfgId=g_pip_pop__pip_pop_tv_focus_win
10-24 22:37:02.119  3625  3692 D TV_MtkTvConfig: Leave getConfigValue
10-24 22:37:02.119  3625  3692 D TV_MtkTvAVModeBase: isFreeze
10-24 22:37:02.119  3625  3692 D MtkTvAvMode_jni: native_isFreeze
10-24 22:37:02.119  2806  2806 D MTK_KL  : 4,6255,629804903,+;[GLUE][IR]u8KeyCode: 0x006c , u8KeyState: 0x0
10-24 22:37:02.119  3625  3692 D MtkTvAvMode_jni: native_isFreeze, b_freeze = 0 
10-24 22:37:02.122  3188  3306 D WindowManager: enter interceptKeyBeforeDispatching 1
10-24 22:37:02.122  3188  3306 I WindowManager: cvteInterceptKeyBeforeDispatching Go in event =20
10-24 22:37:02.122  3188  3306 D WindowManager: enter cvteInterceptKeyBeforeDispatching onGlobalKeyEvent
10-24 22:37:02.122  3625  3692 D Evan    : onGlobalKeyEvent keycode=20
10-24 22:37:02.123  2806  2806 D MTK_KL  : 4,6256,629810220,-;led_store 2
10-24 22:37:02.123  3625  3692 I tvapi   : [null::eventTvScanAtvIsScanning:22]: eventTvScanAtvIsScanning bScanning=false
10-24 22:37:02.124  3625  3692 I tvapi   : [null::eventTvScanDtmbIsScanning:22]: eventTvScanDtmbIsScanning bScanning=false
10-24 22:37:02.124  3625  3692 D hotkey  : [null::isFragmentShowing:9]: isFragmentShowing fragments=null 
10-24 22:37:02.125  3625  3692 D hotkey  : [null::handleMapKeyEvent:17]: KeyEvent { action=ACTION_DOWN, keyCode=KEYCODE_DPAD_DOWN, scanCode=108, metaState=0, flags=0x8, repeatCount=0, eventTime=629802, downTime=629802, deviceId=2, source=0x301 }
10-24 22:37:02.125  3625  3692 I tvapi   : [null::st:9]: keyevent SIGNAL_LOST resetTimer
10-24 22:37:02.125  3625  3692 D MtkTvInputSource_jni: native_getCurrentInputSourceName
10-24 22:37:02.126  2717  2907 E hwcomposer: HWComposerDisplayHalMiOsd::hwcMiDisplay: MI_OSD_LayerSetAttr E_MI_OSD_ATTR_TYPE_AUTO_DETECT_BUFFER failed, handle: 0, Error[0x7]: MI_ERR_INVALID_HANDLE !!!, line=[1121].
10-24 22:37:02.126  3625  3692 D MtkTvInputSource_jni: native_getCurrentInputSourceName
10-24 22:37:02.127  3625  3692 I tvapi   : [null::getCurrentSourceTypeName:60]: getCurrentSourceTypeName: currentSourceTypeName: ATV
10-24 22:37:02.127  3625  3692 D MtkTvInputSource_jni: native_getCurrentInputSourceName
10-24 22:37:02.128  3625  3692 I tvapi   : [null::getCurrentSourceTypeName:60]: getCurrentSourceTypeName: currentSourceTypeName: ATV
10-24 22:37:02.128  3625  3692 D MtkTvInputSource_jni: native_getCurrentInputSourceName
10-24 22:37:02.129  3625  3692 I tvapi   : [null::getCurrentSourceTypeName:60]: getCurrentSourceTypeName: currentSourceTypeName: ATV
10-24 22:37:02.129  3625  3692 D MtkTvInputSource_jni: native_getCurrentInputSourceName
10-24 22:37:02.130  3625  3692 I tvapi   : [null::getCurrentSourceTypeName:60]: getCurrentSourceTypeName: currentSourceTypeName: ATV
10-24 22:37:02.131  3589  3832 D CLog    : [null:26::a]: time = -1
10-24 22:37:02.131  3589  3832 D CLog    : [null:0::onTvNotify]: notifySystemSignalLostPowerOffTimeRemaining
10-24 22:37:02.131  3589  3832 D CLog    : [null:4::onTvNotify]: notifySystemSignalLostPowerOffTimeRemaining
10-24 22:37:02.133  3589  3832 D Evan    : handleKeyEvent:20
10-24 22:37:02.134  3188  3306 D WindowManager: onGlobalKeyEvent ret = false
10-24 22:37:02.134  3188  3306 D WindowManager: enter interceptKeyBeforeDispatching 3
